<?xml version="1.0"?>
<link_info>
   <banner>MSP430 Linker PC v16.9.11.LTS</banner>
   <copyright>Copyright (c) 2003-2017 Texas Instruments Incorporated</copyright>
   <link_time>0x5e8b9fcc</link_time>
   <link_errors>0x0</link_errors>
   <output_file>LorisPower.out</output_file>
   <entry_point>
      <name>_c_int00_noargs_noexit</name>
      <address>0x44e4</address>
   </entry_point>
   <input_file_list>
      <input_file id="fl-2">
         <path>.\</path>
         <kind>object</kind>
         <file>ADC.obj</file>
         <name>ADC.obj</name>
      </input_file>
      <input_file id="fl-3">
         <path>.\</path>
         <kind>object</kind>
         <file>CommandTable.obj</file>
         <name>CommandTable.obj</name>
      </input_file>
      <input_file id="fl-4">
         <path>.\</path>
         <kind>object</kind>
         <file>GPIO.obj</file>
         <name>GPIO.obj</name>
      </input_file>
      <input_file id="fl-5">
         <path>.\</path>
         <kind>object</kind>
         <file>HoldingBuffer.obj</file>
         <name>HoldingBuffer.obj</name>
      </input_file>
      <input_file id="fl-6">
         <path>.\</path>
         <kind>object</kind>
         <file>I2C.obj</file>
         <name>I2C.obj</name>
      </input_file>
      <input_file id="fl-7">
         <path>.\</path>
         <kind>object</kind>
         <file>Queue.obj</file>
         <name>Queue.obj</name>
      </input_file>
      <input_file id="fl-8">
         <path>.\</path>
         <kind>object</kind>
         <file>UART.obj</file>
         <name>UART.obj</name>
      </input_file>
      <input_file id="fl-9">
         <path>.\</path>
         <kind>object</kind>
         <file>Utilities.obj</file>
         <name>Utilities.obj</name>
      </input_file>
      <input_file id="fl-a">
         <path>.\</path>
         <kind>object</kind>
         <file>main.obj</file>
         <name>main.obj</name>
      </input_file>
      <input_file id="fl-10">
         <kind>object</kind>
         <file>&lt;internal&gt;</file>
         <name>&lt;internal&gt;</name>
      </input_file>
      <input_file id="fl-2b">
         <path>C:\ti\ccsv7\tools\compiler\ti-cgt-msp430_16.9.11.LTS\lib\</path>
         <kind>archive</kind>
         <file>rts430x_lc_rd_eabi.lib</file>
         <name>boot.obj</name>
      </input_file>
      <input_file id="fl-2c">
         <path>C:\ti\ccsv7\tools\compiler\ti-cgt-msp430_16.9.11.LTS\lib\</path>
         <kind>archive</kind>
         <file>rts430x_lc_rd_eabi.lib</file>
         <name>boot_special.obj</name>
      </input_file>
      <input_file id="fl-2d">
         <path>C:\ti\ccsv7\tools\compiler\ti-cgt-msp430_16.9.11.LTS\lib\</path>
         <kind>archive</kind>
         <file>rts430x_lc_rd_eabi.lib</file>
         <name>copy_decompress_lzss.obj</name>
      </input_file>
      <input_file id="fl-2e">
         <path>C:\ti\ccsv7\tools\compiler\ti-cgt-msp430_16.9.11.LTS\lib\</path>
         <kind>archive</kind>
         <file>rts430x_lc_rd_eabi.lib</file>
         <name>copy_decompress_none.obj</name>
      </input_file>
      <input_file id="fl-2f">
         <path>C:\ti\ccsv7\tools\compiler\ti-cgt-msp430_16.9.11.LTS\lib\</path>
         <kind>archive</kind>
         <file>rts430x_lc_rd_eabi.lib</file>
         <name>copy_zero_init.obj</name>
      </input_file>
      <input_file id="fl-30">
         <path>C:\ti\ccsv7\tools\compiler\ti-cgt-msp430_16.9.11.LTS\lib\</path>
         <kind>archive</kind>
         <file>rts430x_lc_rd_eabi.lib</file>
         <name>divd.obj</name>
      </input_file>
      <input_file id="fl-31">
         <path>C:\ti\ccsv7\tools\compiler\ti-cgt-msp430_16.9.11.LTS\lib\</path>
         <kind>archive</kind>
         <file>rts430x_lc_rd_eabi.lib</file>
         <name>exit.obj</name>
      </input_file>
      <input_file id="fl-32">
         <path>C:\ti\ccsv7\tools\compiler\ti-cgt-msp430_16.9.11.LTS\lib\</path>
         <kind>archive</kind>
         <file>rts430x_lc_rd_eabi.lib</file>
         <name>exit_gvars.obj</name>
      </input_file>
      <input_file id="fl-33">
         <path>C:\ti\ccsv7\tools\compiler\ti-cgt-msp430_16.9.11.LTS\lib\</path>
         <kind>archive</kind>
         <file>rts430x_lc_rd_eabi.lib</file>
         <name>fltud.obj</name>
      </input_file>
      <input_file id="fl-34">
         <path>C:\ti\ccsv7\tools\compiler\ti-cgt-msp430_16.9.11.LTS\lib\</path>
         <kind>archive</kind>
         <file>rts430x_lc_rd_eabi.lib</file>
         <name>fltuld.obj</name>
      </input_file>
      <input_file id="fl-35">
         <path>C:\ti\ccsv7\tools\compiler\ti-cgt-msp430_16.9.11.LTS\lib\</path>
         <kind>archive</kind>
         <file>rts430x_lc_rd_eabi.lib</file>
         <name>frcdivd.obj</name>
      </input_file>
      <input_file id="fl-36">
         <path>C:\ti\ccsv7\tools\compiler\ti-cgt-msp430_16.9.11.LTS\lib\</path>
         <kind>archive</kind>
         <file>rts430x_lc_rd_eabi.lib</file>
         <name>int41.obj</name>
      </input_file>
      <input_file id="fl-37">
         <path>C:\ti\ccsv7\tools\compiler\ti-cgt-msp430_16.9.11.LTS\lib\</path>
         <kind>archive</kind>
         <file>rts430x_lc_rd_eabi.lib</file>
         <name>int43.obj</name>
      </input_file>
      <input_file id="fl-38">
         <path>C:\ti\ccsv7\tools\compiler\ti-cgt-msp430_16.9.11.LTS\lib\</path>
         <kind>archive</kind>
         <file>rts430x_lc_rd_eabi.lib</file>
         <name>int44.obj</name>
      </input_file>
      <input_file id="fl-39">
         <path>C:\ti\ccsv7\tools\compiler\ti-cgt-msp430_16.9.11.LTS\lib\</path>
         <kind>archive</kind>
         <file>rts430x_lc_rd_eabi.lib</file>
         <name>int45.obj</name>
      </input_file>
      <input_file id="fl-3a">
         <path>C:\ti\ccsv7\tools\compiler\ti-cgt-msp430_16.9.11.LTS\lib\</path>
         <kind>archive</kind>
         <file>rts430x_lc_rd_eabi.lib</file>
         <name>int47.obj</name>
      </input_file>
      <input_file id="fl-3b">
         <path>C:\ti\ccsv7\tools\compiler\ti-cgt-msp430_16.9.11.LTS\lib\</path>
         <kind>archive</kind>
         <file>rts430x_lc_rd_eabi.lib</file>
         <name>int48.obj</name>
      </input_file>
      <input_file id="fl-3c">
         <path>C:\ti\ccsv7\tools\compiler\ti-cgt-msp430_16.9.11.LTS\lib\</path>
         <kind>archive</kind>
         <file>rts430x_lc_rd_eabi.lib</file>
         <name>int49.obj</name>
      </input_file>
      <input_file id="fl-3d">
         <path>C:\ti\ccsv7\tools\compiler\ti-cgt-msp430_16.9.11.LTS\lib\</path>
         <kind>archive</kind>
         <file>rts430x_lc_rd_eabi.lib</file>
         <name>int50.obj</name>
      </input_file>
      <input_file id="fl-3e">
         <path>C:\ti\ccsv7\tools\compiler\ti-cgt-msp430_16.9.11.LTS\lib\</path>
         <kind>archive</kind>
         <file>rts430x_lc_rd_eabi.lib</file>
         <name>int51.obj</name>
      </input_file>
      <input_file id="fl-3f">
         <path>C:\ti\ccsv7\tools\compiler\ti-cgt-msp430_16.9.11.LTS\lib\</path>
         <kind>archive</kind>
         <file>rts430x_lc_rd_eabi.lib</file>
         <name>int52.obj</name>
      </input_file>
      <input_file id="fl-40">
         <path>C:\ti\ccsv7\tools\compiler\ti-cgt-msp430_16.9.11.LTS\lib\</path>
         <kind>archive</kind>
         <file>rts430x_lc_rd_eabi.lib</file>
         <name>int53.obj</name>
      </input_file>
      <input_file id="fl-41">
         <path>C:\ti\ccsv7\tools\compiler\ti-cgt-msp430_16.9.11.LTS\lib\</path>
         <kind>archive</kind>
         <file>rts430x_lc_rd_eabi.lib</file>
         <name>int56.obj</name>
      </input_file>
      <input_file id="fl-42">
         <path>C:\ti\ccsv7\tools\compiler\ti-cgt-msp430_16.9.11.LTS\lib\</path>
         <kind>archive</kind>
         <file>rts430x_lc_rd_eabi.lib</file>
         <name>int57.obj</name>
      </input_file>
      <input_file id="fl-43">
         <path>C:\ti\ccsv7\tools\compiler\ti-cgt-msp430_16.9.11.LTS\lib\</path>
         <kind>archive</kind>
         <file>rts430x_lc_rd_eabi.lib</file>
         <name>int58.obj</name>
      </input_file>
      <input_file id="fl-44">
         <path>C:\ti\ccsv7\tools\compiler\ti-cgt-msp430_16.9.11.LTS\lib\</path>
         <kind>archive</kind>
         <file>rts430x_lc_rd_eabi.lib</file>
         <name>int59.obj</name>
      </input_file>
      <input_file id="fl-45">
         <path>C:\ti\ccsv7\tools\compiler\ti-cgt-msp430_16.9.11.LTS\lib\</path>
         <kind>archive</kind>
         <file>rts430x_lc_rd_eabi.lib</file>
         <name>int60.obj</name>
      </input_file>
      <input_file id="fl-46">
         <path>C:\ti\ccsv7\tools\compiler\ti-cgt-msp430_16.9.11.LTS\lib\</path>
         <kind>archive</kind>
         <file>rts430x_lc_rd_eabi.lib</file>
         <name>int61.obj</name>
      </input_file>
      <input_file id="fl-47">
         <path>C:\ti\ccsv7\tools\compiler\ti-cgt-msp430_16.9.11.LTS\lib\</path>
         <kind>archive</kind>
         <file>rts430x_lc_rd_eabi.lib</file>
         <name>int62.obj</name>
      </input_file>
      <input_file id="fl-48">
         <path>C:\ti\ccsv7\tools\compiler\ti-cgt-msp430_16.9.11.LTS\lib\</path>
         <kind>archive</kind>
         <file>rts430x_lc_rd_eabi.lib</file>
         <name>isr_trap.obj</name>
      </input_file>
      <input_file id="fl-49">
         <path>C:\ti\ccsv7\tools\compiler\ti-cgt-msp430_16.9.11.LTS\lib\</path>
         <kind>archive</kind>
         <file>rts430x_lc_rd_eabi.lib</file>
         <name>lsl32.obj</name>
      </input_file>
      <input_file id="fl-4a">
         <path>C:\ti\ccsv7\tools\compiler\ti-cgt-msp430_16.9.11.LTS\lib\</path>
         <kind>archive</kind>
         <file>rts430x_lc_rd_eabi.lib</file>
         <name>lsr32.obj</name>
      </input_file>
      <input_file id="fl-4b">
         <path>C:\ti\ccsv7\tools\compiler\ti-cgt-msp430_16.9.11.LTS\lib\</path>
         <kind>archive</kind>
         <file>rts430x_lc_rd_eabi.lib</file>
         <name>lsr64.obj</name>
      </input_file>
      <input_file id="fl-4c">
         <path>C:\ti\ccsv7\tools\compiler\ti-cgt-msp430_16.9.11.LTS\lib\</path>
         <kind>archive</kind>
         <file>rts430x_lc_rd_eabi.lib</file>
         <name>memcpy.obj</name>
      </input_file>
      <input_file id="fl-4d">
         <path>C:\ti\ccsv7\tools\compiler\ti-cgt-msp430_16.9.11.LTS\lib\</path>
         <kind>archive</kind>
         <file>rts430x_lc_rd_eabi.lib</file>
         <name>mpu_init.obj</name>
      </input_file>
      <input_file id="fl-4e">
         <path>C:\ti\ccsv7\tools\compiler\ti-cgt-msp430_16.9.11.LTS\lib\</path>
         <kind>archive</kind>
         <file>rts430x_lc_rd_eabi.lib</file>
         <name>mpyd.obj</name>
      </input_file>
      <input_file id="fl-4f">
         <path>C:\ti\ccsv7\tools\compiler\ti-cgt-msp430_16.9.11.LTS\lib\</path>
         <kind>archive</kind>
         <file>rts430x_lc_rd_eabi.lib</file>
         <name>mult16.obj</name>
      </input_file>
      <input_file id="fl-50">
         <path>C:\ti\ccsv7\tools\compiler\ti-cgt-msp430_16.9.11.LTS\lib\</path>
         <kind>archive</kind>
         <file>rts430x_lc_rd_eabi.lib</file>
         <name>mult1632_f5hw.obj</name>
      </input_file>
      <input_file id="fl-51">
         <path>C:\ti\ccsv7\tools\compiler\ti-cgt-msp430_16.9.11.LTS\lib\</path>
         <kind>archive</kind>
         <file>rts430x_lc_rd_eabi.lib</file>
         <name>mult16_f5hw.obj</name>
      </input_file>
      <input_file id="fl-52">
         <path>C:\ti\ccsv7\tools\compiler\ti-cgt-msp430_16.9.11.LTS\lib\</path>
         <kind>archive</kind>
         <file>rts430x_lc_rd_eabi.lib</file>
         <name>mult32.obj</name>
      </input_file>
      <input_file id="fl-53">
         <path>C:\ti\ccsv7\tools\compiler\ti-cgt-msp430_16.9.11.LTS\lib\</path>
         <kind>archive</kind>
         <file>rts430x_lc_rd_eabi.lib</file>
         <name>mult3264_f5hw.obj</name>
      </input_file>
      <input_file id="fl-54">
         <path>C:\ti\ccsv7\tools\compiler\ti-cgt-msp430_16.9.11.LTS\lib\</path>
         <kind>archive</kind>
         <file>rts430x_lc_rd_eabi.lib</file>
         <name>mult32_f5hw.obj</name>
      </input_file>
      <input_file id="fl-55">
         <path>C:\ti\ccsv7\tools\compiler\ti-cgt-msp430_16.9.11.LTS\lib\</path>
         <kind>archive</kind>
         <file>rts430x_lc_rd_eabi.lib</file>
         <name>mult64_f5hw.obj</name>
      </input_file>
      <input_file id="fl-56">
         <path>C:\ti\ccsv7\tools\compiler\ti-cgt-msp430_16.9.11.LTS\lib\</path>
         <kind>archive</kind>
         <file>rts430x_lc_rd_eabi.lib</file>
         <name>pre_init.obj</name>
      </input_file>
      <input_file id="fl-57">
         <path>C:\ti\ccsv7\tools\compiler\ti-cgt-msp430_16.9.11.LTS\lib\</path>
         <kind>archive</kind>
         <file>rts430x_lc_rd_eabi.lib</file>
         <name>sprintf.obj</name>
      </input_file>
      <input_file id="fl-58">
         <path>C:\ti\ccsv7\tools\compiler\ti-cgt-msp430_16.9.11.LTS\lib\</path>
         <kind>archive</kind>
         <file>rts430x_lc_rd_eabi.lib</file>
         <name>toupper.obj</name>
      </input_file>
      <input_file id="fl-59">
         <path>C:\ti\ccsv7\tools\compiler\ti-cgt-msp430_16.9.11.LTS\lib\</path>
         <kind>archive</kind>
         <file>rts430x_lc_rd_eabi.lib</file>
         <name>_lock.obj</name>
      </input_file>
      <input_file id="fl-5a">
         <path>C:\ti\ccsv7\tools\compiler\ti-cgt-msp430_16.9.11.LTS\lib\</path>
         <kind>archive</kind>
         <file>rts430x_lc_rd_eabi.lib</file>
         <name>_printfi.obj</name>
      </input_file>
      <input_file id="fl-5b">
         <path>C:\ti\ccsv7\tools\compiler\ti-cgt-msp430_16.9.11.LTS\lib\</path>
         <kind>archive</kind>
         <file>rts430x_lc_rd_eabi.lib</file>
         <name>abs.obj</name>
      </input_file>
      <input_file id="fl-5c">
         <path>C:\ti\ccsv7\tools\compiler\ti-cgt-msp430_16.9.11.LTS\lib\</path>
         <kind>archive</kind>
         <file>rts430x_lc_rd_eabi.lib</file>
         <name>args_main.obj</name>
      </input_file>
      <input_file id="fl-5d">
         <path>C:\ti\ccsv7\tools\compiler\ti-cgt-msp430_16.9.11.LTS\lib\</path>
         <kind>archive</kind>
         <file>rts430x_lc_rd_eabi.lib</file>
         <name>asr32.obj</name>
      </input_file>
      <input_file id="fl-5e">
         <path>C:\ti\ccsv7\tools\compiler\ti-cgt-msp430_16.9.11.LTS\lib\</path>
         <kind>archive</kind>
         <file>rts430x_lc_rd_eabi.lib</file>
         <name>atoi.obj</name>
      </input_file>
      <input_file id="fl-5f">
         <path>C:\ti\ccsv7\tools\compiler\ti-cgt-msp430_16.9.11.LTS\lib\</path>
         <kind>archive</kind>
         <file>rts430x_lc_rd_eabi.lib</file>
         <name>autoinit_wdt.obj</name>
      </input_file>
      <input_file id="fl-60">
         <path>C:\ti\ccsv7\tools\compiler\ti-cgt-msp430_16.9.11.LTS\lib\</path>
         <kind>archive</kind>
         <file>rts430x_lc_rd_eabi.lib</file>
         <name>cmpd.obj</name>
      </input_file>
      <input_file id="fl-61">
         <path>C:\ti\ccsv7\tools\compiler\ti-cgt-msp430_16.9.11.LTS\lib\</path>
         <kind>archive</kind>
         <file>rts430x_lc_rd_eabi.lib</file>
         <name>cpy_tbl.obj</name>
      </input_file>
      <input_file id="fl-62">
         <path>C:\ti\ccsv7\tools\compiler\ti-cgt-msp430_16.9.11.LTS\lib\</path>
         <kind>archive</kind>
         <file>rts430x_lc_rd_eabi.lib</file>
         <name>ctype.obj</name>
      </input_file>
      <input_file id="fl-63">
         <path>C:\ti\ccsv7\tools\compiler\ti-cgt-msp430_16.9.11.LTS\lib\</path>
         <kind>archive</kind>
         <file>rts430x_lc_rd_eabi.lib</file>
         <name>div16u.obj</name>
      </input_file>
      <input_file id="fl-64">
         <path>C:\ti\ccsv7\tools\compiler\ti-cgt-msp430_16.9.11.LTS\lib\</path>
         <kind>archive</kind>
         <file>rts430x_lc_rd_eabi.lib</file>
         <name>div32u.obj</name>
      </input_file>
      <input_file id="fl-65">
         <path>C:\ti\ccsv7\tools\compiler\ti-cgt-msp430_16.9.11.LTS\lib\</path>
         <kind>archive</kind>
         <file>rts430x_lc_rd_eabi.lib</file>
         <name>div64u.obj</name>
      </input_file>
      <input_file id="fl-66">
         <path>C:\ti\ccsv7\tools\compiler\ti-cgt-msp430_16.9.11.LTS\lib\</path>
         <kind>archive</kind>
         <file>rts430x_lc_rd_eabi.lib</file>
         <name>fixdi.obj</name>
      </input_file>
      <input_file id="fl-67">
         <path>C:\ti\ccsv7\tools\compiler\ti-cgt-msp430_16.9.11.LTS\lib\</path>
         <kind>archive</kind>
         <file>rts430x_lc_rd_eabi.lib</file>
         <name>fixdli.obj</name>
      </input_file>
      <input_file id="fl-68">
         <path>C:\ti\ccsv7\tools\compiler\ti-cgt-msp430_16.9.11.LTS\lib\</path>
         <kind>archive</kind>
         <file>rts430x_lc_rd_eabi.lib</file>
         <name>fltid.obj</name>
      </input_file>
      <input_file id="fl-69">
         <path>C:\ti\ccsv7\tools\compiler\ti-cgt-msp430_16.9.11.LTS\lib\</path>
         <kind>archive</kind>
         <file>rts430x_lc_rd_eabi.lib</file>
         <name>fltlid.obj</name>
      </input_file>
      <input_file id="fl-6a">
         <path>C:\ti\ccsv7\tools\compiler\ti-cgt-msp430_16.9.11.LTS\lib\</path>
         <kind>archive</kind>
         <file>rts430x_lc_rd_eabi.lib</file>
         <name>frcmpyd.obj</name>
      </input_file>
      <input_file id="fl-6b">
         <path>C:\ti\ccsv7\tools\compiler\ti-cgt-msp430_16.9.11.LTS\lib\</path>
         <kind>archive</kind>
         <file>rts430x_lc_rd_eabi.lib</file>
         <name>lsl64.obj</name>
      </input_file>
      <input_file id="fl-6c">
         <path>C:\ti\ccsv7\tools\compiler\ti-cgt-msp430_16.9.11.LTS\lib\</path>
         <kind>archive</kind>
         <file>rts430x_lc_rd_eabi.lib</file>
         <name>ltoa.obj</name>
      </input_file>
      <input_file id="fl-6d">
         <path>C:\ti\ccsv7\tools\compiler\ti-cgt-msp430_16.9.11.LTS\lib\</path>
         <kind>archive</kind>
         <file>rts430x_lc_rd_eabi.lib</file>
         <name>memccpy.obj</name>
      </input_file>
      <input_file id="fl-6e">
         <path>C:\ti\ccsv7\tools\compiler\ti-cgt-msp430_16.9.11.LTS\lib\</path>
         <kind>archive</kind>
         <file>rts430x_lc_rd_eabi.lib</file>
         <name>memset.obj</name>
      </input_file>
      <input_file id="fl-6f">
         <path>C:\ti\ccsv7\tools\compiler\ti-cgt-msp430_16.9.11.LTS\lib\</path>
         <kind>archive</kind>
         <file>rts430x_lc_rd_eabi.lib</file>
         <name>negd.obj</name>
      </input_file>
      <input_file id="fl-70">
         <path>C:\ti\ccsv7\tools\compiler\ti-cgt-msp430_16.9.11.LTS\lib\</path>
         <kind>archive</kind>
         <file>rts430x_lc_rd_eabi.lib</file>
         <name>s_frexp.obj</name>
      </input_file>
      <input_file id="fl-71">
         <path>C:\ti\ccsv7\tools\compiler\ti-cgt-msp430_16.9.11.LTS\lib\</path>
         <kind>archive</kind>
         <file>rts430x_lc_rd_eabi.lib</file>
         <name>s_scalbn.obj</name>
      </input_file>
      <input_file id="fl-72">
         <path>C:\ti\ccsv7\tools\compiler\ti-cgt-msp430_16.9.11.LTS\lib\</path>
         <kind>archive</kind>
         <file>rts430x_lc_rd_eabi.lib</file>
         <name>startup.obj</name>
      </input_file>
      <input_file id="fl-73">
         <path>C:\ti\ccsv7\tools\compiler\ti-cgt-msp430_16.9.11.LTS\lib\</path>
         <kind>archive</kind>
         <file>rts430x_lc_rd_eabi.lib</file>
         <name>strchr.obj</name>
      </input_file>
      <input_file id="fl-74">
         <path>C:\ti\ccsv7\tools\compiler\ti-cgt-msp430_16.9.11.LTS\lib\</path>
         <kind>archive</kind>
         <file>rts430x_lc_rd_eabi.lib</file>
         <name>strlen.obj</name>
      </input_file>
      <input_file id="fl-75">
         <path>C:\ti\ccsv7\tools\compiler\ti-cgt-msp430_16.9.11.LTS\lib\</path>
         <kind>archive</kind>
         <file>rts430x_lc_rd_eabi.lib</file>
         <name>subd.obj</name>
      </input_file>
      <input_file id="fl-76">
         <path>C:\ti\ccsv7\tools\compiler\ti-cgt-msp430_16.9.11.LTS\lib\</path>
         <kind>archive</kind>
         <file>rts430x_lc_rd_eabi.lib</file>
         <name>addd.obj</name>
      </input_file>
      <input_file id="fl-77">
         <path>C:\ti\ccsv7\tools\compiler\ti-cgt-msp430_16.9.11.LTS\lib\</path>
         <kind>archive</kind>
         <file>rts430x_lc_rd_eabi.lib</file>
         <name>div32s.obj</name>
      </input_file>
      <input_file id="fl-78">
         <path>C:\ti\ccsv7\tools\compiler\ti-cgt-msp430_16.9.11.LTS\lib\</path>
         <kind>archive</kind>
         <file>rts430x_lc_rd_eabi.lib</file>
         <name>errno.obj</name>
      </input_file>
      <input_file id="fl-79">
         <path>C:\ti\ccsv7\tools\compiler\ti-cgt-msp430_16.9.11.LTS\lib\</path>
         <kind>archive</kind>
         <file>rts430x_lc_rd_eabi.lib</file>
         <name>frcaddd.obj</name>
      </input_file>
      <input_file id="fl-7a">
         <path>C:\ti\ccsv7\tools\compiler\ti-cgt-msp430_16.9.11.LTS\lib\</path>
         <kind>archive</kind>
         <file>rts430x_lc_rd_eabi.lib</file>
         <name>renormd.obj</name>
      </input_file>
      <input_file id="fl-7b">
         <path>C:\ti\ccsv7\tools\compiler\ti-cgt-msp430_16.9.11.LTS\lib\</path>
         <kind>archive</kind>
         <file>rts430x_lc_rd_eabi.lib</file>
         <name>s_copysign.obj</name>
      </input_file>
   </input_file_list>
   <object_component_list>
      <object_component id="oc-46b">
         <name>.bss:results</name>
         <uninitialized>true</uninitialized>
         <run_address>0x2a7e</run_address>
         <size>0x10</size>
         <input_file_ref idref="fl-2"/>
      </object_component>
      <object_component id="oc-554">
         <name>.data:cc_register</name>
         <load_address>0x2a5e</load_address>
         <run_address>0x2a5e</run_address>
         <size>0x4</size>
         <input_file_ref idref="fl-3"/>
      </object_component>
      <object_component id="oc-557">
         <name>.data:cc_value</name>
         <load_address>0x2a62</load_address>
         <run_address>0x2a62</run_address>
         <size>0x4</size>
         <input_file_ref idref="fl-3"/>
      </object_component>
      <object_component id="oc-448">
         <name>.data:faultInt</name>
         <load_address>0x2a66</load_address>
         <run_address>0x2a66</run_address>
         <size>0x4</size>
         <input_file_ref idref="fl-4"/>
      </object_component>
      <object_component id="oc-54c">
         <name>.data:holdingBuffer_UART</name>
         <load_address>0x2a0c</load_address>
         <run_address>0x2a0c</run_address>
         <size>0x52</size>
         <input_file_ref idref="fl-5"/>
      </object_component>
      <object_component id="oc-476">
         <name>.data:inputI2C$1</name>
         <load_address>0x2a6a</load_address>
         <run_address>0x2a6a</run_address>
         <size>0x4</size>
         <input_file_ref idref="fl-6"/>
      </object_component>
      <object_component id="oc-475">
         <name>.data:outputI2C$2</name>
         <load_address>0x2a72</load_address>
         <run_address>0x2a72</run_address>
         <size>0x4</size>
         <input_file_ref idref="fl-6"/>
      </object_component>
      <object_component id="oc-4fa">
         <name>.data:interruptQueues</name>
         <load_address>0x2400</load_address>
         <run_address>0x2400</run_address>
         <size>0x60c</size>
         <input_file_ref idref="fl-7"/>
      </object_component>
      <object_component id="oc-4fd">
         <name>.data</name>
         <load_address>0x2a7a</load_address>
         <run_address>0x2a7a</run_address>
         <size>0x2</size>
         <input_file_ref idref="fl-7"/>
      </object_component>
      <object_component id="oc-461">
         <name>.data:inputUART</name>
         <load_address>0x2a6e</load_address>
         <run_address>0x2a6e</run_address>
         <size>0x4</size>
         <input_file_ref idref="fl-8"/>
      </object_component>
      <object_component id="oc-452">
         <name>.data:outputUART</name>
         <load_address>0x2a76</load_address>
         <run_address>0x2a76</run_address>
         <size>0x4</size>
         <input_file_ref idref="fl-8"/>
      </object_component>
      <object_component id="oc-77f">
         <name>.data</name>
         <load_address>0x2a7c</load_address>
         <run_address>0x2a7c</run_address>
         <size>0x2</size>
         <input_file_ref idref="fl-78"/>
      </object_component>
      <object_component id="oc-3bd">
         <name>.stack</name>
         <uninitialized>true</uninitialized>
         <run_address>0x4360</run_address>
         <size>0x4</size>
         <input_file_ref idref="fl-2b"/>
      </object_component>
      <object_component id="oc-828">
         <name>.stack</name>
         <uninitialized>true</uninitialized>
         <run_address>0x4360</run_address>
         <size>0x0</size>
      </object_component>
      <object_component id="oc-5eb">
         <name>.text:__TI_frcdivd</name>
         <load_address>0x10000</load_address>
         <run_address>0x10000</run_address>
         <size>0x4d8</size>
         <input_file_ref idref="fl-35"/>
      </object_component>
      <object_component id="oc-6c5">
         <name>.text:__mspabi_divull</name>
         <load_address>0x104d8</load_address>
         <run_address>0x104d8</run_address>
         <size>0x34e</size>
         <input_file_ref idref="fl-65"/>
      </object_component>
      <object_component id="oc-773">
         <name>.text:__mspabi_addd</name>
         <load_address>0x10826</load_address>
         <run_address>0x10826</run_address>
         <size>0x2d8</size>
         <input_file_ref idref="fl-76"/>
      </object_component>
      <object_component id="oc-5f8">
         <name>.text:__TI_frcmpyd</name>
         <load_address>0x10afe</load_address>
         <run_address>0x10afe</run_address>
         <size>0x286</size>
         <input_file_ref idref="fl-6a"/>
      </object_component>
      <object_component id="oc-5cf">
         <name>.text:__mspabi_mpyd</name>
         <load_address>0x10d84</load_address>
         <run_address>0x10d84</run_address>
         <size>0x282</size>
         <input_file_ref idref="fl-4e"/>
      </object_component>
      <object_component id="oc-671">
         <name>.text:_pproc_fgea</name>
         <load_address>0x11006</load_address>
         <run_address>0x11006</run_address>
         <size>0x260</size>
         <input_file_ref idref="fl-5a"/>
      </object_component>
      <object_component id="oc-636">
         <name>.text:_setfield</name>
         <load_address>0x11266</load_address>
         <run_address>0x11266</run_address>
         <size>0x25e</size>
         <input_file_ref idref="fl-5a"/>
      </object_component>
      <object_component id="oc-792">
         <name>.text:__TI_frcaddd</name>
         <load_address>0x114c4</load_address>
         <run_address>0x114c4</run_address>
         <size>0x252</size>
         <input_file_ref idref="fl-79"/>
      </object_component>
      <object_component id="oc-60c">
         <name>.text:__TI_printfi</name>
         <load_address>0x11716</load_address>
         <run_address>0x11716</run_address>
         <size>0x238</size>
         <input_file_ref idref="fl-5a"/>
      </object_component>
      <object_component id="oc-709">
         <name>.text:acvt</name>
         <load_address>0x1194e</load_address>
         <run_address>0x1194e</run_address>
         <size>0x224</size>
         <input_file_ref idref="fl-5a"/>
      </object_component>
      <object_component id="oc-5c9">
         <name>.text:__mspabi_divd</name>
         <load_address>0x11b72</load_address>
         <run_address>0x11b72</run_address>
         <size>0x222</size>
         <input_file_ref idref="fl-30"/>
      </object_component>
      <object_component id="oc-6e2">
         <name>.text:ecvt</name>
         <load_address>0x11d94</load_address>
         <run_address>0x11d94</run_address>
         <size>0x210</size>
         <input_file_ref idref="fl-5a"/>
      </object_component>
      <object_component id="oc-6f5">
         <name>.text:fcvt</name>
         <load_address>0x11fa4</load_address>
         <run_address>0x11fa4</run_address>
         <size>0x1fe</size>
         <input_file_ref idref="fl-5a"/>
      </object_component>
      <object_component id="oc-6ab">
         <name>.text:_pconv_e</name>
         <load_address>0x121a2</load_address>
         <run_address>0x121a2</run_address>
         <size>0x1a2</size>
         <input_file_ref idref="fl-5a"/>
      </object_component>
      <object_component id="oc-753">
         <name>.text:scalbn</name>
         <load_address>0x12344</load_address>
         <run_address>0x12344</run_address>
         <size>0x1a0</size>
         <input_file_ref idref="fl-71"/>
      </object_component>
      <object_component id="oc-687">
         <name>.text:_getarg_diouxp</name>
         <load_address>0x124e4</load_address>
         <run_address>0x124e4</run_address>
         <size>0x188</size>
         <input_file_ref idref="fl-5a"/>
      </object_component>
      <object_component id="oc-6b1">
         <name>.text:_pconv_a</name>
         <load_address>0x1266c</load_address>
         <run_address>0x1266c</run_address>
         <size>0x170</size>
         <input_file_ref idref="fl-5a"/>
      </object_component>
      <object_component id="oc-4e7">
         <name>.text:process</name>
         <load_address>0x127dc</load_address>
         <run_address>0x127dc</run_address>
         <size>0x15c</size>
         <input_file_ref idref="fl-3"/>
      </object_component>
      <object_component id="oc-66b">
         <name>.text:_pproc_diouxp</name>
         <load_address>0x12938</load_address>
         <run_address>0x12938</run_address>
         <size>0x148</size>
         <input_file_ref idref="fl-5a"/>
      </object_component>
      <object_component id="oc-68d">
         <name>.text:_ltostr</name>
         <load_address>0x12a80</load_address>
         <run_address>0x12a80</run_address>
         <size>0x128</size>
         <input_file_ref idref="fl-5a"/>
      </object_component>
      <object_component id="oc-41d">
         <name>.text:main</name>
         <load_address>0x12ba8</load_address>
         <run_address>0x12ba8</run_address>
         <size>0x10e</size>
         <input_file_ref idref="fl-a"/>
      </object_component>
      <object_component id="oc-69f">
         <name>.text:_pconv_g</name>
         <load_address>0x12cb6</load_address>
         <run_address>0x12cb6</run_address>
         <size>0xfc</size>
         <input_file_ref idref="fl-5a"/>
      </object_component>
      <object_component id="oc-630">
         <name>.text:_pproc_fwp</name>
         <load_address>0x12db2</load_address>
         <run_address>0x12db2</run_address>
         <size>0xfa</size>
         <input_file_ref idref="fl-5a"/>
      </object_component>
      <object_component id="oc-6b7">
         <name>.text:__mspabi_cmpd</name>
         <load_address>0x12eac</load_address>
         <run_address>0x12eac</run_address>
         <size>0xd8</size>
         <input_file_ref idref="fl-60"/>
      </object_component>
      <object_component id="oc-44b">
         <name>.text:enqueue</name>
         <load_address>0x12f84</load_address>
         <run_address>0x12f84</run_address>
         <size>0xcc</size>
         <input_file_ref idref="fl-7"/>
      </object_component>
      <object_component id="oc-7ab">
         <name>.text:__TI_renormd</name>
         <load_address>0x13050</load_address>
         <run_address>0x13050</run_address>
         <size>0xb2</size>
         <input_file_ref idref="fl-7a"/>
      </object_component>
      <object_component id="oc-703">
         <name>.text:frexp</name>
         <load_address>0x13102</load_address>
         <run_address>0x13102</run_address>
         <size>0xb2</size>
         <input_file_ref idref="fl-70"/>
      </object_component>
      <object_component id="oc-455">
         <name>.text:dequeue</name>
         <load_address>0x131b4</load_address>
         <run_address>0x131b4</run_address>
         <size>0xac</size>
         <input_file_ref idref="fl-7"/>
      </object_component>
      <object_component id="oc-63c">
         <name>.text:_pproc_str</name>
         <load_address>0x13260</load_address>
         <run_address>0x13260</run_address>
         <size>0xa6</size>
         <input_file_ref idref="fl-5a"/>
      </object_component>
      <object_component id="oc-729">
         <name>.text:__mspabi_fltlid</name>
         <load_address>0x13306</load_address>
         <run_address>0x13306</run_address>
         <size>0x9e</size>
         <input_file_ref idref="fl-69"/>
      </object_component>
      <object_component id="oc-6e8">
         <name>.text:_ecpy</name>
         <load_address>0x133a4</load_address>
         <run_address>0x133a4</run_address>
         <size>0x90</size>
         <input_file_ref idref="fl-5a"/>
      </object_component>
      <object_component id="oc-6ee">
         <name>.text:_mcpy</name>
         <load_address>0x13434</load_address>
         <run_address>0x13434</run_address>
         <size>0x90</size>
         <input_file_ref idref="fl-5a"/>
      </object_component>
      <object_component id="oc-403">
         <name>.text:_auto_init_hold_wdt</name>
         <load_address>0x134c4</load_address>
         <run_address>0x134c4</run_address>
         <size>0x82</size>
         <input_file_ref idref="fl-5f"/>
      </object_component>
      <object_component id="oc-508">
         <name>.text:__mspabi_fltuld</name>
         <load_address>0x13546</load_address>
         <run_address>0x13546</run_address>
         <size>0x80</size>
         <input_file_ref idref="fl-34"/>
      </object_component>
      <object_component id="oc-723">
         <name>.text:ltoa</name>
         <load_address>0x135c6</load_address>
         <run_address>0x135c6</run_address>
         <size>0x80</size>
         <input_file_ref idref="fl-6c"/>
      </object_component>
      <object_component id="oc-6a5">
         <name>.text:_pconv_f</name>
         <load_address>0x13646</load_address>
         <run_address>0x13646</run_address>
         <size>0x78</size>
         <input_file_ref idref="fl-5a"/>
      </object_component>
      <object_component id="oc-6d">
         <name>.text:decompress:lzss:__TI_decompress_lzss</name>
         <load_address>0x136be</load_address>
         <run_address>0x136be</run_address>
         <size>0x76</size>
         <input_file_ref idref="fl-2d"/>
      </object_component>
      <object_component id="oc-566">
         <name>.text:returnResult</name>
         <load_address>0x13734</load_address>
         <run_address>0x13734</run_address>
         <size>0x76</size>
         <input_file_ref idref="fl-2"/>
      </object_component>
      <object_component id="oc-73b">
         <name>.text:__mspabi_fixdli</name>
         <load_address>0x137aa</load_address>
         <run_address>0x137aa</run_address>
         <size>0x66</size>
         <input_file_ref idref="fl-67"/>
      </object_component>
      <object_component id="oc-480">
         <name>.text:copy_in</name>
         <load_address>0x13810</load_address>
         <run_address>0x13810</run_address>
         <size>0x64</size>
         <input_file_ref idref="fl-61"/>
      </object_component>
      <object_component id="oc-65d">
         <name>.text:atoi</name>
         <load_address>0x13874</load_address>
         <run_address>0x13874</run_address>
         <size>0x62</size>
         <input_file_ref idref="fl-5e"/>
      </object_component>
      <object_component id="oc-572">
         <name>.text:enterPowerMode</name>
         <load_address>0x138d6</load_address>
         <run_address>0x138d6</run_address>
         <size>0x60</size>
         <input_file_ref idref="fl-4"/>
      </object_component>
      <object_component id="oc-6cb">
         <name>.text</name>
         <load_address>0x13936</load_address>
         <run_address>0x13936</run_address>
         <size>0x58</size>
         <input_file_ref idref="fl-64"/>
      </object_component>
      <object_component id="oc-6fb">
         <name>.text:_fcpy</name>
         <load_address>0x1398e</load_address>
         <run_address>0x1398e</run_address>
         <size>0x4e</size>
         <input_file_ref idref="fl-5a"/>
      </object_component>
      <object_component id="oc-578">
         <name>.text:clearPin</name>
         <load_address>0x139dc</load_address>
         <run_address>0x139dc</run_address>
         <size>0x4a</size>
         <input_file_ref idref="fl-4"/>
      </object_component>
      <object_component id="oc-57e">
         <name>.text:setPin</name>
         <load_address>0x13a26</load_address>
         <run_address>0x13a26</run_address>
         <size>0x4a</size>
         <input_file_ref idref="fl-4"/>
      </object_component>
      <object_component id="oc-5d6">
         <name>.text:sprintf</name>
         <load_address>0x13a70</load_address>
         <run_address>0x13a70</run_address>
         <size>0x44</size>
         <input_file_ref idref="fl-57"/>
      </object_component>
      <object_component id="oc-4c9">
         <name>.text:printString</name>
         <load_address>0x13ab4</load_address>
         <run_address>0x13ab4</run_address>
         <size>0x42</size>
         <input_file_ref idref="fl-8"/>
      </object_component>
      <object_component id="oc-76a">
         <name>.text</name>
         <load_address>0x13af6</load_address>
         <run_address>0x13af6</run_address>
         <size>0x40</size>
         <input_file_ref idref="fl-77"/>
      </object_component>
      <object_component id="oc-61b">
         <name>.text:l_asr_const</name>
         <load_address>0x13b36</load_address>
         <run_address>0x13b36</run_address>
         <size>0x3e</size>
         <input_file_ref idref="fl-5d"/>
      </object_component>
      <object_component id="oc-597">
         <name>.text:l_lsl_const</name>
         <load_address>0x13b74</load_address>
         <run_address>0x13b74</run_address>
         <size>0x3e</size>
         <input_file_ref idref="fl-49"/>
      </object_component>
      <object_component id="oc-59c">
         <name>.text:l_lsr_const</name>
         <load_address>0x13bb2</load_address>
         <run_address>0x13bb2</run_address>
         <size>0x3e</size>
         <input_file_ref idref="fl-4a"/>
      </object_component>
      <object_component id="oc-713">
         <name>.text:__mspabi_sllll</name>
         <load_address>0x13bf0</load_address>
         <run_address>0x13bf0</run_address>
         <size>0x3a</size>
         <input_file_ref idref="fl-6b"/>
      </object_component>
      <object_component id="oc-6d5">
         <name>.text:__mspabi_srlll</name>
         <load_address>0x13c2a</load_address>
         <run_address>0x13c2a</run_address>
         <size>0x3a</size>
         <input_file_ref idref="fl-4b"/>
      </object_component>
      <object_component id="oc-72f">
         <name>.text:__mspabi_subd</name>
         <load_address>0x13c64</load_address>
         <run_address>0x13c64</run_address>
         <size>0x32</size>
         <input_file_ref idref="fl-75"/>
      </object_component>
      <object_component id="oc-4b0">
         <name>.text:init_ADC</name>
         <load_address>0x13c96</load_address>
         <run_address>0x13c96</run_address>
         <size>0x30</size>
         <input_file_ref idref="fl-2"/>
      </object_component>
      <object_component id="oc-699">
         <name>.text:__mspabi_negd</name>
         <load_address>0x13cc6</load_address>
         <run_address>0x13cc6</run_address>
         <size>0x2e</size>
         <input_file_ref idref="fl-6f"/>
      </object_component>
      <object_component id="oc-782">
         <name>.text:copysign</name>
         <load_address>0x13cf4</load_address>
         <run_address>0x13cf4</run_address>
         <size>0x2e</size>
         <input_file_ref idref="fl-7b"/>
      </object_component>
      <object_component id="oc-4b6">
         <name>.text:init_I2C_B0</name>
         <load_address>0x13d22</load_address>
         <run_address>0x13d22</run_address>
         <size>0x2c</size>
         <input_file_ref idref="fl-6"/>
      </object_component>
      <object_component id="oc-4aa">
         <name>.text:init_UART_A1</name>
         <load_address>0x13d4e</load_address>
         <run_address>0x13d4e</run_address>
         <size>0x2c</size>
         <input_file_ref idref="fl-8"/>
      </object_component>
      <object_component id="oc-735">
         <name>.text:__mspabi_fixdi</name>
         <load_address>0x13d7a</load_address>
         <run_address>0x13d7a</run_address>
         <size>0x28</size>
         <input_file_ref idref="fl-66"/>
      </object_component>
      <object_component id="oc-55a">
         <name>.text:Transmit</name>
         <load_address>0x13da2</load_address>
         <run_address>0x13da2</run_address>
         <size>0x24</size>
         <input_file_ref idref="fl-6"/>
      </object_component>
      <object_component id="oc-8f">
         <name>.text:decompress:ZI:__TI_zero_init</name>
         <load_address>0x13dc6</load_address>
         <run_address>0x13dc6</run_address>
         <size>0x24</size>
         <input_file_ref idref="fl-2f"/>
      </object_component>
      <object_component id="oc-616">
         <name>.text</name>
         <load_address>0x13dea</load_address>
         <run_address>0x13dea</run_address>
         <size>0x24</size>
         <input_file_ref idref="fl-54"/>
      </object_component>
      <object_component id="oc-600">
         <name>.text:_outs</name>
         <load_address>0x13e0e</load_address>
         <run_address>0x13e0e</run_address>
         <size>0x20</size>
         <input_file_ref idref="fl-57"/>
      </object_component>
      <object_component id="oc-4d5">
         <name>.text:addToBuffer_UART</name>
         <load_address>0x13e2e</load_address>
         <run_address>0x13e2e</run_address>
         <size>0x20</size>
         <input_file_ref idref="fl-5"/>
      </object_component>
      <object_component id="oc-677">
         <name>.text:memccpy</name>
         <load_address>0x13e4e</load_address>
         <run_address>0x13e4e</run_address>
         <size>0x1e</size>
         <input_file_ref idref="fl-6d"/>
      </object_component>
      <object_component id="oc-56c">
         <name>.text:myAtoi</name>
         <load_address>0x13e6c</load_address>
         <run_address>0x13e6c</run_address>
         <size>0x1e</size>
         <input_file_ref idref="fl-9"/>
      </object_component>
      <object_component id="oc-4c2">
         <name>.text:setInputPins</name>
         <load_address>0x13e8a</load_address>
         <run_address>0x13e8a</run_address>
         <size>0x1e</size>
         <input_file_ref idref="fl-4"/>
      </object_component>
      <object_component id="oc-759">
         <name>.text:strchr</name>
         <load_address>0x13ea8</load_address>
         <run_address>0x13ea8</run_address>
         <size>0x1c</size>
         <input_file_ref idref="fl-73"/>
      </object_component>
      <object_component id="oc-4db">
         <name>.text:removeFromBuffer_UART</name>
         <load_address>0x13ec4</load_address>
         <run_address>0x13ec4</run_address>
         <size>0x1a</size>
         <input_file_ref idref="fl-5"/>
      </object_component>
      <object_component id="oc-4bc">
         <name>.text:setOutputPins</name>
         <load_address>0x13ede</load_address>
         <run_address>0x13ede</run_address>
         <size>0x1a</size>
         <input_file_ref idref="fl-4"/>
      </object_component>
      <object_component id="oc-4f5">
         <name>.text</name>
         <load_address>0x13ef8</load_address>
         <run_address>0x13ef8</run_address>
         <size>0x18</size>
         <input_file_ref idref="fl-51"/>
      </object_component>
      <object_component id="oc-663">
         <name>.text:memset</name>
         <load_address>0x13f10</load_address>
         <run_address>0x13f10</run_address>
         <size>0x16</size>
         <input_file_ref idref="fl-6e"/>
      </object_component>
      <object_component id="oc-6d0">
         <name>.text</name>
         <load_address>0x13f26</load_address>
         <run_address>0x13f26</run_address>
         <size>0x16</size>
         <input_file_ref idref="fl-63"/>
      </object_component>
      <object_component id="oc-560">
         <name>.text:startADC</name>
         <load_address>0x13f3c</load_address>
         <run_address>0x13f3c</run_address>
         <size>0x16</size>
         <input_file_ref idref="fl-2"/>
      </object_component>
      <object_component id="oc-606">
         <name>.text:_outc</name>
         <load_address>0x13f52</load_address>
         <run_address>0x13f52</run_address>
         <size>0x14</size>
         <input_file_ref idref="fl-57"/>
      </object_component>
      <object_component id="oc-3cc">
         <name>.text:memcpy</name>
         <load_address>0x13f66</load_address>
         <run_address>0x13f66</run_address>
         <size>0x14</size>
         <input_file_ref idref="fl-4c"/>
      </object_component>
      <object_component id="oc-73">
         <name>.text:decompress:none:__TI_decompress_none</name>
         <load_address>0x13f7a</load_address>
         <run_address>0x13f7a</run_address>
         <size>0x12</size>
         <input_file_ref idref="fl-2e"/>
      </object_component>
      <object_component id="oc-4cf">
         <name>.text:toupper</name>
         <load_address>0x13f8c</load_address>
         <run_address>0x13f8c</run_address>
         <size>0x12</size>
         <input_file_ref idref="fl-58"/>
      </object_component>
      <object_component id="oc-4e1">
         <name>.text:emptyBuffer_UART</name>
         <load_address>0x13f9e</load_address>
         <run_address>0x13f9e</run_address>
         <size>0x10</size>
         <input_file_ref idref="fl-5"/>
      </object_component>
      <object_component id="oc-7a6">
         <name>.text:l_asr</name>
         <load_address>0x13fae</load_address>
         <run_address>0x13fae</run_address>
         <size>0x10</size>
         <input_file_ref idref="fl-5d"/>
      </object_component>
      <object_component id="oc-7a1">
         <name>.text:l_lsl</name>
         <load_address>0x13fbe</load_address>
         <run_address>0x13fbe</run_address>
         <size>0x10</size>
         <input_file_ref idref="fl-49"/>
      </object_component>
      <object_component id="oc-719">
         <name>.text:l_lsr</name>
         <load_address>0x13fce</load_address>
         <run_address>0x13fce</run_address>
         <size>0x10</size>
         <input_file_ref idref="fl-4a"/>
      </object_component>
      <object_component id="oc-62a">
         <name>.text:strlen</name>
         <load_address>0x13fde</load_address>
         <run_address>0x13fde</run_address>
         <size>0xe</size>
         <input_file_ref idref="fl-74"/>
      </object_component>
      <object_component id="oc-75f">
         <name>.text:__mspabi_fltid</name>
         <load_address>0x13fec</load_address>
         <run_address>0x13fec</run_address>
         <size>0xc</size>
         <input_file_ref idref="fl-68"/>
      </object_component>
      <object_component id="oc-45b">
         <name>.text:force_UART_A1_Output</name>
         <load_address>0x13ff8</load_address>
         <run_address>0x13ff8</run_address>
         <size>0xc</size>
         <input_file_ref idref="fl-8"/>
      </object_component>
      <object_component id="oc-742">
         <name>.text:abs</name>
         <load_address>0x14004</load_address>
         <run_address>0x14004</run_address>
         <size>0xa</size>
         <input_file_ref idref="fl-5b"/>
      </object_component>
      <object_component id="oc-465">
         <name>.text:__mspabi_fltud</name>
         <load_address>0x1400e</load_address>
         <run_address>0x1400e</run_address>
         <size>0x6</size>
         <input_file_ref idref="fl-33"/>
      </object_component>
      <object_component id="oc-425">
         <name>.text:abort</name>
         <load_address>0x14014</load_address>
         <run_address>0x14014</run_address>
         <size>0x6</size>
         <input_file_ref idref="fl-31"/>
      </object_component>
      <object_component id="oc-46f">
         <name>.text:getOutputCountI2C</name>
         <load_address>0x1401a</load_address>
         <run_address>0x1401a</run_address>
         <size>0x6</size>
         <input_file_ref idref="fl-7"/>
      </object_component>
      <object_component id="oc-3fd">
         <name>.text:_system_pre_init</name>
         <load_address>0x14020</load_address>
         <run_address>0x14020</run_address>
         <size>0x4</size>
         <input_file_ref idref="fl-56"/>
      </object_component>
      <object_component id="oc-486">
         <name>.text:_system_post_cinit</name>
         <load_address>0x14024</load_address>
         <run_address>0x14024</run_address>
         <size>0x2</size>
         <input_file_ref idref="fl-72"/>
      </object_component>
      <object_component id="oc-3f0">
         <name>.text:_isr:USCI_B0_ISR</name>
         <load_address>0x4400</load_address>
         <run_address>0x4400</run_address>
         <size>0x66</size>
         <input_file_ref idref="fl-6"/>
      </object_component>
      <object_component id="oc-3ea">
         <name>.text:_isr:ADC12ISR</name>
         <load_address>0x4466</load_address>
         <run_address>0x4466</run_address>
         <size>0x44</size>
         <input_file_ref idref="fl-2"/>
      </object_component>
      <object_component id="oc-3e4">
         <name>.text:_isr:USCI_A1_ISR</name>
         <load_address>0x44aa</load_address>
         <run_address>0x44aa</run_address>
         <size>0x3a</size>
         <input_file_ref idref="fl-8"/>
      </object_component>
      <object_component id="oc-ad">
         <name>.text:_isr:_c_int00_noargs_noexit</name>
         <load_address>0x44e4</load_address>
         <run_address>0x44e4</run_address>
         <size>0x1a</size>
         <input_file_ref idref="fl-2c"/>
      </object_component>
      <object_component id="oc-3de">
         <name>.text:_isr:Port_2</name>
         <load_address>0x44fe</load_address>
         <run_address>0x44fe</run_address>
         <size>0x14</size>
         <input_file_ref idref="fl-4"/>
      </object_component>
      <object_component id="oc-3d9">
         <name>.text:_isr:__TI_ISR_TRAP</name>
         <load_address>0x4512</load_address>
         <run_address>0x4512</run_address>
         <size>0x8</size>
         <input_file_ref idref="fl-48"/>
      </object_component>
      <object_component id="oc-827">
         <name>.cinit..data.load</name>
         <load_address>0x4890</load_address>
         <run_address>0x4890</run_address>
         <size>0x14</size>
      </object_component>
      <object_component id="oc-824">
         <name>__TI_handler_table</name>
         <load_address>0x48a4</load_address>
         <run_address>0x48a4</run_address>
         <size>0xc</size>
      </object_component>
      <object_component id="oc-826">
         <name>.cinit..bss.load</name>
         <load_address>0x48b0</load_address>
         <run_address>0x48b0</run_address>
         <size>0x6</size>
      </object_component>
      <object_component id="oc-825">
         <name>__TI_cinit_table</name>
         <load_address>0x48b6</load_address>
         <run_address>0x48b6</run_address>
         <size>0x10</size>
      </object_component>
      <object_component id="oc-4c8">
         <name>.const:.string</name>
         <load_address>0x451a</load_address>
         <run_address>0x451a</run_address>
         <size>0x184</size>
         <input_file_ref idref="fl-a"/>
      </object_component>
      <object_component id="oc-547">
         <name>.const:.string:_ctypes_</name>
         <load_address>0x469e</load_address>
         <run_address>0x469e</run_address>
         <size>0x101</size>
         <input_file_ref idref="fl-62"/>
      </object_component>
      <object_component id="oc-553">
         <name>.const:.string</name>
         <load_address>0x47a0</load_address>
         <run_address>0x47a0</run_address>
         <size>0x8c</size>
         <input_file_ref idref="fl-3"/>
      </object_component>
      <object_component id="oc-5df">
         <name>.const:.string</name>
         <load_address>0x482c</load_address>
         <run_address>0x482c</run_address>
         <size>0x34</size>
         <input_file_ref idref="fl-4"/>
      </object_component>
      <object_component id="oc-66a">
         <name>.const:.string</name>
         <load_address>0x4860</load_address>
         <run_address>0x4860</run_address>
         <size>0x26</size>
         <input_file_ref idref="fl-5a"/>
      </object_component>
      <object_component id="oc-5d5">
         <name>.const:.string</name>
         <load_address>0x4886</load_address>
         <run_address>0x4886</run_address>
         <size>0x6</size>
         <input_file_ref idref="fl-2"/>
      </object_component>
      <object_component id="oc-4a7">
         <name>.const:$P$T0$1</name>
         <load_address>0x488c</load_address>
         <run_address>0x488c</run_address>
         <size>0x4</size>
         <input_file_ref idref="fl-a"/>
      </object_component>
      <object_component id="oc-7be">
         <name>.binit</name>
         <load_address>0x4400</load_address>
         <run_address>0x4400</run_address>
         <size>0x0</size>
      </object_component>
      <object_component id="oc-79">
         <name>.int41</name>
         <load_address>0xffd2</load_address>
         <run_address>0xffd2</run_address>
         <size>0x2</size>
         <input_file_ref idref="fl-36"/>
      </object_component>
      <object_component id="oc-7a">
         <name>.int42</name>
         <load_address>0xffd4</load_address>
         <run_address>0xffd4</run_address>
         <size>0x2</size>
         <input_file_ref idref="fl-4"/>
      </object_component>
      <object_component id="oc-7b">
         <name>.int43</name>
         <load_address>0xffd6</load_address>
         <run_address>0xffd6</run_address>
         <size>0x2</size>
         <input_file_ref idref="fl-37"/>
      </object_component>
      <object_component id="oc-7c">
         <name>.int44</name>
         <load_address>0xffd8</load_address>
         <run_address>0xffd8</run_address>
         <size>0x2</size>
         <input_file_ref idref="fl-38"/>
      </object_component>
      <object_component id="oc-7d">
         <name>.int45</name>
         <load_address>0xffda</load_address>
         <run_address>0xffda</run_address>
         <size>0x2</size>
         <input_file_ref idref="fl-39"/>
      </object_component>
      <object_component id="oc-7e">
         <name>.int46</name>
         <load_address>0xffdc</load_address>
         <run_address>0xffdc</run_address>
         <size>0x2</size>
         <input_file_ref idref="fl-8"/>
      </object_component>
      <object_component id="oc-7f">
         <name>.int47</name>
         <load_address>0xffde</load_address>
         <run_address>0xffde</run_address>
         <size>0x2</size>
         <input_file_ref idref="fl-3a"/>
      </object_component>
      <object_component id="oc-80">
         <name>.int48</name>
         <load_address>0xffe0</load_address>
         <run_address>0xffe0</run_address>
         <size>0x2</size>
         <input_file_ref idref="fl-3b"/>
      </object_component>
      <object_component id="oc-81">
         <name>.int49</name>
         <load_address>0xffe2</load_address>
         <run_address>0xffe2</run_address>
         <size>0x2</size>
         <input_file_ref idref="fl-3c"/>
      </object_component>
      <object_component id="oc-82">
         <name>.int50</name>
         <load_address>0xffe4</load_address>
         <run_address>0xffe4</run_address>
         <size>0x2</size>
         <input_file_ref idref="fl-3d"/>
      </object_component>
      <object_component id="oc-83">
         <name>.int51</name>
         <load_address>0xffe6</load_address>
         <run_address>0xffe6</run_address>
         <size>0x2</size>
         <input_file_ref idref="fl-3e"/>
      </object_component>
      <object_component id="oc-84">
         <name>.int52</name>
         <load_address>0xffe8</load_address>
         <run_address>0xffe8</run_address>
         <size>0x2</size>
         <input_file_ref idref="fl-3f"/>
      </object_component>
      <object_component id="oc-85">
         <name>.int53</name>
         <load_address>0xffea</load_address>
         <run_address>0xffea</run_address>
         <size>0x2</size>
         <input_file_ref idref="fl-40"/>
      </object_component>
      <object_component id="oc-86">
         <name>.int54</name>
         <load_address>0xffec</load_address>
         <run_address>0xffec</run_address>
         <size>0x2</size>
         <input_file_ref idref="fl-2"/>
      </object_component>
      <object_component id="oc-87">
         <name>.int55</name>
         <load_address>0xffee</load_address>
         <run_address>0xffee</run_address>
         <size>0x2</size>
         <input_file_ref idref="fl-6"/>
      </object_component>
      <object_component id="oc-88">
         <name>.int56</name>
         <load_address>0xfff0</load_address>
         <run_address>0xfff0</run_address>
         <size>0x2</size>
         <input_file_ref idref="fl-41"/>
      </object_component>
      <object_component id="oc-89">
         <name>.int57</name>
         <load_address>0xfff2</load_address>
         <run_address>0xfff2</run_address>
         <size>0x2</size>
         <input_file_ref idref="fl-42"/>
      </object_component>
      <object_component id="oc-8a">
         <name>.int58</name>
         <load_address>0xfff4</load_address>
         <run_address>0xfff4</run_address>
         <size>0x2</size>
         <input_file_ref idref="fl-43"/>
      </object_component>
      <object_component id="oc-8b">
         <name>.int59</name>
         <load_address>0xfff6</load_address>
         <run_address>0xfff6</run_address>
         <size>0x2</size>
         <input_file_ref idref="fl-44"/>
      </object_component>
      <object_component id="oc-8c">
         <name>.int60</name>
         <load_address>0xfff8</load_address>
         <run_address>0xfff8</run_address>
         <size>0x2</size>
         <input_file_ref idref="fl-45"/>
      </object_component>
      <object_component id="oc-8d">
         <name>.int61</name>
         <load_address>0xfffa</load_address>
         <run_address>0xfffa</run_address>
         <size>0x2</size>
         <input_file_ref idref="fl-46"/>
      </object_component>
      <object_component id="oc-8e">
         <name>.int62</name>
         <load_address>0xfffc</load_address>
         <run_address>0xfffc</run_address>
         <size>0x2</size>
         <input_file_ref idref="fl-47"/>
      </object_component>
      <object_component id="oc-3c0">
         <name>.reset</name>
         <load_address>0xfffe</load_address>
         <run_address>0xfffe</run_address>
         <size>0x2</size>
         <input_file_ref idref="fl-2b"/>
      </object_component>
      <object_component id="oc-511">
         <name>.debug_info</name>
         <load_address>0x0</load_address>
         <run_address>0x0</run_address>
         <size>0x334</size>
         <input_file_ref idref="fl-2"/>
      </object_component>
      <object_component id="oc-46c">
         <name>.debug_info</name>
         <load_address>0x334</load_address>
         <run_address>0x334</run_address>
         <size>0xbf</size>
         <input_file_ref idref="fl-2"/>
      </object_component>
      <object_component id="oc-4b1">
         <name>.debug_info</name>
         <load_address>0x3f3</load_address>
         <run_address>0x3f3</run_address>
         <size>0xea</size>
         <input_file_ref idref="fl-2"/>
      </object_component>
      <object_component id="oc-561">
         <name>.debug_info</name>
         <load_address>0x4dd</load_address>
         <run_address>0x4dd</run_address>
         <size>0xea</size>
         <input_file_ref idref="fl-2"/>
      </object_component>
      <object_component id="oc-569">
         <name>.debug_info</name>
         <load_address>0x5c7</load_address>
         <run_address>0x5c7</run_address>
         <size>0x1be</size>
         <input_file_ref idref="fl-2"/>
      </object_component>
      <object_component id="oc-3eb">
         <name>.debug_info</name>
         <load_address>0x785</load_address>
         <run_address>0x785</run_address>
         <size>0x115</size>
         <input_file_ref idref="fl-2"/>
      </object_component>
      <object_component id="oc-3c7">
         <name>.debug_info</name>
         <load_address>0x89a</load_address>
         <run_address>0x89a</run_address>
         <size>0x84</size>
         <input_file_ref idref="fl-2"/>
      </object_component>
      <object_component id="oc-644">
         <name>.debug_info</name>
         <load_address>0x91e</load_address>
         <run_address>0x91e</run_address>
         <size>0x2c</size>
         <input_file_ref idref="fl-2"/>
      </object_component>
      <object_component id="oc-585">
         <name>.debug_info</name>
         <load_address>0x94a</load_address>
         <run_address>0x94a</run_address>
         <size>0x294</size>
         <input_file_ref idref="fl-3"/>
      </object_component>
      <object_component id="oc-555">
         <name>.debug_info</name>
         <load_address>0xbde</load_address>
         <run_address>0xbde</run_address>
         <size>0xd0</size>
         <input_file_ref idref="fl-3"/>
      </object_component>
      <object_component id="oc-558">
         <name>.debug_info</name>
         <load_address>0xcae</load_address>
         <run_address>0xcae</run_address>
         <size>0xca</size>
         <input_file_ref idref="fl-3"/>
      </object_component>
      <object_component id="oc-4e8">
         <name>.debug_info</name>
         <load_address>0xd78</load_address>
         <run_address>0xd78</run_address>
         <size>0x3bd</size>
         <input_file_ref idref="fl-3"/>
      </object_component>
      <object_component id="oc-43b">
         <name>.debug_info</name>
         <load_address>0x1135</load_address>
         <run_address>0x1135</run_address>
         <size>0x2c</size>
         <input_file_ref idref="fl-3"/>
      </object_component>
      <object_component id="oc-586">
         <name>.debug_info</name>
         <load_address>0x1161</load_address>
         <run_address>0x1161</run_address>
         <size>0xa9</size>
         <input_file_ref idref="fl-3"/>
      </object_component>
      <object_component id="oc-478">
         <name>.debug_info</name>
         <load_address>0x120a</load_address>
         <run_address>0x120a</run_address>
         <size>0x8b</size>
         <input_file_ref idref="fl-3"/>
      </object_component>
      <object_component id="oc-592">
         <name>.debug_info</name>
         <load_address>0x1295</load_address>
         <run_address>0x1295</run_address>
         <size>0xa2</size>
         <input_file_ref idref="fl-3"/>
      </object_component>
      <object_component id="oc-449">
         <name>.debug_info</name>
         <load_address>0x1337</load_address>
         <run_address>0x1337</run_address>
         <size>0xc2</size>
         <input_file_ref idref="fl-4"/>
      </object_component>
      <object_component id="oc-4bd">
         <name>.debug_info</name>
         <load_address>0x13f9</load_address>
         <run_address>0x13f9</run_address>
         <size>0xf7</size>
         <input_file_ref idref="fl-4"/>
      </object_component>
      <object_component id="oc-4c3">
         <name>.debug_info</name>
         <load_address>0x14f0</load_address>
         <run_address>0x14f0</run_address>
         <size>0xf5</size>
         <input_file_ref idref="fl-4"/>
      </object_component>
      <object_component id="oc-57f">
         <name>.debug_info</name>
         <load_address>0x15e5</load_address>
         <run_address>0x15e5</run_address>
         <size>0x140</size>
         <input_file_ref idref="fl-4"/>
      </object_component>
      <object_component id="oc-579">
         <name>.debug_info</name>
         <load_address>0x1725</load_address>
         <run_address>0x1725</run_address>
         <size>0x144</size>
         <input_file_ref idref="fl-4"/>
      </object_component>
      <object_component id="oc-573">
         <name>.debug_info</name>
         <load_address>0x1869</load_address>
         <run_address>0x1869</run_address>
         <size>0x140</size>
         <input_file_ref idref="fl-4"/>
      </object_component>
      <object_component id="oc-3df">
         <name>.debug_info</name>
         <load_address>0x19a9</load_address>
         <run_address>0x19a9</run_address>
         <size>0xf8</size>
         <input_file_ref idref="fl-4"/>
      </object_component>
      <object_component id="oc-552">
         <name>.debug_info</name>
         <load_address>0x1aa1</load_address>
         <run_address>0x1aa1</run_address>
         <size>0x131</size>
         <input_file_ref idref="fl-5"/>
      </object_component>
      <object_component id="oc-54d">
         <name>.debug_info</name>
         <load_address>0x1bd2</load_address>
         <run_address>0x1bd2</run_address>
         <size>0xdf</size>
         <input_file_ref idref="fl-5"/>
      </object_component>
      <object_component id="oc-4d6">
         <name>.debug_info</name>
         <load_address>0x1cb1</load_address>
         <run_address>0x1cb1</run_address>
         <size>0x132</size>
         <input_file_ref idref="fl-5"/>
      </object_component>
      <object_component id="oc-4dc">
         <name>.debug_info</name>
         <load_address>0x1de3</load_address>
         <run_address>0x1de3</run_address>
         <size>0x126</size>
         <input_file_ref idref="fl-5"/>
      </object_component>
      <object_component id="oc-4e2">
         <name>.debug_info</name>
         <load_address>0x1f09</load_address>
         <run_address>0x1f09</run_address>
         <size>0x133</size>
         <input_file_ref idref="fl-5"/>
      </object_component>
      <object_component id="oc-5bc">
         <name>.debug_info</name>
         <load_address>0x203c</load_address>
         <run_address>0x203c</run_address>
         <size>0x62</size>
         <input_file_ref idref="fl-5"/>
      </object_component>
      <object_component id="oc-4b7">
         <name>.debug_info</name>
         <load_address>0x209e</load_address>
         <run_address>0x209e</run_address>
         <size>0xf0</size>
         <input_file_ref idref="fl-6"/>
      </object_component>
      <object_component id="oc-55b">
         <name>.debug_info</name>
         <load_address>0x218e</load_address>
         <run_address>0x218e</run_address>
         <size>0xf5</size>
         <input_file_ref idref="fl-6"/>
      </object_component>
      <object_component id="oc-3f1">
         <name>.debug_info</name>
         <load_address>0x2283</load_address>
         <run_address>0x2283</run_address>
         <size>0x170</size>
         <input_file_ref idref="fl-6"/>
      </object_component>
      <object_component id="oc-501">
         <name>.debug_info</name>
         <load_address>0x23f3</load_address>
         <run_address>0x23f3</run_address>
         <size>0x181</size>
         <input_file_ref idref="fl-7"/>
      </object_component>
      <object_component id="oc-4fb">
         <name>.debug_info</name>
         <load_address>0x2574</load_address>
         <run_address>0x2574</run_address>
         <size>0xd1</size>
         <input_file_ref idref="fl-7"/>
      </object_component>
      <object_component id="oc-4fe">
         <name>.debug_info</name>
         <load_address>0x2645</load_address>
         <run_address>0x2645</run_address>
         <size>0xcf</size>
         <input_file_ref idref="fl-7"/>
      </object_component>
      <object_component id="oc-470">
         <name>.debug_info</name>
         <load_address>0x2714</load_address>
         <run_address>0x2714</run_address>
         <size>0x106</size>
         <input_file_ref idref="fl-7"/>
      </object_component>
      <object_component id="oc-44c">
         <name>.debug_info</name>
         <load_address>0x281a</load_address>
         <run_address>0x281a</run_address>
         <size>0x238</size>
         <input_file_ref idref="fl-7"/>
      </object_component>
      <object_component id="oc-456">
         <name>.debug_info</name>
         <load_address>0x2a52</load_address>
         <run_address>0x2a52</run_address>
         <size>0x1e2</size>
         <input_file_ref idref="fl-7"/>
      </object_component>
      <object_component id="oc-546">
         <name>.debug_info</name>
         <load_address>0x2c34</load_address>
         <run_address>0x2c34</run_address>
         <size>0x30e</size>
         <input_file_ref idref="fl-8"/>
      </object_component>
      <object_component id="oc-462">
         <name>.debug_info</name>
         <load_address>0x2f42</load_address>
         <run_address>0x2f42</run_address>
         <size>0xc4</size>
         <input_file_ref idref="fl-8"/>
      </object_component>
      <object_component id="oc-453">
         <name>.debug_info</name>
         <load_address>0x3006</load_address>
         <run_address>0x3006</run_address>
         <size>0xc6</size>
         <input_file_ref idref="fl-8"/>
      </object_component>
      <object_component id="oc-4ae">
         <name>.debug_info</name>
         <load_address>0x30cc</load_address>
         <run_address>0x30cc</run_address>
         <size>0xf5</size>
         <input_file_ref idref="fl-8"/>
      </object_component>
      <object_component id="oc-45e">
         <name>.debug_info</name>
         <load_address>0x31c1</load_address>
         <run_address>0x31c1</run_address>
         <size>0x127</size>
         <input_file_ref idref="fl-8"/>
      </object_component>
      <object_component id="oc-4cc">
         <name>.debug_info</name>
         <load_address>0x32e8</load_address>
         <run_address>0x32e8</run_address>
         <size>0x13f</size>
         <input_file_ref idref="fl-8"/>
      </object_component>
      <object_component id="oc-3e7">
         <name>.debug_info</name>
         <load_address>0x3427</load_address>
         <run_address>0x3427</run_address>
         <size>0x12b</size>
         <input_file_ref idref="fl-8"/>
      </object_component>
      <object_component id="oc-5de">
         <name>.debug_info</name>
         <load_address>0x3552</load_address>
         <run_address>0x3552</run_address>
         <size>0x11f</size>
         <input_file_ref idref="fl-9"/>
      </object_component>
      <object_component id="oc-56e">
         <name>.debug_info</name>
         <load_address>0x3671</load_address>
         <run_address>0x3671</run_address>
         <size>0x14b</size>
         <input_file_ref idref="fl-9"/>
      </object_component>
      <object_component id="oc-53f">
         <name>.debug_info</name>
         <load_address>0x37bc</load_address>
         <run_address>0x37bc</run_address>
         <size>0x39e</size>
         <input_file_ref idref="fl-a"/>
      </object_component>
      <object_component id="oc-4a8">
         <name>.debug_info</name>
         <load_address>0x3b5a</load_address>
         <run_address>0x3b5a</run_address>
         <size>0xc0</size>
         <input_file_ref idref="fl-a"/>
      </object_component>
      <object_component id="oc-420">
         <name>.debug_info</name>
         <load_address>0x3c1a</load_address>
         <run_address>0x3c1a</run_address>
         <size>0x31e</size>
         <input_file_ref idref="fl-a"/>
      </object_component>
      <object_component id="oc-3be">
         <name>.debug_info</name>
         <load_address>0x3f38</load_address>
         <run_address>0x3f38</run_address>
         <size>0x101</size>
         <input_file_ref idref="fl-2b"/>
      </object_component>
      <object_component id="oc-b1">
         <name>.debug_info</name>
         <load_address>0x4039</load_address>
         <run_address>0x4039</run_address>
         <size>0x1a2</size>
         <input_file_ref idref="fl-2c"/>
      </object_component>
      <object_component id="oc-438">
         <name>.debug_info</name>
         <load_address>0x41db</load_address>
         <run_address>0x41db</run_address>
         <size>0x17c</size>
         <input_file_ref idref="fl-2d"/>
      </object_component>
      <object_component id="oc-70">
         <name>.debug_info</name>
         <load_address>0x4357</load_address>
         <run_address>0x4357</run_address>
         <size>0x251</size>
         <input_file_ref idref="fl-2d"/>
      </object_component>
      <object_component id="oc-3c2">
         <name>.debug_info</name>
         <load_address>0x45a8</load_address>
         <run_address>0x45a8</run_address>
         <size>0x60</size>
         <input_file_ref idref="fl-2d"/>
      </object_component>
      <object_component id="oc-433">
         <name>.debug_info</name>
         <load_address>0x4608</load_address>
         <run_address>0x4608</run_address>
         <size>0x46</size>
         <input_file_ref idref="fl-2d"/>
      </object_component>
      <object_component id="oc-3d8">
         <name>.debug_info</name>
         <load_address>0x464e</load_address>
         <run_address>0x464e</run_address>
         <size>0x1d2</size>
         <input_file_ref idref="fl-2e"/>
      </object_component>
      <object_component id="oc-74">
         <name>.debug_info</name>
         <load_address>0x4820</load_address>
         <run_address>0x4820</run_address>
         <size>0x1d4</size>
         <input_file_ref idref="fl-2e"/>
      </object_component>
      <object_component id="oc-3d3">
         <name>.debug_info</name>
         <load_address>0x49f4</load_address>
         <run_address>0x49f4</run_address>
         <size>0x46</size>
         <input_file_ref idref="fl-2e"/>
      </object_component>
      <object_component id="oc-442">
         <name>.debug_info</name>
         <load_address>0x4a3a</load_address>
         <run_address>0x4a3a</run_address>
         <size>0x2c</size>
         <input_file_ref idref="fl-2e"/>
      </object_component>
      <object_component id="oc-3fc">
         <name>.debug_info</name>
         <load_address>0x4a66</load_address>
         <run_address>0x4a66</run_address>
         <size>0x180</size>
         <input_file_ref idref="fl-2f"/>
      </object_component>
      <object_component id="oc-90">
         <name>.debug_info</name>
         <load_address>0x4be6</load_address>
         <run_address>0x4be6</run_address>
         <size>0x1c6</size>
         <input_file_ref idref="fl-2f"/>
      </object_component>
      <object_component id="oc-3f7">
         <name>.debug_info</name>
         <load_address>0x4dac</load_address>
         <run_address>0x4dac</run_address>
         <size>0x46</size>
         <input_file_ref idref="fl-2f"/>
      </object_component>
      <object_component id="oc-5f7">
         <name>.debug_info</name>
         <load_address>0x4df2</load_address>
         <run_address>0x4df2</run_address>
         <size>0x212</size>
         <input_file_ref idref="fl-30"/>
      </object_component>
      <object_component id="oc-5cc">
         <name>.debug_info</name>
         <load_address>0x5004</load_address>
         <run_address>0x5004</run_address>
         <size>0x253</size>
         <input_file_ref idref="fl-30"/>
      </object_component>
      <object_component id="oc-5f2">
         <name>.debug_info</name>
         <load_address>0x5257</load_address>
         <run_address>0x5257</run_address>
         <size>0x94</size>
         <input_file_ref idref="fl-30"/>
      </object_component>
      <object_component id="oc-427">
         <name>.debug_info</name>
         <load_address>0x52eb</load_address>
         <run_address>0x52eb</run_address>
         <size>0x123</size>
         <input_file_ref idref="fl-31"/>
      </object_component>
      <object_component id="oc-466">
         <name>.debug_info</name>
         <load_address>0x540e</load_address>
         <run_address>0x540e</run_address>
         <size>0x167</size>
         <input_file_ref idref="fl-33"/>
      </object_component>
      <object_component id="oc-5a2">
         <name>.debug_info</name>
         <load_address>0x5575</load_address>
         <run_address>0x5575</run_address>
         <size>0x1e0</size>
         <input_file_ref idref="fl-34"/>
      </object_component>
      <object_component id="oc-509">
         <name>.debug_info</name>
         <load_address>0x5755</load_address>
         <run_address>0x5755</run_address>
         <size>0x1c2</size>
         <input_file_ref idref="fl-34"/>
      </object_component>
      <object_component id="oc-621">
         <name>.debug_info</name>
         <load_address>0x5917</load_address>
         <run_address>0x5917</run_address>
         <size>0x1e7</size>
         <input_file_ref idref="fl-35"/>
      </object_component>
      <object_component id="oc-5ec">
         <name>.debug_info</name>
         <load_address>0x5afe</load_address>
         <run_address>0x5afe</run_address>
         <size>0x634</size>
         <input_file_ref idref="fl-35"/>
      </object_component>
      <object_component id="oc-3da">
         <name>.debug_info</name>
         <load_address>0x6132</load_address>
         <run_address>0x6132</run_address>
         <size>0x113</size>
         <input_file_ref idref="fl-48"/>
      </object_component>
      <object_component id="oc-7a2">
         <name>.debug_info</name>
         <load_address>0x6245</load_address>
         <run_address>0x6245</run_address>
         <size>0x124</size>
         <input_file_ref idref="fl-49"/>
      </object_component>
      <object_component id="oc-598">
         <name>.debug_info</name>
         <load_address>0x6369</load_address>
         <run_address>0x6369</run_address>
         <size>0x12a</size>
         <input_file_ref idref="fl-49"/>
      </object_component>
      <object_component id="oc-71a">
         <name>.debug_info</name>
         <load_address>0x6493</load_address>
         <run_address>0x6493</run_address>
         <size>0x124</size>
         <input_file_ref idref="fl-4a"/>
      </object_component>
      <object_component id="oc-59f">
         <name>.debug_info</name>
         <load_address>0x65b7</load_address>
         <run_address>0x65b7</run_address>
         <size>0x12a</size>
         <input_file_ref idref="fl-4a"/>
      </object_component>
      <object_component id="oc-6d7">
         <name>.debug_info</name>
         <load_address>0x66e1</load_address>
         <run_address>0x66e1</run_address>
         <size>0x189</size>
         <input_file_ref idref="fl-4b"/>
      </object_component>
      <object_component id="oc-43a">
         <name>.debug_info</name>
         <load_address>0x686a</load_address>
         <run_address>0x686a</run_address>
         <size>0x188</size>
         <input_file_ref idref="fl-4c"/>
      </object_component>
      <object_component id="oc-3cd">
         <name>.debug_info</name>
         <load_address>0x69f2</load_address>
         <run_address>0x69f2</run_address>
         <size>0x19d</size>
         <input_file_ref idref="fl-4c"/>
      </object_component>
      <object_component id="oc-5ff">
         <name>.debug_info</name>
         <load_address>0x6b8f</load_address>
         <run_address>0x6b8f</run_address>
         <size>0x212</size>
         <input_file_ref idref="fl-4e"/>
      </object_component>
      <object_component id="oc-5d0">
         <name>.debug_info</name>
         <load_address>0x6da1</load_address>
         <run_address>0x6da1</run_address>
         <size>0x264</size>
         <input_file_ref idref="fl-4e"/>
      </object_component>
[...]
      </symbol>
      <symbol id="sm-54d">
         <name>__TI_decompress_none</name>
         <value>0x13f7a</value>
         <object_component_ref idref="oc-73"/>
      </symbol>
      <symbol id="sm-560">
         <name>__TI_zero_init</name>
         <value>0x13dc6</value>
         <object_component_ref idref="oc-8f"/>
      </symbol>
      <symbol id="sm-586">
         <name>__mspabi_divd</name>
         <value>0x11b72</value>
         <object_component_ref idref="oc-5c9"/>
      </symbol>
      <symbol id="sm-590">
         <name>C$$EXIT</name>
         <value>0x14014</value>
         <object_component_ref idref="oc-425"/>
      </symbol>
      <symbol id="sm-591">
         <name>abort</name>
         <value>0x14014</value>
         <object_component_ref idref="oc-425"/>
      </symbol>
      <symbol id="sm-59b">
         <name>__mspabi_fltud</name>
         <value>0x1400e</value>
         <object_component_ref idref="oc-465"/>
      </symbol>
      <symbol id="sm-5b0">
         <name>__mspabi_fltuld</name>
         <value>0x13546</value>
         <object_component_ref idref="oc-508"/>
      </symbol>
      <symbol id="sm-5cc">
         <name>__TI_frcdivd</name>
         <value>0x10000</value>
         <object_component_ref idref="oc-5eb"/>
      </symbol>
      <symbol id="sm-5cf">
         <name>__TI_int41</name>
         <value>0xffd2</value>
         <object_component_ref idref="oc-79"/>
      </symbol>
      <symbol id="sm-5d2">
         <name>__TI_int43</name>
         <value>0xffd6</value>
         <object_component_ref idref="oc-7b"/>
      </symbol>
      <symbol id="sm-5d5">
         <name>__TI_int44</name>
         <value>0xffd8</value>
         <object_component_ref idref="oc-7c"/>
      </symbol>
      <symbol id="sm-5d8">
         <name>__TI_int45</name>
         <value>0xffda</value>
         <object_component_ref idref="oc-7d"/>
      </symbol>
      <symbol id="sm-5db">
         <name>__TI_int47</name>
         <value>0xffde</value>
         <object_component_ref idref="oc-7f"/>
      </symbol>
      <symbol id="sm-5de">
         <name>__TI_int48</name>
         <value>0xffe0</value>
         <object_component_ref idref="oc-80"/>
      </symbol>
      <symbol id="sm-5e1">
         <name>__TI_int49</name>
         <value>0xffe2</value>
         <object_component_ref idref="oc-81"/>
      </symbol>
      <symbol id="sm-5e4">
         <name>__TI_int50</name>
         <value>0xffe4</value>
         <object_component_ref idref="oc-82"/>
      </symbol>
      <symbol id="sm-5e7">
         <name>__TI_int51</name>
         <value>0xffe6</value>
         <object_component_ref idref="oc-83"/>
      </symbol>
      <symbol id="sm-5ea">
         <name>__TI_int52</name>
         <value>0xffe8</value>
         <object_component_ref idref="oc-84"/>
      </symbol>
      <symbol id="sm-5ed">
         <name>__TI_int53</name>
         <value>0xffea</value>
         <object_component_ref idref="oc-85"/>
      </symbol>
      <symbol id="sm-5f0">
         <name>__TI_int56</name>
         <value>0xfff0</value>
         <object_component_ref idref="oc-88"/>
      </symbol>
      <symbol id="sm-5f3">
         <name>__TI_int57</name>
         <value>0xfff2</value>
         <object_component_ref idref="oc-89"/>
      </symbol>
      <symbol id="sm-5f6">
         <name>__TI_int58</name>
         <value>0xfff4</value>
         <object_component_ref idref="oc-8a"/>
      </symbol>
      <symbol id="sm-5f9">
         <name>__TI_int59</name>
         <value>0xfff6</value>
         <object_component_ref idref="oc-8b"/>
      </symbol>
      <symbol id="sm-5fc">
         <name>__TI_int60</name>
         <value>0xfff8</value>
         <object_component_ref idref="oc-8c"/>
      </symbol>
      <symbol id="sm-5ff">
         <name>__TI_int61</name>
         <value>0xfffa</value>
         <object_component_ref idref="oc-8d"/>
      </symbol>
      <symbol id="sm-602">
         <name>__TI_int62</name>
         <value>0xfffc</value>
         <object_component_ref idref="oc-8e"/>
      </symbol>
      <symbol id="sm-60a">
         <name>__TI_ISR_TRAP</name>
         <value>0x4512</value>
         <object_component_ref idref="oc-3d9"/>
      </symbol>
      <symbol id="sm-61a">
         <name>__mspabi_slll_9</name>
         <value>0x13b8c</value>
         <object_component_ref idref="oc-597"/>
      </symbol>
      <symbol id="sm-61b">
         <name>__mspabi_slll_8</name>
         <value>0x13b90</value>
         <object_component_ref idref="oc-597"/>
      </symbol>
      <symbol id="sm-61c">
         <name>__mspabi_slll_7</name>
         <value>0x13b94</value>
         <object_component_ref idref="oc-597"/>
      </symbol>
      <symbol id="sm-61d">
         <name>__mspabi_slll_6</name>
         <value>0x13b98</value>
         <object_component_ref idref="oc-597"/>
      </symbol>
      <symbol id="sm-61e">
         <name>__mspabi_slll_5</name>
         <value>0x13b9c</value>
         <object_component_ref idref="oc-597"/>
      </symbol>
      <symbol id="sm-61f">
         <name>__mspabi_slll_4</name>
         <value>0x13ba0</value>
         <object_component_ref idref="oc-597"/>
      </symbol>
      <symbol id="sm-620">
         <name>__mspabi_slll_3</name>
         <value>0x13ba4</value>
         <object_component_ref idref="oc-597"/>
      </symbol>
      <symbol id="sm-621">
         <name>__mspabi_slll_2</name>
         <value>0x13ba8</value>
         <object_component_ref idref="oc-597"/>
      </symbol>
      <symbol id="sm-622">
         <name>__mspabi_slll_1</name>
         <value>0x13bac</value>
         <object_component_ref idref="oc-597"/>
      </symbol>
      <symbol id="sm-623">
         <name>__mspabi_slll</name>
         <value>0x13fbe</value>
         <object_component_ref idref="oc-7a1"/>
      </symbol>
      <symbol id="sm-624">
         <name>__mspabi_slll_15</name>
         <value>0x13b74</value>
         <object_component_ref idref="oc-597"/>
      </symbol>
      <symbol id="sm-625">
         <name>__mspabi_slll_14</name>
         <value>0x13b78</value>
         <object_component_ref idref="oc-597"/>
      </symbol>
      <symbol id="sm-626">
         <name>__mspabi_slll_13</name>
         <value>0x13b7c</value>
         <object_component_ref idref="oc-597"/>
      </symbol>
      <symbol id="sm-627">
         <name>__mspabi_slll_12</name>
         <value>0x13b80</value>
         <object_component_ref idref="oc-597"/>
      </symbol>
      <symbol id="sm-628">
         <name>__mspabi_slll_11</name>
         <value>0x13b84</value>
         <object_component_ref idref="oc-597"/>
      </symbol>
      <symbol id="sm-629">
         <name>__mspabi_slll_10</name>
         <value>0x13b88</value>
         <object_component_ref idref="oc-597"/>
      </symbol>
      <symbol id="sm-639">
         <name>__mspabi_srll_8</name>
         <value>0x13bce</value>
         <object_component_ref idref="oc-59c"/>
      </symbol>
      <symbol id="sm-63a">
         <name>__mspabi_srll_9</name>
         <value>0x13bca</value>
         <object_component_ref idref="oc-59c"/>
      </symbol>
      <symbol id="sm-63b">
         <name>__mspabi_srll_6</name>
         <value>0x13bd6</value>
         <object_component_ref idref="oc-59c"/>
      </symbol>
      <symbol id="sm-63c">
         <name>__mspabi_srll_7</name>
         <value>0x13bd2</value>
         <object_component_ref idref="oc-59c"/>
      </symbol>
      <symbol id="sm-63d">
         <name>__mspabi_srll_4</name>
         <value>0x13bde</value>
         <object_component_ref idref="oc-59c"/>
      </symbol>
      <symbol id="sm-63e">
         <name>__mspabi_srll_5</name>
         <value>0x13bda</value>
         <object_component_ref idref="oc-59c"/>
      </symbol>
      <symbol id="sm-63f">
         <name>__mspabi_srll_2</name>
         <value>0x13be6</value>
         <object_component_ref idref="oc-59c"/>
      </symbol>
      <symbol id="sm-640">
         <name>__mspabi_srll_3</name>
         <value>0x13be2</value>
         <object_component_ref idref="oc-59c"/>
      </symbol>
      <symbol id="sm-641">
         <name>__mspabi_srll_1</name>
         <value>0x13bea</value>
         <object_component_ref idref="oc-59c"/>
      </symbol>
      <symbol id="sm-642">
         <name>__mspabi_srll_15</name>
         <value>0x13bb2</value>
         <object_component_ref idref="oc-59c"/>
      </symbol>
      <symbol id="sm-643">
         <name>__mspabi_srll_14</name>
         <value>0x13bb6</value>
         <object_component_ref idref="oc-59c"/>
      </symbol>
      <symbol id="sm-644">
         <name>__mspabi_srll_13</name>
         <value>0x13bba</value>
         <object_component_ref idref="oc-59c"/>
      </symbol>
      <symbol id="sm-645">
         <name>__mspabi_srll_12</name>
         <value>0x13bbe</value>
         <object_component_ref idref="oc-59c"/>
      </symbol>
      <symbol id="sm-646">
         <name>__mspabi_srll_11</name>
         <value>0x13bc2</value>
         <object_component_ref idref="oc-59c"/>
      </symbol>
      <symbol id="sm-647">
         <name>__mspabi_srll_10</name>
         <value>0x13bc6</value>
         <object_component_ref idref="oc-59c"/>
      </symbol>
      <symbol id="sm-648">
         <name>__mspabi_srll</name>
         <value>0x13fce</value>
         <object_component_ref idref="oc-719"/>
      </symbol>
      <symbol id="sm-655">
         <name>__mspabi_srlll</name>
         <value>0x13c2a</value>
         <object_component_ref idref="oc-6d5"/>
      </symbol>
      <symbol id="sm-663">
         <name>memcpy</name>
         <value>0x13f66</value>
         <object_component_ref idref="oc-3cc"/>
      </symbol>
      <symbol id="sm-684">
         <name>__mspabi_mpyd</name>
         <value>0x10d84</value>
         <object_component_ref idref="oc-5cf"/>
      </symbol>
      <symbol id="sm-68e">
         <name>__mspabi_mpyi_f5hw</name>
         <value>0x13ef8</value>
         <object_component_ref idref="oc-4f5"/>
      </symbol>
      <symbol id="sm-698">
         <name>__mspabi_mpyl_f5hw</name>
         <value>0x13dea</value>
         <object_component_ref idref="oc-616"/>
      </symbol>
      <symbol id="sm-6a2">
         <name>_system_pre_init</name>
         <value>0x14020</value>
         <object_component_ref idref="oc-3fd"/>
      </symbol>
      <symbol id="sm-6c3">
         <name>sprintf</name>
         <value>0x13a70</value>
         <object_component_ref idref="oc-5d6"/>
      </symbol>
      <symbol id="sm-6d0">
         <name>toupper</name>
         <value>0x13f8c</value>
         <object_component_ref idref="oc-4cf"/>
      </symbol>
      <symbol id="sm-879">
         <name>__TI_printfi</name>
         <value>0x11716</value>
         <object_component_ref idref="oc-60c"/>
      </symbol>
      <symbol id="sm-883">
         <name>abs</name>
         <value>0x14004</value>
         <object_component_ref idref="oc-742"/>
      </symbol>
      <symbol id="sm-894">
         <name>__mspabi_sral</name>
         <value>0x13fae</value>
         <object_component_ref idref="oc-7a6"/>
      </symbol>
      <symbol id="sm-895">
         <name>__mspabi_sral_15</name>
         <value>0x13b36</value>
         <object_component_ref idref="oc-61b"/>
      </symbol>
      <symbol id="sm-896">
         <name>__mspabi_sral_14</name>
         <value>0x13b3a</value>
         <object_component_ref idref="oc-61b"/>
      </symbol>
      <symbol id="sm-897">
         <name>__mspabi_sral_13</name>
         <value>0x13b3e</value>
         <object_component_ref idref="oc-61b"/>
      </symbol>
      <symbol id="sm-898">
         <name>__mspabi_sral_12</name>
         <value>0x13b42</value>
         <object_component_ref idref="oc-61b"/>
      </symbol>
      <symbol id="sm-899">
         <name>__mspabi_sral_11</name>
         <value>0x13b46</value>
         <object_component_ref idref="oc-61b"/>
      </symbol>
      <symbol id="sm-89a">
         <name>__mspabi_sral_10</name>
         <value>0x13b4a</value>
         <object_component_ref idref="oc-61b"/>
      </symbol>
      <symbol id="sm-89b">
         <name>__mspabi_sral_8</name>
         <value>0x13b52</value>
         <object_component_ref idref="oc-61b"/>
      </symbol>
      <symbol id="sm-89c">
         <name>__mspabi_sral_9</name>
         <value>0x13b4e</value>
         <object_component_ref idref="oc-61b"/>
      </symbol>
      <symbol id="sm-89d">
         <name>__mspabi_sral_6</name>
         <value>0x13b5a</value>
         <object_component_ref idref="oc-61b"/>
      </symbol>
      <symbol id="sm-89e">
         <name>__mspabi_sral_7</name>
         <value>0x13b56</value>
         <object_component_ref idref="oc-61b"/>
      </symbol>
      <symbol id="sm-89f">
         <name>__mspabi_sral_4</name>
         <value>0x13b62</value>
         <object_component_ref idref="oc-61b"/>
      </symbol>
      <symbol id="sm-8a0">
         <name>__mspabi_sral_5</name>
         <value>0x13b5e</value>
         <object_component_ref idref="oc-61b"/>
      </symbol>
      <symbol id="sm-8a1">
         <name>__mspabi_sral_2</name>
         <value>0x13b6a</value>
         <object_component_ref idref="oc-61b"/>
      </symbol>
      <symbol id="sm-8a2">
         <name>__mspabi_sral_3</name>
         <value>0x13b66</value>
         <object_component_ref idref="oc-61b"/>
      </symbol>
      <symbol id="sm-8a3">
         <name>__mspabi_sral_1</name>
         <value>0x13b6e</value>
         <object_component_ref idref="oc-61b"/>
      </symbol>
      <symbol id="sm-8b6">
         <name>atoi</name>
         <value>0x13874</value>
         <object_component_ref idref="oc-65d"/>
      </symbol>
      <symbol id="sm-8d8">
         <name>_auto_init_hold_wdt</name>
         <value>0x134c4</value>
         <object_component_ref idref="oc-403"/>
      </symbol>
      <symbol id="sm-8f2">
         <name>__mspabi_cmpd</name>
         <value>0x12eac</value>
         <object_component_ref idref="oc-6b7"/>
      </symbol>
      <symbol id="sm-908">
         <name>copy_in</name>
         <value>0x13810</value>
         <object_component_ref idref="oc-480"/>
      </symbol>
      <symbol id="sm-912">
         <name>_ctypes_</name>
         <value>0x469e</value>
         <object_component_ref idref="oc-547"/>
      </symbol>
      <symbol id="sm-91c">
         <name>__mspabi_remu</name>
         <value>0x13f26</value>
         <object_component_ref idref="oc-6d0"/>
      </symbol>
      <symbol id="sm-91d">
         <name>__mspabi_divu</name>
         <value>0x13f26</value>
         <object_component_ref idref="oc-6d0"/>
      </symbol>
      <symbol id="sm-92b">
         <name>__mspabi_remul</name>
         <value>0x13936</value>
         <object_component_ref idref="oc-6cb"/>
      </symbol>
      <symbol id="sm-92c">
         <name>__mspabi_divul</name>
         <value>0x13936</value>
         <object_component_ref idref="oc-6cb"/>
      </symbol>
      <symbol id="sm-95f">
         <name>__mspabi_divull</name>
         <value>0x104d8</value>
         <object_component_ref idref="oc-6c5"/>
      </symbol>
      <symbol id="sm-96c">
         <name>__mspabi_fixdi</name>
         <value>0x13d7a</value>
         <object_component_ref idref="oc-735"/>
      </symbol>
      <symbol id="sm-97b">
         <name>__mspabi_fixdli</name>
         <value>0x137aa</value>
         <object_component_ref idref="oc-73b"/>
      </symbol>
      <symbol id="sm-984">
         <name>__mspabi_fltid</name>
         <value>0x13fec</value>
         <object_component_ref idref="oc-75f"/>
      </symbol>
      <symbol id="sm-99c">
         <name>__mspabi_fltlid</name>
         <value>0x13306</value>
         <object_component_ref idref="oc-729"/>
      </symbol>
      <symbol id="sm-9ad">
         <name>__TI_frcmpyd</name>
         <value>0x10afe</value>
         <object_component_ref idref="oc-5f8"/>
      </symbol>
      <symbol id="sm-9ba">
         <name>__mspabi_sllll</name>
         <value>0x13bf0</value>
         <object_component_ref idref="oc-713"/>
      </symbol>
      <symbol id="sm-9c9">
         <name>ltoa</name>
         <value>0x135c6</value>
         <object_component_ref idref="oc-723"/>
      </symbol>
      <symbol id="sm-9d8">
         <name>memccpy</name>
         <value>0x13e4e</value>
         <object_component_ref idref="oc-677"/>
      </symbol>
      <symbol id="sm-9e6">
         <name>memset</name>
         <value>0x13f10</value>
         <object_component_ref idref="oc-663"/>
      </symbol>
      <symbol id="sm-9ef">
         <name>__mspabi_negd</name>
         <value>0x13cc6</value>
         <object_component_ref idref="oc-699"/>
      </symbol>
      <symbol id="sm-a06">
         <name>frexpl</name>
         <value>0x13102</value>
         <object_component_ref idref="oc-703"/>
      </symbol>
      <symbol id="sm-a07">
         <name>frexp</name>
         <value>0x13102</value>
         <object_component_ref idref="oc-703"/>
      </symbol>
      <symbol id="sm-a21">
         <name>scalbn</name>
         <value>0x12344</value>
         <object_component_ref idref="oc-753"/>
      </symbol>
      <symbol id="sm-a22">
         <name>scalbnl</name>
         <value>0x12344</value>
         <object_component_ref idref="oc-753"/>
      </symbol>
      <symbol id="sm-a23">
         <name>ldexpl</name>
         <value>0x12344</value>
         <object_component_ref idref="oc-753"/>
      </symbol>
      <symbol id="sm-a24">
         <name>ldexp</name>
         <value>0x12344</value>
         <object_component_ref idref="oc-753"/>
      </symbol>
      <symbol id="sm-a2d">
         <name>_system_post_cinit</name>
         <value>0x14024</value>
         <object_component_ref idref="oc-486"/>
      </symbol>
      <symbol id="sm-a3c">
         <name>strchr</name>
         <value>0x13ea8</value>
         <object_component_ref idref="oc-759"/>
      </symbol>
      <symbol id="sm-a49">
         <name>strlen</name>
         <value>0x13fde</value>
         <object_component_ref idref="oc-62a"/>
      </symbol>
      <symbol id="sm-a52">
         <name>__mspabi_subd</name>
         <value>0x13c64</value>
         <object_component_ref idref="oc-72f"/>
      </symbol>
      <symbol id="sm-a74">
         <name>__mspabi_addd</name>
         <value>0x10826</value>
         <object_component_ref idref="oc-773"/>
      </symbol>
      <symbol id="sm-a80">
         <name>__mspabi_remli</name>
         <value>0x13af6</value>
         <object_component_ref idref="oc-76a"/>
      </symbol>
      <symbol id="sm-a81">
         <name>__mspabi_divli</name>
         <value>0x13af6</value>
         <object_component_ref idref="oc-76a"/>
      </symbol>
      <symbol id="sm-a88">
         <name>errno</name>
         <value>0x2a7c</value>
         <object_component_ref idref="oc-77f"/>
      </symbol>
      <symbol id="sm-aa9">
         <name>__TI_frcaddd</name>
         <value>0x114c4</value>
         <object_component_ref idref="oc-792"/>
      </symbol>
      <symbol id="sm-abd">
         <name>__TI_renormd</name>
         <value>0x13050</value>
         <object_component_ref idref="oc-7ab"/>
      </symbol>
      <symbol id="sm-ac6">
         <name>copysign</name>
         <value>0x13cf4</value>
         <object_component_ref idref="oc-782"/>
      </symbol>
      <symbol id="sm-ac7">
         <name>copysignl</name>
         <value>0x13cf4</value>
         <object_component_ref idref="oc-782"/>
      </symbol>
      <symbol id="sm-ac9">
         <name>__TI_BINIT_Base</name>
         <value>0x0</value>
      </symbol>
      <symbol id="sm-aca">
         <name>__TI_BINIT_Limit</name>
         <value>0x0</value>
      </symbol>
      <symbol id="sm-acb">
         <name>__TI_INITARRAY_Base</name>
         <value>0x0</value>
      </symbol>
      <symbol id="sm-acc">
         <name>__TI_INITARRAY_Limit</name>
         <value>0x0</value>
      </symbol>
   </symbol_table>
   <title>Link successful</title>
</link_info>
