<?xml version="1.0"?>
<link_info>
   <banner>MSP430 Linker PC v16.9.11.LTS</banner>
   <copyright>Copyright (c) 2003-2017 Texas Instruments Incorporated</copyright>
   <link_time>0x5f3d6c6c</link_time>
   <link_errors>0x0</link_errors>
   <output_file>LorisPower.out</output_file>
   <entry_point>
      <name>_c_int00_noargs_noexit</name>
      <address>0x44f0</address>
   </entry_point>
   <input_file_list>
      <input_file id="fl-2">
         <path>.\</path>
         <kind>object</kind>
         <file>ADC.obj</file>
         <name>ADC.obj</name>
      </input_file>
      <input_file id="fl-3">
         <path>.\</path>
         <kind>object</kind>
         <file>CommandTable.obj</file>
         <name>CommandTable.obj</name>
      </input_file>
      <input_file id="fl-4">
         <path>.\</path>
         <kind>object</kind>
         <file>GPIO.obj</file>
         <name>GPIO.obj</name>
      </input_file>
      <input_file id="fl-5">
         <path>.\</path>
         <kind>object</kind>
         <file>HoldingBuffer.obj</file>
         <name>HoldingBuffer.obj</name>
      </input_file>
      <input_file id="fl-6">
         <path>.\</path>
         <kind>object</kind>
         <file>I2C.obj</file>
         <name>I2C.obj</name>
      </input_file>
      <input_file id="fl-7">
         <path>.\</path>
         <kind>object</kind>
         <file>Queue.obj</file>
         <name>Queue.obj</name>
      </input_file>
      <input_file id="fl-8">
         <path>.\</path>
         <kind>object</kind>
         <file>UART.obj</file>
         <name>UART.obj</name>
      </input_file>
      <input_file id="fl-9">
         <path>.\</path>
         <kind>object</kind>
         <file>Utilities.obj</file>
         <name>Utilities.obj</name>
      </input_file>
      <input_file id="fl-a">
         <path>.\</path>
         <kind>object</kind>
         <file>main.obj</file>
         <name>main.obj</name>
      </input_file>
      <input_file id="fl-10">
         <kind>object</kind>
         <file>&lt;internal&gt;</file>
         <name>&lt;internal&gt;</name>
      </input_file>
      <input_file id="fl-2b">
         <path>C:\ti\ccsv7\tools\compiler\ti-cgt-msp430_16.9.11.LTS\lib\</path>
         <kind>archive</kind>
         <file>rts430x_lc_rd_eabi.lib</file>
         <name>boot.obj</name>
      </input_file>
      <input_file id="fl-2c">
         <path>C:\ti\ccsv7\tools\compiler\ti-cgt-msp430_16.9.11.LTS\lib\</path>
         <kind>archive</kind>
         <file>rts430x_lc_rd_eabi.lib</file>
         <name>boot_special.obj</name>
      </input_file>
      <input_file id="fl-2d">
         <path>C:\ti\ccsv7\tools\compiler\ti-cgt-msp430_16.9.11.LTS\lib\</path>
         <kind>archive</kind>
         <file>rts430x_lc_rd_eabi.lib</file>
         <name>copy_decompress_lzss.obj</name>
      </input_file>
      <input_file id="fl-2e">
         <path>C:\ti\ccsv7\tools\compiler\ti-cgt-msp430_16.9.11.LTS\lib\</path>
         <kind>archive</kind>
         <file>rts430x_lc_rd_eabi.lib</file>
         <name>copy_decompress_none.obj</name>
      </input_file>
      <input_file id="fl-2f">
         <path>C:\ti\ccsv7\tools\compiler\ti-cgt-msp430_16.9.11.LTS\lib\</path>
         <kind>archive</kind>
         <file>rts430x_lc_rd_eabi.lib</file>
         <name>copy_zero_init.obj</name>
      </input_file>
      <input_file id="fl-30">
         <path>C:\ti\ccsv7\tools\compiler\ti-cgt-msp430_16.9.11.LTS\lib\</path>
         <kind>archive</kind>
         <file>rts430x_lc_rd_eabi.lib</file>
         <name>divd.obj</name>
      </input_file>
      <input_file id="fl-31">
         <path>C:\ti\ccsv7\tools\compiler\ti-cgt-msp430_16.9.11.LTS\lib\</path>
         <kind>archive</kind>
         <file>rts430x_lc_rd_eabi.lib</file>
         <name>exit.obj</name>
      </input_file>
      <input_file id="fl-32">
         <path>C:\ti\ccsv7\tools\compiler\ti-cgt-msp430_16.9.11.LTS\lib\</path>
         <kind>archive</kind>
         <file>rts430x_lc_rd_eabi.lib</file>
         <name>exit_gvars.obj</name>
      </input_file>
      <input_file id="fl-33">
         <path>C:\ti\ccsv7\tools\compiler\ti-cgt-msp430_16.9.11.LTS\lib\</path>
         <kind>archive</kind>
         <file>rts430x_lc_rd_eabi.lib</file>
         <name>fltud.obj</name>
      </input_file>
      <input_file id="fl-34">
         <path>C:\ti\ccsv7\tools\compiler\ti-cgt-msp430_16.9.11.LTS\lib\</path>
         <kind>archive</kind>
         <file>rts430x_lc_rd_eabi.lib</file>
         <name>fltuld.obj</name>
      </input_file>
      <input_file id="fl-35">
         <path>C:\ti\ccsv7\tools\compiler\ti-cgt-msp430_16.9.11.LTS\lib\</path>
         <kind>archive</kind>
         <file>rts430x_lc_rd_eabi.lib</file>
         <name>frcdivd.obj</name>
      </input_file>
      <input_file id="fl-36">
         <path>C:\ti\ccsv7\tools\compiler\ti-cgt-msp430_16.9.11.LTS\lib\</path>
         <kind>archive</kind>
         <file>rts430x_lc_rd_eabi.lib</file>
         <name>int41.obj</name>
      </input_file>
      <input_file id="fl-37">
         <path>C:\ti\ccsv7\tools\compiler\ti-cgt-msp430_16.9.11.LTS\lib\</path>
         <kind>archive</kind>
         <file>rts430x_lc_rd_eabi.lib</file>
         <name>int43.obj</name>
      </input_file>
      <input_file id="fl-38">
         <path>C:\ti\ccsv7\tools\compiler\ti-cgt-msp430_16.9.11.LTS\lib\</path>
         <kind>archive</kind>
         <file>rts430x_lc_rd_eabi.lib</file>
         <name>int44.obj</name>
      </input_file>
      <input_file id="fl-39">
         <path>C:\ti\ccsv7\tools\compiler\ti-cgt-msp430_16.9.11.LTS\lib\</path>
         <kind>archive</kind>
         <file>rts430x_lc_rd_eabi.lib</file>
         <name>int45.obj</name>
      </input_file>
      <input_file id="fl-3a">
         <path>C:\ti\ccsv7\tools\compiler\ti-cgt-msp430_16.9.11.LTS\lib\</path>
         <kind>archive</kind>
         <file>rts430x_lc_rd_eabi.lib</file>
         <name>int47.obj</name>
      </input_file>
      <input_file id="fl-3b">
         <path>C:\ti\ccsv7\tools\compiler\ti-cgt-msp430_16.9.11.LTS\lib\</path>
         <kind>archive</kind>
         <file>rts430x_lc_rd_eabi.lib</file>
         <name>int48.obj</name>
      </input_file>
      <input_file id="fl-3c">
         <path>C:\ti\ccsv7\tools\compiler\ti-cgt-msp430_16.9.11.LTS\lib\</path>
         <kind>archive</kind>
         <file>rts430x_lc_rd_eabi.lib</file>
         <name>int49.obj</name>
      </input_file>
      <input_file id="fl-3d">
         <path>C:\ti\ccsv7\tools\compiler\ti-cgt-msp430_16.9.11.LTS\lib\</path>
         <kind>archive</kind>
         <file>rts430x_lc_rd_eabi.lib</file>
         <name>int50.obj</name>
      </input_file>
      <input_file id="fl-3e">
         <path>C:\ti\ccsv7\tools\compiler\ti-cgt-msp430_16.9.11.LTS\lib\</path>
         <kind>archive</kind>
         <file>rts430x_lc_rd_eabi.lib</file>
         <name>int51.obj</name>
      </input_file>
      <input_file id="fl-3f">
         <path>C:\ti\ccsv7\tools\compiler\ti-cgt-msp430_16.9.11.LTS\lib\</path>
         <kind>archive</kind>
         <file>rts430x_lc_rd_eabi.lib</file>
         <name>int52.obj</name>
      </input_file>
      <input_file id="fl-40">
         <path>C:\ti\ccsv7\tools\compiler\ti-cgt-msp430_16.9.11.LTS\lib\</path>
         <kind>archive</kind>
         <file>rts430x_lc_rd_eabi.lib</file>
         <name>int53.obj</name>
      </input_file>
      <input_file id="fl-41">
         <path>C:\ti\ccsv7\tools\compiler\ti-cgt-msp430_16.9.11.LTS\lib\</path>
         <kind>archive</kind>
         <file>rts430x_lc_rd_eabi.lib</file>
         <name>int56.obj</name>
      </input_file>
      <input_file id="fl-42">
         <path>C:\ti\ccsv7\tools\compiler\ti-cgt-msp430_16.9.11.LTS\lib\</path>
         <kind>archive</kind>
         <file>rts430x_lc_rd_eabi.lib</file>
         <name>int57.obj</name>
      </input_file>
      <input_file id="fl-43">
         <path>C:\ti\ccsv7\tools\compiler\ti-cgt-msp430_16.9.11.LTS\lib\</path>
         <kind>archive</kind>
         <file>rts430x_lc_rd_eabi.lib</file>
         <name>int58.obj</name>
      </input_file>
      <input_file id="fl-44">
         <path>C:\ti\ccsv7\tools\compiler\ti-cgt-msp430_16.9.11.LTS\lib\</path>
         <kind>archive</kind>
         <file>rts430x_lc_rd_eabi.lib</file>
         <name>int59.obj</name>
      </input_file>
      <input_file id="fl-45">
         <path>C:\ti\ccsv7\tools\compiler\ti-cgt-msp430_16.9.11.LTS\lib\</path>
         <kind>archive</kind>
         <file>rts430x_lc_rd_eabi.lib</file>
         <name>int60.obj</name>
      </input_file>
      <input_file id="fl-46">
         <path>C:\ti\ccsv7\tools\compiler\ti-cgt-msp430_16.9.11.LTS\lib\</path>
         <kind>archive</kind>
         <file>rts430x_lc_rd_eabi.lib</file>
         <name>int61.obj</name>
      </input_file>
      <input_file id="fl-47">
         <path>C:\ti\ccsv7\tools\compiler\ti-cgt-msp430_16.9.11.LTS\lib\</path>
         <kind>archive</kind>
         <file>rts430x_lc_rd_eabi.lib</file>
         <name>int62.obj</name>
      </input_file>
      <input_file id="fl-48">
         <path>C:\ti\ccsv7\tools\compiler\ti-cgt-msp430_16.9.11.LTS\lib\</path>
         <kind>archive</kind>
         <file>rts430x_lc_rd_eabi.lib</file>
         <name>isr_trap.obj</name>
      </input_file>
      <input_file id="fl-49">
         <path>C:\ti\ccsv7\tools\compiler\ti-cgt-msp430_16.9.11.LTS\lib\</path>
         <kind>archive</kind>
         <file>rts430x_lc_rd_eabi.lib</file>
         <name>lsl32.obj</name>
      </input_file>
      <input_file id="fl-4a">
         <path>C:\ti\ccsv7\tools\compiler\ti-cgt-msp430_16.9.11.LTS\lib\</path>
         <kind>archive</kind>
         <file>rts430x_lc_rd_eabi.lib</file>
         <name>lsr32.obj</name>
      </input_file>
      <input_file id="fl-4b">
         <path>C:\ti\ccsv7\tools\compiler\ti-cgt-msp430_16.9.11.LTS\lib\</path>
         <kind>archive</kind>
         <file>rts430x_lc_rd_eabi.lib</file>
         <name>lsr64.obj</name>
      </input_file>
      <input_file id="fl-4c">
         <path>C:\ti\ccsv7\tools\compiler\ti-cgt-msp430_16.9.11.LTS\lib\</path>
         <kind>archive</kind>
         <file>rts430x_lc_rd_eabi.lib</file>
         <name>memcpy.obj</name>
      </input_file>
      <input_file id="fl-4d">
         <path>C:\ti\ccsv7\tools\compiler\ti-cgt-msp430_16.9.11.LTS\lib\</path>
         <kind>archive</kind>
         <file>rts430x_lc_rd_eabi.lib</file>
         <name>mpu_init.obj</name>
      </input_file>
      <input_file id="fl-4e">
         <path>C:\ti\ccsv7\tools\compiler\ti-cgt-msp430_16.9.11.LTS\lib\</path>
         <kind>archive</kind>
         <file>rts430x_lc_rd_eabi.lib</file>
         <name>mpyd.obj</name>
      </input_file>
      <input_file id="fl-4f">
         <path>C:\ti\ccsv7\tools\compiler\ti-cgt-msp430_16.9.11.LTS\lib\</path>
         <kind>archive</kind>
         <file>rts430x_lc_rd_eabi.lib</file>
         <name>mult16.obj</name>
      </input_file>
      <input_file id="fl-50">
         <path>C:\ti\ccsv7\tools\compiler\ti-cgt-msp430_16.9.11.LTS\lib\</path>
         <kind>archive</kind>
         <file>rts430x_lc_rd_eabi.lib</file>
         <name>mult1632_f5hw.obj</name>
      </input_file>
      <input_file id="fl-51">
         <path>C:\ti\ccsv7\tools\compiler\ti-cgt-msp430_16.9.11.LTS\lib\</path>
         <kind>archive</kind>
         <file>rts430x_lc_rd_eabi.lib</file>
         <name>mult16_f5hw.obj</name>
      </input_file>
      <input_file id="fl-52">
         <path>C:\ti\ccsv7\tools\compiler\ti-cgt-msp430_16.9.11.LTS\lib\</path>
         <kind>archive</kind>
         <file>rts430x_lc_rd_eabi.lib</file>
         <name>mult32.obj</name>
      </input_file>
      <input_file id="fl-53">
         <path>C:\ti\ccsv7\tools\compiler\ti-cgt-msp430_16.9.11.LTS\lib\</path>
         <kind>archive</kind>
         <file>rts430x_lc_rd_eabi.lib</file>
         <name>mult3264_f5hw.obj</name>
      </input_file>
      <input_file id="fl-54">
         <path>C:\ti\ccsv7\tools\compiler\ti-cgt-msp430_16.9.11.LTS\lib\</path>
         <kind>archive</kind>
         <file>rts430x_lc_rd_eabi.lib</file>
         <name>mult32_f5hw.obj</name>
      </input_file>
      <input_file id="fl-55">
         <path>C:\ti\ccsv7\tools\compiler\ti-cgt-msp430_16.9.11.LTS\lib\</path>
         <kind>archive</kind>
         <file>rts430x_lc_rd_eabi.lib</file>
         <name>mult64_f5hw.obj</name>
      </input_file>
      <input_file id="fl-56">
         <path>C:\ti\ccsv7\tools\compiler\ti-cgt-msp430_16.9.11.LTS\lib\</path>
         <kind>archive</kind>
         <file>rts430x_lc_rd_eabi.lib</file>
         <name>pre_init.obj</name>
      </input_file>
      <input_file id="fl-57">
         <path>C:\ti\ccsv7\tools\compiler\ti-cgt-msp430_16.9.11.LTS\lib\</path>
         <kind>archive</kind>
         <file>rts430x_lc_rd_eabi.lib</file>
         <name>sprintf.obj</name>
      </input_file>
      <input_file id="fl-58">
         <path>C:\ti\ccsv7\tools\compiler\ti-cgt-msp430_16.9.11.LTS\lib\</path>
         <kind>archive</kind>
         <file>rts430x_lc_rd_eabi.lib</file>
         <name>toupper.obj</name>
      </input_file>
      <input_file id="fl-59">
         <path>C:\ti\ccsv7\tools\compiler\ti-cgt-msp430_16.9.11.LTS\lib\</path>
         <kind>archive</kind>
         <file>rts430x_lc_rd_eabi.lib</file>
         <name>_lock.obj</name>
      </input_file>
      <input_file id="fl-5a">
         <path>C:\ti\ccsv7\tools\compiler\ti-cgt-msp430_16.9.11.LTS\lib\</path>
         <kind>archive</kind>
         <file>rts430x_lc_rd_eabi.lib</file>
         <name>_printfi.obj</name>
      </input_file>
      <input_file id="fl-5b">
         <path>C:\ti\ccsv7\tools\compiler\ti-cgt-msp430_16.9.11.LTS\lib\</path>
         <kind>archive</kind>
         <file>rts430x_lc_rd_eabi.lib</file>
         <name>abs.obj</name>
      </input_file>
      <input_file id="fl-5c">
         <path>C:\ti\ccsv7\tools\compiler\ti-cgt-msp430_16.9.11.LTS\lib\</path>
         <kind>archive</kind>
         <file>rts430x_lc_rd_eabi.lib</file>
         <name>args_main.obj</name>
      </input_file>
      <input_file id="fl-5d">
         <path>C:\ti\ccsv7\tools\compiler\ti-cgt-msp430_16.9.11.LTS\lib\</path>
         <kind>archive</kind>
         <file>rts430x_lc_rd_eabi.lib</file>
         <name>asr32.obj</name>
      </input_file>
      <input_file id="fl-5e">
         <path>C:\ti\ccsv7\tools\compiler\ti-cgt-msp430_16.9.11.LTS\lib\</path>
         <kind>archive</kind>
         <file>rts430x_lc_rd_eabi.lib</file>
         <name>atoi.obj</name>
      </input_file>
      <input_file id="fl-5f">
         <path>C:\ti\ccsv7\tools\compiler\ti-cgt-msp430_16.9.11.LTS\lib\</path>
         <kind>archive</kind>
         <file>rts430x_lc_rd_eabi.lib</file>
         <name>autoinit_wdt.obj</name>
      </input_file>
      <input_file id="fl-60">
         <path>C:\ti\ccsv7\tools\compiler\ti-cgt-msp430_16.9.11.LTS\lib\</path>
         <kind>archive</kind>
         <file>rts430x_lc_rd_eabi.lib</file>
         <name>cmpd.obj</name>
      </input_file>
      <input_file id="fl-61">
         <path>C:\ti\ccsv7\tools\compiler\ti-cgt-msp430_16.9.11.LTS\lib\</path>
         <kind>archive</kind>
         <file>rts430x_lc_rd_eabi.lib</file>
         <name>cpy_tbl.obj</name>
      </input_file>
      <input_file id="fl-62">
         <path>C:\ti\ccsv7\tools\compiler\ti-cgt-msp430_16.9.11.LTS\lib\</path>
         <kind>archive</kind>
         <file>rts430x_lc_rd_eabi.lib</file>
         <name>ctype.obj</name>
      </input_file>
      <input_file id="fl-63">
         <path>C:\ti\ccsv7\tools\compiler\ti-cgt-msp430_16.9.11.LTS\lib\</path>
         <kind>archive</kind>
         <file>rts430x_lc_rd_eabi.lib</file>
         <name>div16u.obj</name>
      </input_file>
      <input_file id="fl-64">
         <path>C:\ti\ccsv7\tools\compiler\ti-cgt-msp430_16.9.11.LTS\lib\</path>
         <kind>archive</kind>
         <file>rts430x_lc_rd_eabi.lib</file>
         <name>div32u.obj</name>
      </input_file>
      <input_file id="fl-65">
         <path>C:\ti\ccsv7\tools\compiler\ti-cgt-msp430_16.9.11.LTS\lib\</path>
         <kind>archive</kind>
         <file>rts430x_lc_rd_eabi.lib</file>
         <name>div64u.obj</name>
      </input_file>
      <input_file id="fl-66">
         <path>C:\ti\ccsv7\tools\compiler\ti-cgt-msp430_16.9.11.LTS\lib\</path>
         <kind>archive</kind>
         <file>rts430x_lc_rd_eabi.lib</file>
         <name>fixdi.obj</name>
      </input_file>
      <input_file id="fl-67">
         <path>C:\ti\ccsv7\tools\compiler\ti-cgt-msp430_16.9.11.LTS\lib\</path>
         <kind>archive</kind>
         <file>rts430x_lc_rd_eabi.lib</file>
         <name>fixdli.obj</name>
      </input_file>
      <input_file id="fl-68">
         <path>C:\ti\ccsv7\tools\compiler\ti-cgt-msp430_16.9.11.LTS\lib\</path>
         <kind>archive</kind>
         <file>rts430x_lc_rd_eabi.lib</file>
         <name>fltid.obj</name>
      </input_file>
      <input_file id="fl-69">
         <path>C:\ti\ccsv7\tools\compiler\ti-cgt-msp430_16.9.11.LTS\lib\</path>
         <kind>archive</kind>
         <file>rts430x_lc_rd_eabi.lib</file>
         <name>fltlid.obj</name>
      </input_file>
      <input_file id="fl-6a">
         <path>C:\ti\ccsv7\tools\compiler\ti-cgt-msp430_16.9.11.LTS\lib\</path>
         <kind>archive</kind>
         <file>rts430x_lc_rd_eabi.lib</file>
         <name>frcmpyd.obj</name>
      </input_file>
      <input_file id="fl-6b">
         <path>C:\ti\ccsv7\tools\compiler\ti-cgt-msp430_16.9.11.LTS\lib\</path>
         <kind>archive</kind>
         <file>rts430x_lc_rd_eabi.lib</file>
         <name>lsl64.obj</name>
      </input_file>
      <input_file id="fl-6c">
         <path>C:\ti\ccsv7\tools\compiler\ti-cgt-msp430_16.9.11.LTS\lib\</path>
         <kind>archive</kind>
         <file>rts430x_lc_rd_eabi.lib</file>
         <name>ltoa.obj</name>
      </input_file>
      <input_file id="fl-6d">
         <path>C:\ti\ccsv7\tools\compiler\ti-cgt-msp430_16.9.11.LTS\lib\</path>
         <kind>archive</kind>
         <file>rts430x_lc_rd_eabi.lib</file>
         <name>memccpy.obj</name>
      </input_file>
      <input_file id="fl-6e">
         <path>C:\ti\ccsv7\tools\compiler\ti-cgt-msp430_16.9.11.LTS\lib\</path>
         <kind>archive</kind>
         <file>rts430x_lc_rd_eabi.lib</file>
         <name>memset.obj</name>
      </input_file>
      <input_file id="fl-6f">
         <path>C:\ti\ccsv7\tools\compiler\ti-cgt-msp430_16.9.11.LTS\lib\</path>
         <kind>archive</kind>
         <file>rts430x_lc_rd_eabi.lib</file>
         <name>negd.obj</name>
      </input_file>
      <input_file id="fl-70">
         <path>C:\ti\ccsv7\tools\compiler\ti-cgt-msp430_16.9.11.LTS\lib\</path>
         <kind>archive</kind>
         <file>rts430x_lc_rd_eabi.lib</file>
         <name>s_frexp.obj</name>
      </input_file>
      <input_file id="fl-71">
         <path>C:\ti\ccsv7\tools\compiler\ti-cgt-msp430_16.9.11.LTS\lib\</path>
         <kind>archive</kind>
         <file>rts430x_lc_rd_eabi.lib</file>
         <name>s_scalbn.obj</name>
      </input_file>
      <input_file id="fl-72">
         <path>C:\ti\ccsv7\tools\compiler\ti-cgt-msp430_16.9.11.LTS\lib\</path>
         <kind>archive</kind>
         <file>rts430x_lc_rd_eabi.lib</file>
         <name>startup.obj</name>
      </input_file>
      <input_file id="fl-73">
         <path>C:\ti\ccsv7\tools\compiler\ti-cgt-msp430_16.9.11.LTS\lib\</path>
         <kind>archive</kind>
         <file>rts430x_lc_rd_eabi.lib</file>
         <name>strchr.obj</name>
      </input_file>
      <input_file id="fl-74">
         <path>C:\ti\ccsv7\tools\compiler\ti-cgt-msp430_16.9.11.LTS\lib\</path>
         <kind>archive</kind>
         <file>rts430x_lc_rd_eabi.lib</file>
         <name>strlen.obj</name>
      </input_file>
      <input_file id="fl-75">
         <path>C:\ti\ccsv7\tools\compiler\ti-cgt-msp430_16.9.11.LTS\lib\</path>
         <kind>archive</kind>
         <file>rts430x_lc_rd_eabi.lib</file>
         <name>subd.obj</name>
      </input_file>
      <input_file id="fl-76">
         <path>C:\ti\ccsv7\tools\compiler\ti-cgt-msp430_16.9.11.LTS\lib\</path>
         <kind>archive</kind>
         <file>rts430x_lc_rd_eabi.lib</file>
         <name>addd.obj</name>
      </input_file>
      <input_file id="fl-77">
         <path>C:\ti\ccsv7\tools\compiler\ti-cgt-msp430_16.9.11.LTS\lib\</path>
         <kind>archive</kind>
         <file>rts430x_lc_rd_eabi.lib</file>
         <name>div32s.obj</name>
      </input_file>
      <input_file id="fl-78">
         <path>C:\ti\ccsv7\tools\compiler\ti-cgt-msp430_16.9.11.LTS\lib\</path>
         <kind>archive</kind>
         <file>rts430x_lc_rd_eabi.lib</file>
         <name>errno.obj</name>
      </input_file>
      <input_file id="fl-79">
         <path>C:\ti\ccsv7\tools\compiler\ti-cgt-msp430_16.9.11.LTS\lib\</path>
         <kind>archive</kind>
         <file>rts430x_lc_rd_eabi.lib</file>
         <name>frcaddd.obj</name>
      </input_file>
      <input_file id="fl-7a">
         <path>C:\ti\ccsv7\tools\compiler\ti-cgt-msp430_16.9.11.LTS\lib\</path>
         <kind>archive</kind>
         <file>rts430x_lc_rd_eabi.lib</file>
         <name>renormd.obj</name>
      </input_file>
      <input_file id="fl-7b">
         <path>C:\ti\ccsv7\tools\compiler\ti-cgt-msp430_16.9.11.LTS\lib\</path>
         <kind>archive</kind>
         <file>rts430x_lc_rd_eabi.lib</file>
         <name>s_copysign.obj</name>
      </input_file>
   </input_file_list>
   <object_component_list>
      <object_component id="oc-46b">
         <name>.bss:results</name>
         <uninitialized>true</uninitialized>
         <run_address>0x2a7e</run_address>
         <size>0x10</size>
         <input_file_ref idref="fl-2"/>
      </object_component>
      <object_component id="oc-475">
         <name>.bss</name>
         <uninitialized>true</uninitialized>
         <run_address>0x2a8e</run_address>
         <size>0x2</size>
         <input_file_ref idref="fl-6"/>
      </object_component>
      <object_component id="oc-559">
         <name>.data:cc_register</name>
         <load_address>0x2a5e</load_address>
         <run_address>0x2a5e</run_address>
         <size>0x4</size>
         <input_file_ref idref="fl-3"/>
      </object_component>
      <object_component id="oc-562">
         <name>.data:cc_value</name>
         <load_address>0x2a62</load_address>
         <run_address>0x2a62</run_address>
         <size>0x4</size>
         <input_file_ref idref="fl-3"/>
      </object_component>
      <object_component id="oc-448">
         <name>.data:faultInt</name>
         <load_address>0x2a66</load_address>
         <run_address>0x2a66</run_address>
         <size>0x4</size>
         <input_file_ref idref="fl-4"/>
      </object_component>
      <object_component id="oc-54f">
         <name>.data:holdingBuffer_UART</name>
         <load_address>0x2a0c</load_address>
         <run_address>0x2a0c</run_address>
         <size>0x52</size>
         <input_file_ref idref="fl-5"/>
      </object_component>
      <object_component id="oc-479">
         <name>.data:inputI2C$1</name>
         <load_address>0x2a6a</load_address>
         <run_address>0x2a6a</run_address>
         <size>0x4</size>
         <input_file_ref idref="fl-6"/>
      </object_component>
      <object_component id="oc-478">
         <name>.data:outputI2C$2</name>
         <load_address>0x2a72</load_address>
         <run_address>0x2a72</run_address>
         <size>0x4</size>
         <input_file_ref idref="fl-6"/>
      </object_component>
      <object_component id="oc-4fd">
         <name>.data:interruptQueues</name>
         <load_address>0x2400</load_address>
         <run_address>0x2400</run_address>
         <size>0x60c</size>
         <input_file_ref idref="fl-7"/>
      </object_component>
      <object_component id="oc-500">
         <name>.data</name>
         <load_address>0x2a7a</load_address>
         <run_address>0x2a7a</run_address>
         <size>0x2</size>
         <input_file_ref idref="fl-7"/>
      </object_component>
      <object_component id="oc-461">
         <name>.data:inputUART</name>
         <load_address>0x2a6e</load_address>
         <run_address>0x2a6e</run_address>
         <size>0x4</size>
         <input_file_ref idref="fl-8"/>
      </object_component>
      <object_component id="oc-452">
         <name>.data:outputUART</name>
         <load_address>0x2a76</load_address>
         <run_address>0x2a76</run_address>
         <size>0x4</size>
         <input_file_ref idref="fl-8"/>
      </object_component>
      <object_component id="oc-78b">
         <name>.data</name>
         <load_address>0x2a7c</load_address>
         <run_address>0x2a7c</run_address>
         <size>0x2</size>
         <input_file_ref idref="fl-78"/>
      </object_component>
      <object_component id="oc-3bd">
         <name>.stack</name>
         <uninitialized>true</uninitialized>
         <run_address>0x4360</run_address>
         <size>0x4</size>
         <input_file_ref idref="fl-2b"/>
      </object_component>
      <object_component id="oc-834">
         <name>.stack</name>
         <uninitialized>true</uninitialized>
         <run_address>0x4360</run_address>
         <size>0x0</size>
      </object_component>
      <object_component id="oc-5f7">
         <name>.text:__TI_frcdivd</name>
         <load_address>0x10000</load_address>
         <run_address>0x10000</run_address>
         <size>0x4d8</size>
         <input_file_ref idref="fl-35"/>
      </object_component>
      <object_component id="oc-6d1">
         <name>.text:__mspabi_divull</name>
         <load_address>0x104d8</load_address>
         <run_address>0x104d8</run_address>
         <size>0x34e</size>
         <input_file_ref idref="fl-65"/>
      </object_component>
      <object_component id="oc-77f">
         <name>.text:__mspabi_addd</name>
         <load_address>0x10826</load_address>
         <run_address>0x10826</run_address>
         <size>0x2d8</size>
         <input_file_ref idref="fl-76"/>
      </object_component>
      <object_component id="oc-604">
         <name>.text:__TI_frcmpyd</name>
         <load_address>0x10afe</load_address>
         <run_address>0x10afe</run_address>
         <size>0x286</size>
         <input_file_ref idref="fl-6a"/>
      </object_component>
      <object_component id="oc-5db">
         <name>.text:__mspabi_mpyd</name>
         <load_address>0x10d84</load_address>
         <run_address>0x10d84</run_address>
         <size>0x282</size>
         <input_file_ref idref="fl-4e"/>
      </object_component>
      <object_component id="oc-67d">
         <name>.text:_pproc_fgea</name>
         <load_address>0x11006</load_address>
         <run_address>0x11006</run_address>
         <size>0x260</size>
         <input_file_ref idref="fl-5a"/>
      </object_component>
      <object_component id="oc-642">
         <name>.text:_setfield</name>
         <load_address>0x11266</load_address>
         <run_address>0x11266</run_address>
         <size>0x25e</size>
         <input_file_ref idref="fl-5a"/>
      </object_component>
      <object_component id="oc-79e">
         <name>.text:__TI_frcaddd</name>
         <load_address>0x114c4</load_address>
         <run_address>0x114c4</run_address>
         <size>0x252</size>
         <input_file_ref idref="fl-79"/>
      </object_component>
      <object_component id="oc-618">
         <name>.text:__TI_printfi</name>
         <load_address>0x11716</load_address>
         <run_address>0x11716</run_address>
         <size>0x238</size>
         <input_file_ref idref="fl-5a"/>
      </object_component>
      <object_component id="oc-715">
         <name>.text:acvt</name>
         <load_address>0x1194e</load_address>
         <run_address>0x1194e</run_address>
         <size>0x224</size>
         <input_file_ref idref="fl-5a"/>
      </object_component>
      <object_component id="oc-5d5">
         <name>.text:__mspabi_divd</name>
         <load_address>0x11b72</load_address>
         <run_address>0x11b72</run_address>
         <size>0x222</size>
         <input_file_ref idref="fl-30"/>
      </object_component>
      <object_component id="oc-6ee">
         <name>.text:ecvt</name>
         <load_address>0x11d94</load_address>
         <run_address>0x11d94</run_address>
         <size>0x210</size>
         <input_file_ref idref="fl-5a"/>
      </object_component>
      <object_component id="oc-701">
         <name>.text:fcvt</name>
         <load_address>0x11fa4</load_address>
         <run_address>0x11fa4</run_address>
         <size>0x1fe</size>
         <input_file_ref idref="fl-5a"/>
      </object_component>
      <object_component id="oc-4ea">
         <name>.text:process</name>
         <load_address>0x121a2</load_address>
         <run_address>0x121a2</run_address>
         <size>0x1f8</size>
         <input_file_ref idref="fl-3"/>
      </object_component>
      <object_component id="oc-6b7">
         <name>.text:_pconv_e</name>
         <load_address>0x1239a</load_address>
         <run_address>0x1239a</run_address>
         <size>0x1a2</size>
         <input_file_ref idref="fl-5a"/>
      </object_component>
      <object_component id="oc-75f">
         <name>.text:scalbn</name>
         <load_address>0x1253c</load_address>
         <run_address>0x1253c</run_address>
         <size>0x1a0</size>
         <input_file_ref idref="fl-71"/>
      </object_component>
      <object_component id="oc-693">
         <name>.text:_getarg_diouxp</name>
         <load_address>0x126dc</load_address>
         <run_address>0x126dc</run_address>
         <size>0x188</size>
         <input_file_ref idref="fl-5a"/>
      </object_component>
      <object_component id="oc-6bd">
         <name>.text:_pconv_a</name>
         <load_address>0x12864</load_address>
         <run_address>0x12864</run_address>
         <size>0x170</size>
         <input_file_ref idref="fl-5a"/>
      </object_component>
      <object_component id="oc-677">
         <name>.text:_pproc_diouxp</name>
         <load_address>0x129d4</load_address>
         <run_address>0x129d4</run_address>
         <size>0x148</size>
         <input_file_ref idref="fl-5a"/>
      </object_component>
      <object_component id="oc-699">
         <name>.text:_ltostr</name>
         <load_address>0x12b1c</load_address>
         <run_address>0x12b1c</run_address>
         <size>0x128</size>
         <input_file_ref idref="fl-5a"/>
      </object_component>
      <object_component id="oc-6ab">
         <name>.text:_pconv_g</name>
         <load_address>0x12c44</load_address>
         <run_address>0x12c44</run_address>
         <size>0xfc</size>
         <input_file_ref idref="fl-5a"/>
      </object_component>
      <object_component id="oc-63c">
         <name>.text:_pproc_fwp</name>
         <load_address>0x12d40</load_address>
         <run_address>0x12d40</run_address>
         <size>0xfa</size>
         <input_file_ref idref="fl-5a"/>
      </object_component>
      <object_component id="oc-6c3">
         <name>.text:__mspabi_cmpd</name>
         <load_address>0x12e3a</load_address>
         <run_address>0x12e3a</run_address>
         <size>0xd8</size>
         <input_file_ref idref="fl-60"/>
      </object_component>
      <object_component id="oc-44b">
         <name>.text:enqueue</name>
         <load_address>0x12f12</load_address>
         <run_address>0x12f12</run_address>
         <size>0xcc</size>
         <input_file_ref idref="fl-7"/>
      </object_component>
      <object_component id="oc-41d">
         <name>.text:main</name>
         <load_address>0x12fde</load_address>
         <run_address>0x12fde</run_address>
         <size>0xc6</size>
         <input_file_ref idref="fl-a"/>
      </object_component>
      <object_component id="oc-7b7">
         <name>.text:__TI_renormd</name>
         <load_address>0x130a4</load_address>
         <run_address>0x130a4</run_address>
         <size>0xb2</size>
         <input_file_ref idref="fl-7a"/>
      </object_component>
      <object_component id="oc-70f">
         <name>.text:frexp</name>
         <load_address>0x13156</load_address>
         <run_address>0x13156</run_address>
         <size>0xb2</size>
         <input_file_ref idref="fl-70"/>
      </object_component>
      <object_component id="oc-455">
         <name>.text:dequeue</name>
         <load_address>0x13208</load_address>
         <run_address>0x13208</run_address>
         <size>0xac</size>
         <input_file_ref idref="fl-7"/>
      </object_component>
      <object_component id="oc-648">
         <name>.text:_pproc_str</name>
         <load_address>0x132b4</load_address>
         <run_address>0x132b4</run_address>
         <size>0xa6</size>
         <input_file_ref idref="fl-5a"/>
      </object_component>
      <object_component id="oc-735">
         <name>.text:__mspabi_fltlid</name>
         <load_address>0x1335a</load_address>
         <run_address>0x1335a</run_address>
         <size>0x9e</size>
         <input_file_ref idref="fl-69"/>
      </object_component>
      <object_component id="oc-6f4">
         <name>.text:_ecpy</name>
         <load_address>0x133f8</load_address>
         <run_address>0x133f8</run_address>
         <size>0x90</size>
         <input_file_ref idref="fl-5a"/>
      </object_component>
      <object_component id="oc-6fa">
         <name>.text:_mcpy</name>
         <load_address>0x13488</load_address>
         <run_address>0x13488</run_address>
         <size>0x90</size>
         <input_file_ref idref="fl-5a"/>
      </object_component>
      <object_component id="oc-403">
         <name>.text:_auto_init_hold_wdt</name>
         <load_address>0x13518</load_address>
         <run_address>0x13518</run_address>
         <size>0x82</size>
         <input_file_ref idref="fl-5f"/>
      </object_component>
      <object_component id="oc-50b">
         <name>.text:__mspabi_fltuld</name>
         <load_address>0x1359a</load_address>
         <run_address>0x1359a</run_address>
         <size>0x80</size>
         <input_file_ref idref="fl-34"/>
      </object_component>
      <object_component id="oc-72f">
         <name>.text:ltoa</name>
         <load_address>0x1361a</load_address>
         <run_address>0x1361a</run_address>
         <size>0x80</size>
         <input_file_ref idref="fl-6c"/>
      </object_component>
      <object_component id="oc-6b1">
         <name>.text:_pconv_f</name>
         <load_address>0x1369a</load_address>
         <run_address>0x1369a</run_address>
         <size>0x78</size>
         <input_file_ref idref="fl-5a"/>
      </object_component>
      <object_component id="oc-6d">
         <name>.text:decompress:lzss:__TI_decompress_lzss</name>
         <load_address>0x13712</load_address>
         <run_address>0x13712</run_address>
         <size>0x76</size>
         <input_file_ref idref="fl-2d"/>
      </object_component>
      <object_component id="oc-571">
         <name>.text:returnResult</name>
         <load_address>0x13788</load_address>
         <run_address>0x13788</run_address>
         <size>0x76</size>
         <input_file_ref idref="fl-2"/>
      </object_component>
      <object_component id="oc-747">
         <name>.text:__mspabi_fixdli</name>
         <load_address>0x137fe</load_address>
         <run_address>0x137fe</run_address>
         <size>0x66</size>
         <input_file_ref idref="fl-67"/>
      </object_component>
      <object_component id="oc-483">
         <name>.text:copy_in</name>
         <load_address>0x13864</load_address>
         <run_address>0x13864</run_address>
         <size>0x64</size>
         <input_file_ref idref="fl-61"/>
      </object_component>
      <object_component id="oc-669">
         <name>.text:atoi</name>
         <load_address>0x138c8</load_address>
         <run_address>0x138c8</run_address>
         <size>0x62</size>
         <input_file_ref idref="fl-5e"/>
      </object_component>
      <object_component id="oc-57d">
         <name>.text:enterPowerMode</name>
         <load_address>0x1392a</load_address>
         <run_address>0x1392a</run_address>
         <size>0x60</size>
         <input_file_ref idref="fl-4"/>
      </object_component>
      <object_component id="oc-6d7">
         <name>.text</name>
         <load_address>0x1398a</load_address>
         <run_address>0x1398a</run_address>
         <size>0x58</size>
         <input_file_ref idref="fl-64"/>
      </object_component>
      <object_component id="oc-707">
         <name>.text:_fcpy</name>
         <load_address>0x139e2</load_address>
         <run_address>0x139e2</run_address>
         <size>0x4e</size>
         <input_file_ref idref="fl-5a"/>
      </object_component>
      <object_component id="oc-55c">
         <name>.text:Receive</name>
         <load_address>0x13a30</load_address>
         <run_address>0x13a30</run_address>
         <size>0x4c</size>
         <input_file_ref idref="fl-6"/>
      </object_component>
      <object_component id="oc-583">
         <name>.text:clearPin</name>
         <load_address>0x13a7c</load_address>
         <run_address>0x13a7c</run_address>
         <size>0x4a</size>
         <input_file_ref idref="fl-4"/>
      </object_component>
      <object_component id="oc-589">
         <name>.text:setPin</name>
         <load_address>0x13ac6</load_address>
         <run_address>0x13ac6</run_address>
         <size>0x4a</size>
         <input_file_ref idref="fl-4"/>
      </object_component>
      <object_component id="oc-5e2">
         <name>.text:sprintf</name>
         <load_address>0x13b10</load_address>
         <run_address>0x13b10</run_address>
         <size>0x44</size>
         <input_file_ref idref="fl-57"/>
      </object_component>
      <object_component id="oc-4de">
         <name>.text:printString</name>
         <load_address>0x13b54</load_address>
         <run_address>0x13b54</run_address>
         <size>0x42</size>
         <input_file_ref idref="fl-8"/>
      </object_component>
      <object_component id="oc-776">
         <name>.text</name>
         <load_address>0x13b96</load_address>
         <run_address>0x13b96</run_address>
         <size>0x40</size>
         <input_file_ref idref="fl-77"/>
      </object_component>
      <object_component id="oc-627">
         <name>.text:l_asr_const</name>
         <load_address>0x13bd6</load_address>
         <run_address>0x13bd6</run_address>
         <size>0x3e</size>
         <input_file_ref idref="fl-5d"/>
      </object_component>
      <object_component id="oc-5a2">
         <name>.text:l_lsl_const</name>
         <load_address>0x13c14</load_address>
         <run_address>0x13c14</run_address>
         <size>0x3e</size>
         <input_file_ref idref="fl-49"/>
      </object_component>
      <object_component id="oc-5a7">
         <name>.text:l_lsr_const</name>
         <load_address>0x13c52</load_address>
         <run_address>0x13c52</run_address>
         <size>0x3e</size>
         <input_file_ref idref="fl-4a"/>
      </object_component>
      <object_component id="oc-71f">
         <name>.text:__mspabi_sllll</name>
         <load_address>0x13c90</load_address>
         <run_address>0x13c90</run_address>
         <size>0x3a</size>
         <input_file_ref idref="fl-6b"/>
      </object_component>
      <object_component id="oc-6e1">
         <name>.text:__mspabi_srlll</name>
         <load_address>0x13cca</load_address>
         <run_address>0x13cca</run_address>
         <size>0x3a</size>
         <input_file_ref idref="fl-4b"/>
      </object_component>
      <object_component id="oc-73b">
         <name>.text:__mspabi_subd</name>
         <load_address>0x13d04</load_address>
         <run_address>0x13d04</run_address>
         <size>0x32</size>
         <input_file_ref idref="fl-75"/>
      </object_component>
      <object_component id="oc-4b3">
         <name>.text:init_ADC</name>
         <load_address>0x13d36</load_address>
         <run_address>0x13d36</run_address>
         <size>0x30</size>
         <input_file_ref idref="fl-2"/>
      </object_component>
      <object_component id="oc-6a5">
         <name>.text:__mspabi_negd</name>
         <load_address>0x13d66</load_address>
         <run_address>0x13d66</run_address>
         <size>0x2e</size>
         <input_file_ref idref="fl-6f"/>
      </object_component>
      <object_component id="oc-78e">
         <name>.text:copysign</name>
         <load_address>0x13d94</load_address>
         <run_address>0x13d94</run_address>
         <size>0x2e</size>
         <input_file_ref idref="fl-7b"/>
      </object_component>
      <object_component id="oc-4b9">
         <name>.text:init_I2C_B0</name>
         <load_address>0x13dc2</load_address>
         <run_address>0x13dc2</run_address>
         <size>0x2c</size>
         <input_file_ref idref="fl-6"/>
      </object_component>
      <object_component id="oc-4ad">
         <name>.text:init_UART_A1</name>
         <load_address>0x13dee</load_address>
         <run_address>0x13dee</run_address>
         <size>0x2c</size>
         <input_file_ref idref="fl-8"/>
      </object_component>
      <object_component id="oc-565">
         <name>.text:Transmit</name>
         <load_address>0x13e1a</load_address>
         <run_address>0x13e1a</run_address>
         <size>0x28</size>
         <input_file_ref idref="fl-6"/>
      </object_component>
      <object_component id="oc-741">
         <name>.text:__mspabi_fixdi</name>
         <load_address>0x13e42</load_address>
         <run_address>0x13e42</run_address>
         <size>0x28</size>
         <input_file_ref idref="fl-66"/>
      </object_component>
      <object_component id="oc-8f">
         <name>.text:decompress:ZI:__TI_zero_init</name>
         <load_address>0x13e6a</load_address>
         <run_address>0x13e6a</run_address>
         <size>0x24</size>
         <input_file_ref idref="fl-2f"/>
      </object_component>
      <object_component id="oc-622">
         <name>.text</name>
         <load_address>0x13e8e</load_address>
         <run_address>0x13e8e</run_address>
         <size>0x24</size>
         <input_file_ref idref="fl-54"/>
      </object_component>
      <object_component id="oc-60c">
         <name>.text:_outs</name>
         <load_address>0x13eb2</load_address>
         <run_address>0x13eb2</run_address>
         <size>0x20</size>
         <input_file_ref idref="fl-57"/>
      </object_component>
      <object_component id="oc-4d1">
         <name>.text:addToBuffer_UART</name>
         <load_address>0x13ed2</load_address>
         <run_address>0x13ed2</run_address>
         <size>0x20</size>
         <input_file_ref idref="fl-5"/>
      </object_component>
      <object_component id="oc-683">
         <name>.text:memccpy</name>
         <load_address>0x13ef2</load_address>
         <run_address>0x13ef2</run_address>
         <size>0x1e</size>
         <input_file_ref idref="fl-6d"/>
      </object_component>
      <object_component id="oc-577">
         <name>.text:myAtoi</name>
         <load_address>0x13f10</load_address>
         <run_address>0x13f10</run_address>
         <size>0x1e</size>
         <input_file_ref idref="fl-9"/>
      </object_component>
      <object_component id="oc-4c5">
         <name>.text:setInputPins</name>
         <load_address>0x13f2e</load_address>
         <run_address>0x13f2e</run_address>
         <size>0x1e</size>
         <input_file_ref idref="fl-4"/>
      </object_component>
      <object_component id="oc-765">
         <name>.text:strchr</name>
         <load_address>0x13f4c</load_address>
         <run_address>0x13f4c</run_address>
         <size>0x1c</size>
         <input_file_ref idref="fl-73"/>
      </object_component>
      <object_component id="oc-4d7">
         <name>.text:removeFromBuffer_UART</name>
         <load_address>0x13f68</load_address>
         <run_address>0x13f68</run_address>
         <size>0x1a</size>
         <input_file_ref idref="fl-5"/>
      </object_component>
      <object_component id="oc-4bf">
         <name>.text:setOutputPins</name>
         <load_address>0x13f82</load_address>
         <run_address>0x13f82</run_address>
         <size>0x1a</size>
         <input_file_ref idref="fl-4"/>
      </object_component>
      <object_component id="oc-4f8">
         <name>.text</name>
         <load_address>0x13f9c</load_address>
         <run_address>0x13f9c</run_address>
         <size>0x18</size>
         <input_file_ref idref="fl-51"/>
      </object_component>
      <object_component id="oc-66f">
         <name>.text:memset</name>
         <load_address>0x13fb4</load_address>
         <run_address>0x13fb4</run_address>
         <size>0x16</size>
         <input_file_ref idref="fl-6e"/>
      </object_component>
      <object_component id="oc-6dc">
         <name>.text</name>
         <load_address>0x13fca</load_address>
         <run_address>0x13fca</run_address>
         <size>0x16</size>
         <input_file_ref idref="fl-63"/>
      </object_component>
      <object_component id="oc-56b">
         <name>.text:startADC</name>
         <load_address>0x13fe0</load_address>
         <run_address>0x13fe0</run_address>
         <size>0x16</size>
         <input_file_ref idref="fl-2"/>
      </object_component>
      <object_component id="oc-612">
         <name>.text:_outc</name>
         <load_address>0x13ff6</load_address>
         <run_address>0x13ff6</run_address>
         <size>0x14</size>
         <input_file_ref idref="fl-57"/>
      </object_component>
      <object_component id="oc-3cc">
         <name>.text:memcpy</name>
         <load_address>0x1400a</load_address>
         <run_address>0x1400a</run_address>
         <size>0x14</size>
         <input_file_ref idref="fl-4c"/>
      </object_component>
      <object_component id="oc-73">
         <name>.text:decompress:none:__TI_decompress_none</name>
         <load_address>0x1401e</load_address>
         <run_address>0x1401e</run_address>
         <size>0x12</size>
         <input_file_ref idref="fl-2e"/>
      </object_component>
      <object_component id="oc-4cb">
         <name>.text:toupper</name>
         <load_address>0x14030</load_address>
         <run_address>0x14030</run_address>
         <size>0x12</size>
         <input_file_ref idref="fl-58"/>
      </object_component>
      <object_component id="oc-4e4">
         <name>.text:emptyBuffer_UART</name>
         <load_address>0x14042</load_address>
         <run_address>0x14042</run_address>
         <size>0x10</size>
         <input_file_ref idref="fl-5"/>
      </object_component>
      <object_component id="oc-7b2">
         <name>.text:l_asr</name>
         <load_address>0x14052</load_address>
         <run_address>0x14052</run_address>
         <size>0x10</size>
         <input_file_ref idref="fl-5d"/>
      </object_component>
      <object_component id="oc-7ad">
         <name>.text:l_lsl</name>
         <load_address>0x14062</load_address>
         <run_address>0x14062</run_address>
         <size>0x10</size>
         <input_file_ref idref="fl-49"/>
      </object_component>
      <object_component id="oc-725">
         <name>.text:l_lsr</name>
         <load_address>0x14072</load_address>
         <run_address>0x14072</run_address>
         <size>0x10</size>
         <input_file_ref idref="fl-4a"/>
      </object_component>
      <object_component id="oc-636">
         <name>.text:strlen</name>
         <load_address>0x14082</load_address>
         <run_address>0x14082</run_address>
         <size>0xe</size>
         <input_file_ref idref="fl-74"/>
      </object_component>
      <object_component id="oc-76b">
         <name>.text:__mspabi_fltid</name>
         <load_address>0x14090</load_address>
         <run_address>0x14090</run_address>
         <size>0xc</size>
         <input_file_ref idref="fl-68"/>
      </object_component>
      <object_component id="oc-45b">
         <name>.text:force_UART_A1_Output</name>
         <load_address>0x1409c</load_address>
         <run_address>0x1409c</run_address>
         <size>0xc</size>
         <input_file_ref idref="fl-8"/>
      </object_component>
      <object_component id="oc-74e">
         <name>.text:abs</name>
         <load_address>0x140a8</load_address>
         <run_address>0x140a8</run_address>
         <size>0xa</size>
         <input_file_ref idref="fl-5b"/>
      </object_component>
      <object_component id="oc-465">
         <name>.text:__mspabi_fltud</name>
         <load_address>0x140b2</load_address>
         <run_address>0x140b2</run_address>
         <size>0x6</size>
         <input_file_ref idref="fl-33"/>
      </object_component>
      <object_component id="oc-425">
         <name>.text:abort</name>
         <load_address>0x140b8</load_address>
         <run_address>0x140b8</run_address>
         <size>0x6</size>
         <input_file_ref idref="fl-31"/>
      </object_component>
      <object_component id="oc-46f">
         <name>.text:getOutputCountI2C</name>
         <load_address>0x140be</load_address>
         <run_address>0x140be</run_address>
         <size>0x6</size>
         <input_file_ref idref="fl-7"/>
      </object_component>
      <object_component id="oc-3fd">
         <name>.text:_system_pre_init</name>
         <load_address>0x140c4</load_address>
         <run_address>0x140c4</run_address>
         <size>0x4</size>
         <input_file_ref idref="fl-56"/>
      </object_component>
      <object_component id="oc-489">
         <name>.text:_system_post_cinit</name>
         <load_address>0x140c8</load_address>
         <run_address>0x140c8</run_address>
         <size>0x2</size>
         <input_file_ref idref="fl-72"/>
      </object_component>
      <object_component id="oc-3f0">
         <name>.text:_isr:USCI_B0_ISR</name>
         <load_address>0x4400</load_address>
         <run_address>0x4400</run_address>
         <size>0x72</size>
         <input_file_ref idref="fl-6"/>
      </object_component>
      <object_component id="oc-3ea">
         <name>.text:_isr:ADC12ISR</name>
         <load_address>0x4472</load_address>
         <run_address>0x4472</run_address>
         <size>0x44</size>
         <input_file_ref idref="fl-2"/>
      </object_component>
      <object_component id="oc-3e4">
         <name>.text:_isr:USCI_A1_ISR</name>
         <load_address>0x44b6</load_address>
         <run_address>0x44b6</run_address>
         <size>0x3a</size>
         <input_file_ref idref="fl-8"/>
      </object_component>
      <object_component id="oc-ad">
         <name>.text:_isr:_c_int00_noargs_noexit</name>
         <load_address>0x44f0</load_address>
         <run_address>0x44f0</run_address>
         <size>0x1a</size>
         <input_file_ref idref="fl-2c"/>
      </object_component>
      <object_component id="oc-3de">
         <name>.text:_isr:Port_2</name>
         <load_address>0x450a</load_address>
         <run_address>0x450a</run_address>
         <size>0x14</size>
         <input_file_ref idref="fl-4"/>
      </object_component>
      <object_component id="oc-3d9">
         <name>.text:_isr:__TI_ISR_TRAP</name>
         <load_address>0x451e</load_address>
         <run_address>0x451e</run_address>
         <size>0x8</size>
         <input_file_ref idref="fl-48"/>
      </object_component>
      <object_component id="oc-833">
         <name>.cinit..data.load</name>
         <load_address>0x4906</load_address>
         <run_address>0x4906</run_address>
         <size>0x14</size>
      </object_component>
      <object_component id="oc-830">
         <name>__TI_handler_table</name>
         <load_address>0x491a</load_address>
         <run_address>0x491a</run_address>
         <size>0xc</size>
      </object_component>
      <object_component id="oc-832">
         <name>.cinit..bss.load</name>
         <load_address>0x4926</load_address>
         <run_address>0x4926</run_address>
         <size>0x6</size>
      </object_component>
      <object_component id="oc-831">
         <name>__TI_cinit_table</name>
         <load_address>0x492c</load_address>
         <run_address>0x492c</run_address>
         <size>0x10</size>
      </object_component>
      <object_component id="oc-558">
         <name>.const:.string</name>
         <load_address>0x4526</load_address>
         <run_address>0x4526</run_address>
         <size>0x24a</size>
         <input_file_ref idref="fl-3"/>
      </object_component>
      <object_component id="oc-54a">
         <name>.const:.string:_ctypes_</name>
         <load_address>0x4770</load_address>
         <run_address>0x4770</run_address>
         <size>0x101</size>
         <input_file_ref idref="fl-62"/>
      </object_component>
      <object_component id="oc-5eb">
         <name>.const:.string</name>
         <load_address>0x4872</load_address>
         <run_address>0x4872</run_address>
         <size>0x34</size>
         <input_file_ref idref="fl-4"/>
      </object_component>
      <object_component id="oc-4dd">
         <name>.const:.string</name>
         <load_address>0x48a6</load_address>
         <run_address>0x48a6</run_address>
         <size>0x30</size>
         <input_file_ref idref="fl-a"/>
      </object_component>
      <object_component id="oc-676">
         <name>.const:.string</name>
         <load_address>0x48d6</load_address>
         <run_address>0x48d6</run_address>
         <size>0x26</size>
         <input_file_ref idref="fl-5a"/>
      </object_component>
      <object_component id="oc-5e1">
         <name>.const:.string</name>
         <load_address>0x48fc</load_address>
         <run_address>0x48fc</run_address>
         <size>0x6</size>
         <input_file_ref idref="fl-2"/>
      </object_component>
      <object_component id="oc-4aa">
         <name>.const:$P$T0$1</name>
         <load_address>0x4902</load_address>
         <run_address>0x4902</run_address>
         <size>0x4</size>
         <input_file_ref idref="fl-a"/>
      </object_component>
      <object_component id="oc-7ca">
         <name>.binit</name>
         <load_address>0x4400</load_address>
         <run_address>0x4400</run_address>
         <size>0x0</size>
      </object_component>
      <object_component id="oc-79">
         <name>.int41</name>
         <load_address>0xffd2</load_address>
         <run_address>0xffd2</run_address>
         <size>0x2</size>
         <input_file_ref idref="fl-36"/>
      </object_component>
      <object_component id="oc-7a">
         <name>.int42</name>
         <load_address>0xffd4</load_address>
         <run_address>0xffd4</run_address>
         <size>0x2</size>
         <input_file_ref idref="fl-4"/>
      </object_component>
      <object_component id="oc-7b">
         <name>.int43</name>
         <load_address>0xffd6</load_address>
         <run_address>0xffd6</run_address>
         <size>0x2</size>
         <input_file_ref idref="fl-37"/>
      </object_component>
      <object_component id="oc-7c">
         <name>.int44</name>
         <load_address>0xffd8</load_address>
         <run_address>0xffd8</run_address>
         <size>0x2</size>
         <input_file_ref idref="fl-38"/>
      </object_component>
      <object_component id="oc-7d">
         <name>.int45</name>
         <load_address>0xffda</load_address>
         <run_address>0xffda</run_address>
         <size>0x2</size>
         <input_file_ref idref="fl-39"/>
      </object_component>
      <object_component id="oc-7e">
         <name>.int46</name>
         <load_address>0xffdc</load_address>
         <run_address>0xffdc</run_address>
         <size>0x2</size>
         <input_file_ref idref="fl-8"/>
      </object_component>
      <object_component id="oc-7f">
         <name>.int47</name>
         <load_address>0xffde</load_address>
         <run_address>0xffde</run_address>
         <size>0x2</size>
         <input_file_ref idref="fl-3a"/>
      </object_component>
      <object_component id="oc-80">
         <name>.int48</name>
         <load_address>0xffe0</load_address>
         <run_address>0xffe0</run_address>
         <size>0x2</size>
         <input_file_ref idref="fl-3b"/>
      </object_component>
      <object_component id="oc-81">
         <name>.int49</name>
         <load_address>0xffe2</load_address>
         <run_address>0xffe2</run_address>
         <size>0x2</size>
         <input_file_ref idref="fl-3c"/>
      </object_component>
      <object_component id="oc-82">
         <name>.int50</name>
         <load_address>0xffe4</load_address>
         <run_address>0xffe4</run_address>
         <size>0x2</size>
         <input_file_ref idref="fl-3d"/>
      </object_component>
      <object_component id="oc-83">
         <name>.int51</name>
         <load_address>0xffe6</load_address>
         <run_address>0xffe6</run_address>
         <size>0x2</size>
         <input_file_ref idref="fl-3e"/>
      </object_component>
      <object_component id="oc-84">
         <name>.int52</name>
         <load_address>0xffe8</load_address>
         <run_address>0xffe8</run_address>
         <size>0x2</size>
         <input_file_ref idref="fl-3f"/>
      </object_component>
      <object_component id="oc-85">
         <name>.int53</name>
         <load_address>0xffea</load_address>
         <run_address>0xffea</run_address>
         <size>0x2</size>
         <input_file_ref idref="fl-40"/>
      </object_component>
      <object_component id="oc-86">
         <name>.int54</name>
         <load_address>0xffec</load_address>
         <run_address>0xffec</run_address>
         <size>0x2</size>
         <input_file_ref idref="fl-2"/>
      </object_component>
      <object_component id="oc-87">
         <name>.int55</name>
         <load_address>0xffee</load_address>
         <run_address>0xffee</run_address>
         <size>0x2</size>
         <input_file_ref idref="fl-6"/>
      </object_component>
      <object_component id="oc-88">
         <name>.int56</name>
         <load_address>0xfff0</load_address>
         <run_address>0xfff0</run_address>
         <size>0x2</size>
         <input_file_ref idref="fl-41"/>
      </object_component>
      <object_component id="oc-89">
         <name>.int57</name>
         <load_address>0xfff2</load_address>
         <run_address>0xfff2</run_address>
         <size>0x2</size>
         <input_file_ref idref="fl-42"/>
      </object_component>
      <object_component id="oc-8a">
         <name>.int58</name>
         <load_address>0xfff4</load_address>
         <run_address>0xfff4</run_address>
         <size>0x2</size>
         <input_file_ref idref="fl-43"/>
      </object_component>
      <object_component id="oc-8b">
         <name>.int59</name>
         <load_address>0xfff6</load_address>
         <run_address>0xfff6</run_address>
         <size>0x2</size>
         <input_file_ref idref="fl-44"/>
      </object_component>
      <object_component id="oc-8c">
         <name>.int60</name>
         <load_address>0xfff8</load_address>
         <run_address>0xfff8</run_address>
         <size>0x2</size>
         <input_file_ref idref="fl-45"/>
      </object_component>
      <object_component id="oc-8d">
         <name>.int61</name>
         <load_address>0xfffa</load_address>
         <run_address>0xfffa</run_address>
         <size>0x2</size>
         <input_file_ref idref="fl-46"/>
      </object_component>
      <object_component id="oc-8e">
         <name>.int62</name>
         <load_address>0xfffc</load_address>
         <run_address>0xfffc</run_address>
         <size>0x2</size>
         <input_file_ref idref="fl-47"/>
      </object_component>
      <object_component id="oc-3c0">
         <name>.reset</name>
         <load_address>0xfffe</load_address>
         <run_address>0xfffe</run_address>
         <size>0x2</size>
         <input_file_ref idref="fl-2b"/>
      </object_component>
      <object_component id="oc-514">
         <name>.debug_info</name>
         <load_address>0x0</load_address>
         <run_address>0x0</run_address>
         <size>0x334</size>
         <input_file_ref idref="fl-2"/>
      </object_component>
      <object_component id="oc-46c">
         <name>.debug_info</name>
         <load_address>0x334</load_address>
         <run_address>0x334</run_address>
         <size>0xbf</size>
         <input_file_ref idref="fl-2"/>
      </object_component>
      <object_component id="oc-4b4">
         <name>.debug_info</name>
         <load_address>0x3f3</load_address>
         <run_address>0x3f3</run_address>
         <size>0xea</size>
         <input_file_ref idref="fl-2"/>
      </object_component>
      <object_component id="oc-56c">
         <name>.debug_info</name>
         <load_address>0x4dd</load_address>
         <run_address>0x4dd</run_address>
         <size>0xea</size>
         <input_file_ref idref="fl-2"/>
      </object_component>
      <object_component id="oc-573">
         <name>.debug_info</name>
         <load_address>0x5c7</load_address>
         <run_address>0x5c7</run_address>
         <size>0x1be</size>
         <input_file_ref idref="fl-2"/>
      </object_component>
      <object_component id="oc-3eb">
         <name>.debug_info</name>
         <load_address>0x785</load_address>
         <run_address>0x785</run_address>
         <size>0x115</size>
         <input_file_ref idref="fl-2"/>
      </object_component>
      <object_component id="oc-3c7">
         <name>.debug_info</name>
         <load_address>0x89a</load_address>
         <run_address>0x89a</run_address>
         <size>0x84</size>
         <input_file_ref idref="fl-2"/>
      </object_component>
      <object_component id="oc-650">
         <name>.debug_info</name>
         <load_address>0x91e</load_address>
         <run_address>0x91e</run_address>
         <size>0x2c</size>
         <input_file_ref idref="fl-2"/>
      </object_component>
      <object_component id="oc-590">
         <name>.debug_info</name>
         <load_address>0x94a</load_address>
         <run_address>0x94a</run_address>
         <size>0x2aa</size>
         <input_file_ref idref="fl-3"/>
      </object_component>
      <object_component id="oc-55a">
         <name>.debug_info</name>
         <load_address>0xbf4</load_address>
         <run_address>0xbf4</run_address>
         <size>0xd0</size>
         <input_file_ref idref="fl-3"/>
      </object_component>
      <object_component id="oc-563">
         <name>.debug_info</name>
         <load_address>0xcc4</load_address>
         <run_address>0xcc4</run_address>
         <size>0xca</size>
         <input_file_ref idref="fl-3"/>
      </object_component>
      <object_component id="oc-4ec">
         <name>.debug_info</name>
         <load_address>0xd8e</load_address>
         <run_address>0xd8e</run_address>
         <size>0x4d5</size>
         <input_file_ref idref="fl-3"/>
      </object_component>
      <object_component id="oc-43b">
         <name>.debug_info</name>
         <load_address>0x1263</load_address>
         <run_address>0x1263</run_address>
         <size>0x2c</size>
         <input_file_ref idref="fl-3"/>
      </object_component>
      <object_component id="oc-591">
         <name>.debug_info</name>
         <load_address>0x128f</load_address>
         <run_address>0x128f</run_address>
         <size>0xa9</size>
         <input_file_ref idref="fl-3"/>
      </object_component>
      <object_component id="oc-47b">
         <name>.debug_info</name>
         <load_address>0x1338</load_address>
         <run_address>0x1338</run_address>
         <size>0x8b</size>
         <input_file_ref idref="fl-3"/>
      </object_component>
      <object_component id="oc-59d">
         <name>.debug_info</name>
         <load_address>0x13c3</load_address>
         <run_address>0x13c3</run_address>
         <size>0xa2</size>
         <input_file_ref idref="fl-3"/>
      </object_component>
      <object_component id="oc-449">
         <name>.debug_info</name>
         <load_address>0x1465</load_address>
         <run_address>0x1465</run_address>
         <size>0xc2</size>
         <input_file_ref idref="fl-4"/>
      </object_component>
      <object_component id="oc-4c0">
         <name>.debug_info</name>
         <load_address>0x1527</load_address>
         <run_address>0x1527</run_address>
         <size>0xf7</size>
         <input_file_ref idref="fl-4"/>
      </object_component>
      <object_component id="oc-4c6">
         <name>.debug_info</name>
         <load_address>0x161e</load_address>
         <run_address>0x161e</run_address>
         <size>0xf5</size>
         <input_file_ref idref="fl-4"/>
      </object_component>
      <object_component id="oc-58a">
         <name>.debug_info</name>
         <load_address>0x1713</load_address>
         <run_address>0x1713</run_address>
         <size>0x140</size>
         <input_file_ref idref="fl-4"/>
      </object_component>
      <object_component id="oc-584">
         <name>.debug_info</name>
         <load_address>0x1853</load_address>
         <run_address>0x1853</run_address>
         <size>0x144</size>
         <input_file_ref idref="fl-4"/>
      </object_component>
      <object_component id="oc-57e">
         <name>.debug_info</name>
         <load_address>0x1997</load_address>
         <run_address>0x1997</run_address>
         <size>0x140</size>
         <input_file_ref idref="fl-4"/>
      </object_component>
      <object_component id="oc-3df">
         <name>.debug_info</name>
         <load_address>0x1ad7</load_address>
         <run_address>0x1ad7</run_address>
         <size>0xf8</size>
         <input_file_ref idref="fl-4"/>
      </object_component>
      <object_component id="oc-557">
         <name>.debug_info</name>
         <load_address>0x1bcf</load_address>
         <run_address>0x1bcf</run_address>
         <size>0x131</size>
         <input_file_ref idref="fl-5"/>
      </object_component>
      <object_component id="oc-550">
         <name>.debug_info</name>
         <load_address>0x1d00</load_address>
         <run_address>0x1d00</run_address>
         <size>0xdf</size>
         <input_file_ref idref="fl-5"/>
      </object_component>
      <object_component id="oc-4d2">
         <name>.debug_info</name>
         <load_address>0x1ddf</load_address>
         <run_address>0x1ddf</run_address>
         <size>0x132</size>
         <input_file_ref idref="fl-5"/>
      </object_component>
      <object_component id="oc-4d9">
         <name>.debug_info</name>
         <load_address>0x1f11</load_address>
         <run_address>0x1f11</run_address>
         <size>0x126</size>
         <input_file_ref idref="fl-5"/>
      </object_component>
      <object_component id="oc-4e5">
         <name>.debug_info</name>
         <load_address>0x2037</load_address>
         <run_address>0x2037</run_address>
         <size>0x133</size>
         <input_file_ref idref="fl-5"/>
      </object_component>
      <object_component id="oc-5c5">
         <name>.debug_info</name>
         <load_address>0x216a</load_address>
         <run_address>0x216a</run_address>
         <size>0x62</size>
         <input_file_ref idref="fl-5"/>
      </object_component>
      <object_component id="oc-476">
         <name>.debug_info</name>
         <load_address>0x21cc</load_address>
         <run_address>0x21cc</run_address>
         <size>0xc7</size>
         <input_file_ref idref="fl-6"/>
      </object_component>
      <object_component id="oc-4ba">
         <name>.debug_info</name>
         <load_address>0x2293</load_address>
         <run_address>0x2293</run_address>
         <size>0xf0</size>
         <input_file_ref idref="fl-6"/>
      </object_component>
      <object_component id="oc-566">
         <name>.debug_info</name>
         <load_address>0x2383</load_address>
         <run_address>0x2383</run_address>
         <size>0xf5</size>
         <input_file_ref idref="fl-6"/>
      </object_component>
      <object_component id="oc-55d">
         <name>.debug_info</name>
         <load_address>0x2478</load_address>
         <run_address>0x2478</run_address>
         <size>0xf3</size>
         <input_file_ref idref="fl-6"/>
      </object_component>
      <object_component id="oc-3f1">
         <name>.debug_info</name>
         <load_address>0x256b</load_address>
         <run_address>0x256b</run_address>
         <size>0x170</size>
         <input_file_ref idref="fl-6"/>
      </object_component>
      <object_component id="oc-504">
         <name>.debug_info</name>
         <load_address>0x26db</load_address>
         <run_address>0x26db</run_address>
         <size>0x181</size>
         <input_file_ref idref="fl-7"/>
      </object_component>
      <object_component id="oc-4fe">
         <name>.debug_info</name>
         <load_address>0x285c</load_address>
         <run_address>0x285c</run_address>
         <size>0xd1</size>
         <input_file_ref idref="fl-7"/>
      </object_component>
      <object_component id="oc-501">
         <name>.debug_info</name>
         <load_address>0x292d</load_address>
         <run_address>0x292d</run_address>
         <size>0xcf</size>
         <input_file_ref idref="fl-7"/>
      </object_component>
      <object_component id="oc-470">
         <name>.debug_info</name>
         <load_address>0x29fc</load_address>
         <run_address>0x29fc</run_address>
         <size>0x106</size>
         <input_file_ref idref="fl-7"/>
      </object_component>
      <object_component id="oc-44c">
         <name>.debug_info</name>
         <load_address>0x2b02</load_address>
         <run_address>0x2b02</run_address>
         <size>0x238</size>
         <input_file_ref idref="fl-7"/>
      </object_component>
      <object_component id="oc-457">
         <name>.debug_info</name>
         <load_address>0x2d3a</load_address>
         <run_address>0x2d3a</run_address>
         <size>0x1e2</size>
         <input_file_ref idref="fl-7"/>
      </object_component>
      <object_component id="oc-555">
         <name>.debug_info</name>
         <load_address>0x2f1c</load_address>
         <run_address>0x2f1c</run_address>
         <size>0x30e</size>
         <input_file_ref idref="fl-8"/>
      </object_component>
      <object_component id="oc-462">
         <name>.debug_info</name>
         <load_address>0x322a</load_address>
         <run_address>0x322a</run_address>
         <size>0xc4</size>
         <input_file_ref idref="fl-8"/>
      </object_component>
      <object_component id="oc-453">
         <name>.debug_info</name>
         <load_address>0x32ee</load_address>
         <run_address>0x32ee</run_address>
         <size>0xc6</size>
         <input_file_ref idref="fl-8"/>
      </object_component>
      <object_component id="oc-4ae">
         <name>.debug_info</name>
         <load_address>0x33b4</load_address>
         <run_address>0x33b4</run_address>
         <size>0xf5</size>
         <input_file_ref idref="fl-8"/>
      </object_component>
      <object_component id="oc-45c">
         <name>.debug_info</name>
         <load_address>0x34a9</load_address>
         <run_address>0x34a9</run_address>
         <size>0x127</size>
         <input_file_ref idref="fl-8"/>
      </object_component>
      <object_component id="oc-4df">
         <name>.debug_info</name>
         <load_address>0x35d0</load_address>
         <run_address>0x35d0</run_address>
         <size>0x13f</size>
         <input_file_ref idref="fl-8"/>
      </object_component>
      <object_component id="oc-3e5">
         <name>.debug_info</name>
         <load_address>0x370f</load_address>
         <run_address>0x370f</run_address>
         <size>0x12b</size>
         <input_file_ref idref="fl-8"/>
      </object_component>
      <object_component id="oc-5ea">
         <name>.debug_info</name>
         <load_address>0x383a</load_address>
         <run_address>0x383a</run_address>
         <size>0x11f</size>
         <input_file_ref idref="fl-9"/>
      </object_component>
      <object_component id="oc-578">
         <name>.debug_info</name>
         <load_address>0x3959</load_address>
         <run_address>0x3959</run_address>
         <size>0x14b</size>
         <input_file_ref idref="fl-9"/>
      </object_component>
      <object_component id="oc-544">
         <name>.debug_info</name>
         <load_address>0x3aa4</load_address>
         <run_address>0x3aa4</run_address>
         <size>0x39e</size>
         <input_file_ref idref="fl-a"/>
      </object_component>
      <object_component id="oc-4ab">
         <name>.debug_info</name>
         <load_address>0x3e42</load_address>
         <run_address>0x3e42</run_address>
         <size>0xc0</size>
         <input_file_ref idref="fl-a"/>
      </object_component>
      <object_component id="oc-41e">
         <name>.debug_info</name>
         <load_address>0x3f02</load_address>
         <run_address>0x3f02</run_address>
         <size>0x266</size>
         <input_file_ref idref="fl-a"/>
      </object_component>
      <object_component id="oc-3be">
         <name>.debug_info</name>
         <load_address>0x4168</load_address>
         <run_address>0x4168</run_address>
         <size>0x101</size>
         <input_file_ref idref="fl-2b"/>
      </object_component>
      <object_component id="oc-b1">
         <name>.debug_info</name>
         <load_address>0x4269</load_address>
         <run_address>0x4269</run_address>
         <size>0x1a2</size>
         <input_file_ref idref="fl-2c"/>
      </object_component>
      <object_component id="oc-438">
         <name>.debug_info</name>
         <load_address>0x440b</load_address>
         <run_address>0x440b</run_address>
         <size>0x17c</size>
         <input_file_ref idref="fl-2d"/>
      </object_component>
      <object_component id="oc-70">
         <name>.debug_info</name>
         <load_address>0x4587</load_address>
         <run_address>0x4587</run_address>
         <size>0x251</size>
         <input_file_ref idref="fl-2d"/>
      </object_component>
      <object_component id="oc-3c2">
         <name>.debug_info</name>
         <load_address>0x47d8</load_address>
         <run_address>0x47d8</run_address>
         <size>0x60</size>
         <input_file_ref idref="fl-2d"/>
      </object_component>
      <object_component id="oc-433">
         <name>.debug_info</name>
         <load_address>0x4838</load_address>
         <run_address>0x4838</run_address>
         <size>0x46</size>
         <input_file_ref idref="fl-2d"/>
      </object_component>
      <object_component id="oc-3d8">
         <name>.debug_info</name>
         <load_address>0x487e</load_address>
         <run_address>0x487e</run_address>
         <size>0x1d2</size>
         <input_file_ref idref="fl-2e"/>
      </object_component>
      <object_component id="oc-76">
         <name>.debug_info</name>
         <load_address>0x4a50</load_address>
         <run_address>0x4a50</run_address>
         <size>0x1d4</size>
         <input_file_ref idref="fl-2e"/>
      </object_component>
      <object_component id="oc-3d3">
         <name>.debug_info</name>
         <load_address>0x4c24</load_address>
         <run_address>0x4c24</run_address>
         <size>0x46</size>
         <input_file_ref idref="fl-2e"/>
      </object_component>
      <object_component id="oc-442">
         <name>.debug_info</name>
         <load_address>0x4c6a</load_address>
         <run_address>0x4c6a</run_address>
         <size>0x2c</size>
         <input_file_ref idref="fl-2e"/>
      </object_component>
      <object_component id="oc-3fc">
         <name>.debug_info</name>
         <load_address>0x4c96</load_address>
         <run_address>0x4c96</run_address>
         <size>0x180</size>
         <input_file_ref idref="fl-2f"/>
      </object_component>
      <object_component id="oc-90">
         <name>.debug_info</name>
         <load_address>0x4e16</load_address>
         <run_address>0x4e16</run_address>
         <size>0x1c6</size>
         <input_file_ref idref="fl-2f"/>
      </object_component>
      <object_component id="oc-3f7">
         <name>.debug_info</name>
         <load_address>0x4fdc</load_address>
         <run_address>0x4fdc</run_address>
         <size>0x46</size>
         <input_file_ref idref="fl-2f"/>
      </object_component>
      <object_component id="oc-603">
         <name>.debug_info</name>
         <load_address>0x5022</load_address>
         <run_address>0x5022</run_address>
         <size>0x212</size>
         <input_file_ref idref="fl-30"/>
      </object_component>
      <object_component id="oc-5d7">
         <name>.debug_info</name>
         <load_address>0x5234</load_address>
         <run_address>0x5234</run_address>
         <size>0x253</size>
         <input_file_ref idref="fl-30"/>
      </object_component>
      <object_component id="oc-5fe">
         <name>.debug_info</name>
         <load_address>0x5487</load_address>
         <run_address>0x5487</run_address>
         <size>0x94</size>
         <input_file_ref idref="fl-30"/>
      </object_component>
      <object_component id="oc-427">
         <name>.debug_info</name>
         <load_address>0x551b</load_address>
         <run_address>0x551b</run_address>
         <size>0x123</size>
         <input_file_ref idref="fl-31"/>
      </object_component>
      <object_component id="oc-466">
         <name>.debug_info</name>
         <load_address>0x563e</load_address>
         <run_address>0x563e</run_address>
         <size>0x167</size>
         <input_file_ref idref="fl-33"/>
      </object_component>
      <object_component id="oc-5ad">
         <name>.debug_info</name>
         <load_address>0x57a5</load_address>
         <run_address>0x57a5</run_address>
         <size>0x1e0</size>
         <input_file_ref idref="fl-34"/>
      </object_component>
      <object_component id="oc-50c">
         <name>.debug_info</name>
         <load_address>0x5985</load_address>
         <run_address>0x5985</run_address>
         <size>0x1c2</size>
         <input_file_ref idref="fl-34"/>
      </object_component>
      <object_component id="oc-62d">
         <name>.debug_info</name>
         <load_address>0x5b47</load_address>
         <run_address>0x5b47</run_address>
         <size>0x1e7</size>
         <input_file_ref idref="fl-35"/>
      </object_component>
      <object_component id="oc-5f9">
         <name>.debug_info</name>
         <load_address>0x5d2e</load_address>
         <run_address>0x5d2e</run_address>
         <size>0x634</size>
         <input_file_ref idref="fl-35"/>
      </object_component>
      <object_component id="oc-3da">
         <name>.debug_info</name>
         <load_address>0x6362</load_address>
         <run_address>0x6362</run_address>
         <size>0x113</size>
         <input_file_ref idref="fl-48"/>
      </object_component>
      <object_component id="oc-7af">
         <name>.debug_info</name>
         <load_address>0x6475</load_address>
         <run_address>0x6475</run_address>
         <size>0x124</size>
         <input_file_ref idref="fl-49"/>
      </object_component>
      <object_component id="oc-5a5">
         <name>.debug_info</name>
         <load_address>0x6599</load_address>
         <run_address>0x6599</run_address>
         <size>0x12a</size>
         <input_file_ref idref="fl-49"/>
      </object_component>
      <object_component id="oc-726">
         <name>.debug_info</name>
         <load_address>0x66c3</load_address>
         <run_address>0x66c3</run_address>
         <size>0x124</size>
         <input_file_ref idref="fl-4a"/>
      </object_component>
      <object_component id="oc-5a8">
         <name>.debug_info</name>
         <load_address>0x67e7</load_address>
         <run_address>0x67e7</run_address>
         <size>0x12a</size>
         <input_file_ref idref="fl-4a"/>
      </object_component>
      <object_component id="oc-6e2">
         <name>.debug_info</name>
         <load_address>0x6911</load_address>
         <run_address>0x6911</run_address>
         <size>0x189</size>
         <input_file_ref idref="fl-4b"/>
      </object_component>
[...]
      </symbol>
      <symbol id="sm-56b">
         <name>__TI_decompress_none</name>
         <value>0x1401e</value>
         <object_component_ref idref="oc-73"/>
      </symbol>
      <symbol id="sm-57e">
         <name>__TI_zero_init</name>
         <value>0x13e6a</value>
         <object_component_ref idref="oc-8f"/>
      </symbol>
      <symbol id="sm-5a4">
         <name>__mspabi_divd</name>
         <value>0x11b72</value>
         <object_component_ref idref="oc-5d5"/>
      </symbol>
      <symbol id="sm-5ae">
         <name>C$$EXIT</name>
         <value>0x140b8</value>
         <object_component_ref idref="oc-425"/>
      </symbol>
      <symbol id="sm-5af">
         <name>abort</name>
         <value>0x140b8</value>
         <object_component_ref idref="oc-425"/>
      </symbol>
      <symbol id="sm-5b9">
         <name>__mspabi_fltud</name>
         <value>0x140b2</value>
         <object_component_ref idref="oc-465"/>
      </symbol>
      <symbol id="sm-5ce">
         <name>__mspabi_fltuld</name>
         <value>0x1359a</value>
         <object_component_ref idref="oc-50b"/>
      </symbol>
      <symbol id="sm-5ea">
         <name>__TI_frcdivd</name>
         <value>0x10000</value>
         <object_component_ref idref="oc-5f7"/>
      </symbol>
      <symbol id="sm-5ed">
         <name>__TI_int41</name>
         <value>0xffd2</value>
         <object_component_ref idref="oc-79"/>
      </symbol>
      <symbol id="sm-5f0">
         <name>__TI_int43</name>
         <value>0xffd6</value>
         <object_component_ref idref="oc-7b"/>
      </symbol>
      <symbol id="sm-5f3">
         <name>__TI_int44</name>
         <value>0xffd8</value>
         <object_component_ref idref="oc-7c"/>
      </symbol>
      <symbol id="sm-5f6">
         <name>__TI_int45</name>
         <value>0xffda</value>
         <object_component_ref idref="oc-7d"/>
      </symbol>
      <symbol id="sm-5f9">
         <name>__TI_int47</name>
         <value>0xffde</value>
         <object_component_ref idref="oc-7f"/>
      </symbol>
      <symbol id="sm-5fc">
         <name>__TI_int48</name>
         <value>0xffe0</value>
         <object_component_ref idref="oc-80"/>
      </symbol>
      <symbol id="sm-5ff">
         <name>__TI_int49</name>
         <value>0xffe2</value>
         <object_component_ref idref="oc-81"/>
      </symbol>
      <symbol id="sm-602">
         <name>__TI_int50</name>
         <value>0xffe4</value>
         <object_component_ref idref="oc-82"/>
      </symbol>
      <symbol id="sm-605">
         <name>__TI_int51</name>
         <value>0xffe6</value>
         <object_component_ref idref="oc-83"/>
      </symbol>
      <symbol id="sm-608">
         <name>__TI_int52</name>
         <value>0xffe8</value>
         <object_component_ref idref="oc-84"/>
      </symbol>
      <symbol id="sm-60b">
         <name>__TI_int53</name>
         <value>0xffea</value>
         <object_component_ref idref="oc-85"/>
      </symbol>
      <symbol id="sm-60e">
         <name>__TI_int56</name>
         <value>0xfff0</value>
         <object_component_ref idref="oc-88"/>
      </symbol>
      <symbol id="sm-611">
         <name>__TI_int57</name>
         <value>0xfff2</value>
         <object_component_ref idref="oc-89"/>
      </symbol>
      <symbol id="sm-614">
         <name>__TI_int58</name>
         <value>0xfff4</value>
         <object_component_ref idref="oc-8a"/>
      </symbol>
      <symbol id="sm-617">
         <name>__TI_int59</name>
         <value>0xfff6</value>
         <object_component_ref idref="oc-8b"/>
      </symbol>
      <symbol id="sm-61a">
         <name>__TI_int60</name>
         <value>0xfff8</value>
         <object_component_ref idref="oc-8c"/>
      </symbol>
      <symbol id="sm-61d">
         <name>__TI_int61</name>
         <value>0xfffa</value>
         <object_component_ref idref="oc-8d"/>
      </symbol>
      <symbol id="sm-620">
         <name>__TI_int62</name>
         <value>0xfffc</value>
         <object_component_ref idref="oc-8e"/>
      </symbol>
      <symbol id="sm-628">
         <name>__TI_ISR_TRAP</name>
         <value>0x451e</value>
         <object_component_ref idref="oc-3d9"/>
      </symbol>
      <symbol id="sm-638">
         <name>__mspabi_slll_9</name>
         <value>0x13c2c</value>
         <object_component_ref idref="oc-5a2"/>
      </symbol>
      <symbol id="sm-639">
         <name>__mspabi_slll_8</name>
         <value>0x13c30</value>
         <object_component_ref idref="oc-5a2"/>
      </symbol>
      <symbol id="sm-63a">
         <name>__mspabi_slll_7</name>
         <value>0x13c34</value>
         <object_component_ref idref="oc-5a2"/>
      </symbol>
      <symbol id="sm-63b">
         <name>__mspabi_slll_6</name>
         <value>0x13c38</value>
         <object_component_ref idref="oc-5a2"/>
      </symbol>
      <symbol id="sm-63c">
         <name>__mspabi_slll_5</name>
         <value>0x13c3c</value>
         <object_component_ref idref="oc-5a2"/>
      </symbol>
      <symbol id="sm-63d">
         <name>__mspabi_slll_4</name>
         <value>0x13c40</value>
         <object_component_ref idref="oc-5a2"/>
      </symbol>
      <symbol id="sm-63e">
         <name>__mspabi_slll_3</name>
         <value>0x13c44</value>
         <object_component_ref idref="oc-5a2"/>
      </symbol>
      <symbol id="sm-63f">
         <name>__mspabi_slll_2</name>
         <value>0x13c48</value>
         <object_component_ref idref="oc-5a2"/>
      </symbol>
      <symbol id="sm-640">
         <name>__mspabi_slll_1</name>
         <value>0x13c4c</value>
         <object_component_ref idref="oc-5a2"/>
      </symbol>
      <symbol id="sm-641">
         <name>__mspabi_slll</name>
         <value>0x14062</value>
         <object_component_ref idref="oc-7ad"/>
      </symbol>
      <symbol id="sm-642">
         <name>__mspabi_slll_15</name>
         <value>0x13c14</value>
         <object_component_ref idref="oc-5a2"/>
      </symbol>
      <symbol id="sm-643">
         <name>__mspabi_slll_14</name>
         <value>0x13c18</value>
         <object_component_ref idref="oc-5a2"/>
      </symbol>
      <symbol id="sm-644">
         <name>__mspabi_slll_13</name>
         <value>0x13c1c</value>
         <object_component_ref idref="oc-5a2"/>
      </symbol>
      <symbol id="sm-645">
         <name>__mspabi_slll_12</name>
         <value>0x13c20</value>
         <object_component_ref idref="oc-5a2"/>
      </symbol>
      <symbol id="sm-646">
         <name>__mspabi_slll_11</name>
         <value>0x13c24</value>
         <object_component_ref idref="oc-5a2"/>
      </symbol>
      <symbol id="sm-647">
         <name>__mspabi_slll_10</name>
         <value>0x13c28</value>
         <object_component_ref idref="oc-5a2"/>
      </symbol>
      <symbol id="sm-657">
         <name>__mspabi_srll_8</name>
         <value>0x13c6e</value>
         <object_component_ref idref="oc-5a7"/>
      </symbol>
      <symbol id="sm-658">
         <name>__mspabi_srll_9</name>
         <value>0x13c6a</value>
         <object_component_ref idref="oc-5a7"/>
      </symbol>
      <symbol id="sm-659">
         <name>__mspabi_srll_6</name>
         <value>0x13c76</value>
         <object_component_ref idref="oc-5a7"/>
      </symbol>
      <symbol id="sm-65a">
         <name>__mspabi_srll_7</name>
         <value>0x13c72</value>
         <object_component_ref idref="oc-5a7"/>
      </symbol>
      <symbol id="sm-65b">
         <name>__mspabi_srll_4</name>
         <value>0x13c7e</value>
         <object_component_ref idref="oc-5a7"/>
      </symbol>
      <symbol id="sm-65c">
         <name>__mspabi_srll_5</name>
         <value>0x13c7a</value>
         <object_component_ref idref="oc-5a7"/>
      </symbol>
      <symbol id="sm-65d">
         <name>__mspabi_srll_2</name>
         <value>0x13c86</value>
         <object_component_ref idref="oc-5a7"/>
      </symbol>
      <symbol id="sm-65e">
         <name>__mspabi_srll_3</name>
         <value>0x13c82</value>
         <object_component_ref idref="oc-5a7"/>
      </symbol>
      <symbol id="sm-65f">
         <name>__mspabi_srll_1</name>
         <value>0x13c8a</value>
         <object_component_ref idref="oc-5a7"/>
      </symbol>
      <symbol id="sm-660">
         <name>__mspabi_srll_15</name>
         <value>0x13c52</value>
         <object_component_ref idref="oc-5a7"/>
      </symbol>
      <symbol id="sm-661">
         <name>__mspabi_srll_14</name>
         <value>0x13c56</value>
         <object_component_ref idref="oc-5a7"/>
      </symbol>
      <symbol id="sm-662">
         <name>__mspabi_srll_13</name>
         <value>0x13c5a</value>
         <object_component_ref idref="oc-5a7"/>
      </symbol>
      <symbol id="sm-663">
         <name>__mspabi_srll_12</name>
         <value>0x13c5e</value>
         <object_component_ref idref="oc-5a7"/>
      </symbol>
      <symbol id="sm-664">
         <name>__mspabi_srll_11</name>
         <value>0x13c62</value>
         <object_component_ref idref="oc-5a7"/>
      </symbol>
      <symbol id="sm-665">
         <name>__mspabi_srll_10</name>
         <value>0x13c66</value>
         <object_component_ref idref="oc-5a7"/>
      </symbol>
      <symbol id="sm-666">
         <name>__mspabi_srll</name>
         <value>0x14072</value>
         <object_component_ref idref="oc-725"/>
      </symbol>
      <symbol id="sm-673">
         <name>__mspabi_srlll</name>
         <value>0x13cca</value>
         <object_component_ref idref="oc-6e1"/>
      </symbol>
      <symbol id="sm-681">
         <name>memcpy</name>
         <value>0x1400a</value>
         <object_component_ref idref="oc-3cc"/>
      </symbol>
      <symbol id="sm-6a2">
         <name>__mspabi_mpyd</name>
         <value>0x10d84</value>
         <object_component_ref idref="oc-5db"/>
      </symbol>
      <symbol id="sm-6ac">
         <name>__mspabi_mpyi_f5hw</name>
         <value>0x13f9c</value>
         <object_component_ref idref="oc-4f8"/>
      </symbol>
      <symbol id="sm-6b6">
         <name>__mspabi_mpyl_f5hw</name>
         <value>0x13e8e</value>
         <object_component_ref idref="oc-622"/>
      </symbol>
      <symbol id="sm-6c0">
         <name>_system_pre_init</name>
         <value>0x140c4</value>
         <object_component_ref idref="oc-3fd"/>
      </symbol>
      <symbol id="sm-6e1">
         <name>sprintf</name>
         <value>0x13b10</value>
         <object_component_ref idref="oc-5e2"/>
      </symbol>
      <symbol id="sm-6ee">
         <name>toupper</name>
         <value>0x14030</value>
         <object_component_ref idref="oc-4cb"/>
      </symbol>
      <symbol id="sm-897">
         <name>__TI_printfi</name>
         <value>0x11716</value>
         <object_component_ref idref="oc-618"/>
      </symbol>
      <symbol id="sm-8a1">
         <name>abs</name>
         <value>0x140a8</value>
         <object_component_ref idref="oc-74e"/>
      </symbol>
      <symbol id="sm-8b2">
         <name>__mspabi_sral</name>
         <value>0x14052</value>
         <object_component_ref idref="oc-7b2"/>
      </symbol>
      <symbol id="sm-8b3">
         <name>__mspabi_sral_15</name>
         <value>0x13bd6</value>
         <object_component_ref idref="oc-627"/>
      </symbol>
      <symbol id="sm-8b4">
         <name>__mspabi_sral_14</name>
         <value>0x13bda</value>
         <object_component_ref idref="oc-627"/>
      </symbol>
      <symbol id="sm-8b5">
         <name>__mspabi_sral_13</name>
         <value>0x13bde</value>
         <object_component_ref idref="oc-627"/>
      </symbol>
      <symbol id="sm-8b6">
         <name>__mspabi_sral_12</name>
         <value>0x13be2</value>
         <object_component_ref idref="oc-627"/>
      </symbol>
      <symbol id="sm-8b7">
         <name>__mspabi_sral_11</name>
         <value>0x13be6</value>
         <object_component_ref idref="oc-627"/>
      </symbol>
      <symbol id="sm-8b8">
         <name>__mspabi_sral_10</name>
         <value>0x13bea</value>
         <object_component_ref idref="oc-627"/>
      </symbol>
      <symbol id="sm-8b9">
         <name>__mspabi_sral_8</name>
         <value>0x13bf2</value>
         <object_component_ref idref="oc-627"/>
      </symbol>
      <symbol id="sm-8ba">
         <name>__mspabi_sral_9</name>
         <value>0x13bee</value>
         <object_component_ref idref="oc-627"/>
      </symbol>
      <symbol id="sm-8bb">
         <name>__mspabi_sral_6</name>
         <value>0x13bfa</value>
         <object_component_ref idref="oc-627"/>
      </symbol>
      <symbol id="sm-8bc">
         <name>__mspabi_sral_7</name>
         <value>0x13bf6</value>
         <object_component_ref idref="oc-627"/>
      </symbol>
      <symbol id="sm-8bd">
         <name>__mspabi_sral_4</name>
         <value>0x13c02</value>
         <object_component_ref idref="oc-627"/>
      </symbol>
      <symbol id="sm-8be">
         <name>__mspabi_sral_5</name>
         <value>0x13bfe</value>
         <object_component_ref idref="oc-627"/>
      </symbol>
      <symbol id="sm-8bf">
         <name>__mspabi_sral_2</name>
         <value>0x13c0a</value>
         <object_component_ref idref="oc-627"/>
      </symbol>
      <symbol id="sm-8c0">
         <name>__mspabi_sral_3</name>
         <value>0x13c06</value>
         <object_component_ref idref="oc-627"/>
      </symbol>
      <symbol id="sm-8c1">
         <name>__mspabi_sral_1</name>
         <value>0x13c0e</value>
         <object_component_ref idref="oc-627"/>
      </symbol>
      <symbol id="sm-8d4">
         <name>atoi</name>
         <value>0x138c8</value>
         <object_component_ref idref="oc-669"/>
      </symbol>
      <symbol id="sm-8f6">
         <name>_auto_init_hold_wdt</name>
         <value>0x13518</value>
         <object_component_ref idref="oc-403"/>
      </symbol>
      <symbol id="sm-910">
         <name>__mspabi_cmpd</name>
         <value>0x12e3a</value>
         <object_component_ref idref="oc-6c3"/>
      </symbol>
      <symbol id="sm-926">
         <name>copy_in</name>
         <value>0x13864</value>
         <object_component_ref idref="oc-483"/>
      </symbol>
      <symbol id="sm-930">
         <name>_ctypes_</name>
         <value>0x4770</value>
         <object_component_ref idref="oc-54a"/>
      </symbol>
      <symbol id="sm-93a">
         <name>__mspabi_remu</name>
         <value>0x13fca</value>
         <object_component_ref idref="oc-6dc"/>
      </symbol>
      <symbol id="sm-93b">
         <name>__mspabi_divu</name>
         <value>0x13fca</value>
         <object_component_ref idref="oc-6dc"/>
      </symbol>
      <symbol id="sm-949">
         <name>__mspabi_remul</name>
         <value>0x1398a</value>
         <object_component_ref idref="oc-6d7"/>
      </symbol>
      <symbol id="sm-94a">
         <name>__mspabi_divul</name>
         <value>0x1398a</value>
         <object_component_ref idref="oc-6d7"/>
      </symbol>
      <symbol id="sm-97d">
         <name>__mspabi_divull</name>
         <value>0x104d8</value>
         <object_component_ref idref="oc-6d1"/>
      </symbol>
      <symbol id="sm-98a">
         <name>__mspabi_fixdi</name>
         <value>0x13e42</value>
         <object_component_ref idref="oc-741"/>
      </symbol>
      <symbol id="sm-999">
         <name>__mspabi_fixdli</name>
         <value>0x137fe</value>
         <object_component_ref idref="oc-747"/>
      </symbol>
      <symbol id="sm-9a2">
         <name>__mspabi_fltid</name>
         <value>0x14090</value>
         <object_component_ref idref="oc-76b"/>
      </symbol>
      <symbol id="sm-9ba">
         <name>__mspabi_fltlid</name>
         <value>0x1335a</value>
         <object_component_ref idref="oc-735"/>
      </symbol>
      <symbol id="sm-9cb">
         <name>__TI_frcmpyd</name>
         <value>0x10afe</value>
         <object_component_ref idref="oc-604"/>
      </symbol>
      <symbol id="sm-9d8">
         <name>__mspabi_sllll</name>
         <value>0x13c90</value>
         <object_component_ref idref="oc-71f"/>
      </symbol>
      <symbol id="sm-9e7">
         <name>ltoa</name>
         <value>0x1361a</value>
         <object_component_ref idref="oc-72f"/>
      </symbol>
      <symbol id="sm-9f6">
         <name>memccpy</name>
         <value>0x13ef2</value>
         <object_component_ref idref="oc-683"/>
      </symbol>
      <symbol id="sm-a04">
         <name>memset</name>
         <value>0x13fb4</value>
         <object_component_ref idref="oc-66f"/>
      </symbol>
      <symbol id="sm-a0d">
         <name>__mspabi_negd</name>
         <value>0x13d66</value>
         <object_component_ref idref="oc-6a5"/>
      </symbol>
      <symbol id="sm-a24">
         <name>frexpl</name>
         <value>0x13156</value>
         <object_component_ref idref="oc-70f"/>
      </symbol>
      <symbol id="sm-a25">
         <name>frexp</name>
         <value>0x13156</value>
         <object_component_ref idref="oc-70f"/>
      </symbol>
      <symbol id="sm-a3f">
         <name>scalbn</name>
         <value>0x1253c</value>
         <object_component_ref idref="oc-75f"/>
      </symbol>
      <symbol id="sm-a40">
         <name>scalbnl</name>
         <value>0x1253c</value>
         <object_component_ref idref="oc-75f"/>
      </symbol>
      <symbol id="sm-a41">
         <name>ldexpl</name>
         <value>0x1253c</value>
         <object_component_ref idref="oc-75f"/>
      </symbol>
      <symbol id="sm-a42">
         <name>ldexp</name>
         <value>0x1253c</value>
         <object_component_ref idref="oc-75f"/>
      </symbol>
      <symbol id="sm-a4b">
         <name>_system_post_cinit</name>
         <value>0x140c8</value>
         <object_component_ref idref="oc-489"/>
      </symbol>
      <symbol id="sm-a5a">
         <name>strchr</name>
         <value>0x13f4c</value>
         <object_component_ref idref="oc-765"/>
      </symbol>
      <symbol id="sm-a67">
         <name>strlen</name>
         <value>0x14082</value>
         <object_component_ref idref="oc-636"/>
      </symbol>
      <symbol id="sm-a70">
         <name>__mspabi_subd</name>
         <value>0x13d04</value>
         <object_component_ref idref="oc-73b"/>
      </symbol>
      <symbol id="sm-a92">
         <name>__mspabi_addd</name>
         <value>0x10826</value>
         <object_component_ref idref="oc-77f"/>
      </symbol>
      <symbol id="sm-a9e">
         <name>__mspabi_remli</name>
         <value>0x13b96</value>
         <object_component_ref idref="oc-776"/>
      </symbol>
      <symbol id="sm-a9f">
         <name>__mspabi_divli</name>
         <value>0x13b96</value>
         <object_component_ref idref="oc-776"/>
      </symbol>
      <symbol id="sm-aa6">
         <name>errno</name>
         <value>0x2a7c</value>
         <object_component_ref idref="oc-78b"/>
      </symbol>
      <symbol id="sm-ac7">
         <name>__TI_frcaddd</name>
         <value>0x114c4</value>
         <object_component_ref idref="oc-79e"/>
      </symbol>
      <symbol id="sm-adb">
         <name>__TI_renormd</name>
         <value>0x130a4</value>
         <object_component_ref idref="oc-7b7"/>
      </symbol>
      <symbol id="sm-ae4">
         <name>copysign</name>
         <value>0x13d94</value>
         <object_component_ref idref="oc-78e"/>
      </symbol>
      <symbol id="sm-ae5">
         <name>copysignl</name>
         <value>0x13d94</value>
         <object_component_ref idref="oc-78e"/>
      </symbol>
      <symbol id="sm-ae7">
         <name>__TI_BINIT_Base</name>
         <value>0x0</value>
      </symbol>
      <symbol id="sm-ae8">
         <name>__TI_BINIT_Limit</name>
         <value>0x0</value>
      </symbol>
      <symbol id="sm-ae9">
         <name>__TI_INITARRAY_Base</name>
         <value>0x0</value>
      </symbol>
      <symbol id="sm-aea">
         <name>__TI_INITARRAY_Limit</name>
         <value>0x0</value>
      </symbol>
   </symbol_table>
   <title>Link successful</title>
</link_info>
